Component: Arm Compiler for Embedded 6.21 Tool: armlink [5ec1fa00]

==============================================================================

Section Cross References

    startup_stm32h750xx.o(RESET) refers to startup_stm32h750xx.o(STACK) for __initial_sp
    startup_stm32h750xx.o(RESET) refers to startup_stm32h750xx.o(.text) for Reset_Handler
    startup_stm32h750xx.o(RESET) refers to lto-llvm-609ead.o(.text.NMI_Handler) for NMI_Handler
    startup_stm32h750xx.o(RESET) refers to lto-llvm-609ead.o(.text.HardFault_Handler) for HardFault_Handler
    startup_stm32h750xx.o(RESET) refers to lto-llvm-609ead.o(.text.MemManage_Handler) for MemManage_Handler
    startup_stm32h750xx.o(RESET) refers to lto-llvm-609ead.o(.text.BusFault_Handler) for BusFault_Handler
    startup_stm32h750xx.o(RESET) refers to lto-llvm-609ead.o(.text.UsageFault_Handler) for UsageFault_Handler
    startup_stm32h750xx.o(RESET) refers to lto-llvm-609ead.o(.text.SVC_Handler) for SVC_Handler
    startup_stm32h750xx.o(RESET) refers to lto-llvm-609ead.o(.text.DebugMon_Handler) for DebugMon_Handler
    startup_stm32h750xx.o(RESET) refers to lto-llvm-609ead.o(.text.PendSV_Handler) for PendSV_Handler
    startup_stm32h750xx.o(RESET) refers to lto-llvm-609ead.o(.text.SysTick_Handler) for SysTick_Handler
    startup_stm32h750xx.o(.text) refers to lto-llvm-609ead.o(.text.SystemInit) for SystemInit
    startup_stm32h750xx.o(.text) refers to entry.o(.ARM.Collect$$$$00000000) for __main
    entry.o(.ARM.Collect$$$$00000000) refers (Special) to entry10a.o(.ARM.Collect$$$$0000000D) for __rt_final_cpp
    entry.o(.ARM.Collect$$$$00000000) refers (Special) to entry11a.o(.ARM.Collect$$$$0000000F) for __rt_final_exit
    entry.o(.ARM.Collect$$$$00000000) refers (Special) to entry7b.o(.ARM.Collect$$$$00000008) for _main_clock
    entry.o(.ARM.Collect$$$$00000000) refers (Special) to entry8b.o(.ARM.Collect$$$$0000000A) for _main_cpp_init
    entry.o(.ARM.Collect$$$$00000000) refers (Special) to entry9a.o(.ARM.Collect$$$$0000000B) for _main_init
    entry.o(.ARM.Collect$$$$00000000) refers (Special) to entry5.o(.ARM.Collect$$$$00000004) for _main_scatterload
    entry.o(.ARM.Collect$$$$00000000) refers (Special) to entry2.o(.ARM.Collect$$$$00000001) for _main_stk
    entry2.o(.ARM.Collect$$$$00000001) refers to entry2.o(.ARM.Collect$$$$00002712) for __lit__00000000
    entry2.o(.ARM.Collect$$$$00002712) refers to startup_stm32h750xx.o(STACK) for __initial_sp
    entry2.o(__vectab_stack_and_reset_area) refers to startup_stm32h750xx.o(STACK) for __initial_sp
    entry2.o(__vectab_stack_and_reset_area) refers to entry.o(.ARM.Collect$$$$00000000) for __main
    entry5.o(.ARM.Collect$$$$00000004) refers to init.o(.text) for __scatterload
    entry9a.o(.ARM.Collect$$$$0000000B) refers to lto-llvm-609ead.o(.text.main) for main
    entry9b.o(.ARM.Collect$$$$0000000C) refers to lto-llvm-609ead.o(.text.main) for main
    init.o(.text) refers to entry5.o(.ARM.Collect$$$$00000004) for __main_after_scatterload
    lto-llvm-609ead.o(.text.main) refers to lto-llvm-609ead.o(.text.HAL_RCC_GetSysClockFreq) for HAL_RCC_GetSysClockFreq
    lto-llvm-609ead.o(.text.main) refers to lto-llvm-609ead.o(.rodata.cst16) for D1CorePrescTable
    lto-llvm-609ead.o(.text.main) refers to lto-llvm-609ead.o(.data.SystemCoreClock) for SystemCoreClock
    lto-llvm-609ead.o(.text.main) refers to lto-llvm-609ead.o(.bss.uwTickPrio) for uwTickPrio
    lto-llvm-609ead.o(.text.main) refers to memseta.o(.text) for __aeabi_memclr4
    lto-llvm-609ead.o(.text.main) refers to lto-llvm-609ead.o(.bss.uwTick) for uwTick
    lto-llvm-609ead.o(.text.main) refers to lto-llvm-609ead.o(.text.RCCEx_PLL2_Config) for RCCEx_PLL2_Config
    lto-llvm-609ead.o(.text.main) refers to lto-llvm-609ead.o(.text.RCCEx_PLL3_Config) for RCCEx_PLL3_Config
    lto-llvm-609ead.o(.text.main) refers to lto-llvm-609ead.o(.text.HAL_GPIO_Init) for HAL_GPIO_Init
    lto-llvm-609ead.o(.text.main) refers to lto-llvm-609ead.o(.bss.huart1) for huart1
    lto-llvm-609ead.o(.text.main) refers to lto-llvm-609ead.o(.rodata..Lswitch.table.UART_SetConfig.5) for .Lswitch.table.UART_SetConfig.5
    lto-llvm-609ead.o(.text.main) refers to lto-llvm-609ead.o(.rodata..Lswitch.table.UART_SetConfig.7) for .Lswitch.table.UART_SetConfig.7
    lto-llvm-609ead.o(.text.main) refers to lto-llvm-609ead.o(.text.HAL_RCCEx_GetPLL2ClockFreq) for HAL_RCCEx_GetPLL2ClockFreq
    lto-llvm-609ead.o(.text.main) refers to lto-llvm-609ead.o(.text.HAL_RCCEx_GetPLL3ClockFreq) for HAL_RCCEx_GetPLL3ClockFreq
    lto-llvm-609ead.o(.text.main) refers to lto-llvm-609ead.o(.rodata.UARTPrescTable) for UARTPrescTable
    lto-llvm-609ead.o(.text.main) refers to uldiv.o(.text) for __aeabi_uldivmod
    lto-llvm-609ead.o(.text.main) refers to lto-llvm-609ead.o(.text.UART_WaitOnFlagUntilTimeout) for UART_WaitOnFlagUntilTimeout
    lto-llvm-609ead.o(.text.main) refers to lto-llvm-609ead.o(.rodata.cst8) for UARTEx_SetNbDataToProcess.numerator
    lto-llvm-609ead.o(.text.main) refers to lto-llvm-609ead.o(.bss.hqspi) for hqspi
    lto-llvm-609ead.o(.text.main) refers to lto-llvm-609ead.o(.text.QSPI_W25Qxx_Reset) for QSPI_W25Qxx_Reset
    lto-llvm-609ead.o(.text.main) refers to lto-llvm-609ead.o(.text.HAL_QSPI_Command) for HAL_QSPI_Command
    lto-llvm-609ead.o(.text.main) refers to lto-llvm-609ead.o(.text.QSPI_Config) for QSPI_Config
    lto-llvm-609ead.o(.text.main) refers to lto-llvm-609ead.o(.bss.JumpToApplication) for JumpToApplication
    lto-llvm-609ead.o(.ARM.exidx.text.main) refers to lto-llvm-609ead.o(.text.main) for [Anonymous Symbol]
    lto-llvm-609ead.o(.ARM.exidx.text.NMI_Handler) refers to lto-llvm-609ead.o(.text.NMI_Handler) for [Anonymous Symbol]
    lto-llvm-609ead.o(.ARM.exidx.text.HardFault_Handler) refers to lto-llvm-609ead.o(.text.HardFault_Handler) for [Anonymous Symbol]
    lto-llvm-609ead.o(.ARM.exidx.text.MemManage_Handler) refers to lto-llvm-609ead.o(.text.MemManage_Handler) for [Anonymous Symbol]
    lto-llvm-609ead.o(.ARM.exidx.text.BusFault_Handler) refers to lto-llvm-609ead.o(.text.BusFault_Handler) for [Anonymous Symbol]
    lto-llvm-609ead.o(.ARM.exidx.text.UsageFault_Handler) refers to lto-llvm-609ead.o(.text.UsageFault_Handler) for [Anonymous Symbol]
    lto-llvm-609ead.o(.ARM.exidx.text.SVC_Handler) refers to lto-llvm-609ead.o(.text.SVC_Handler) for [Anonymous Symbol]
    lto-llvm-609ead.o(.ARM.exidx.text.DebugMon_Handler) refers to lto-llvm-609ead.o(.text.DebugMon_Handler) for [Anonymous Symbol]
    lto-llvm-609ead.o(.ARM.exidx.text.PendSV_Handler) refers to lto-llvm-609ead.o(.text.PendSV_Handler) for [Anonymous Symbol]
    lto-llvm-609ead.o(.text.SysTick_Handler) refers to lto-llvm-609ead.o(.bss.uwTick) for uwTick
    lto-llvm-609ead.o(.ARM.exidx.text.SysTick_Handler) refers to lto-llvm-609ead.o(.text.SysTick_Handler) for [Anonymous Symbol]
    lto-llvm-609ead.o(.text.fputc) refers to lto-llvm-609ead.o(.bss.huart1) for huart1
    lto-llvm-609ead.o(.text.fputc) refers to lto-llvm-609ead.o(.bss.uwTick) for uwTick
    lto-llvm-609ead.o(.text.fputc) refers to lto-llvm-609ead.o(.text.UART_WaitOnFlagUntilTimeout) for UART_WaitOnFlagUntilTimeout
    lto-llvm-609ead.o(.ARM.exidx.text.fputc) refers to lto-llvm-609ead.o(.text.fputc) for [Anonymous Symbol]
    lto-llvm-609ead.o(.text.QSPI_W25Qxx_Reset) refers to lto-llvm-609ead.o(.text.HAL_QSPI_Command) for HAL_QSPI_Command
    lto-llvm-609ead.o(.text.QSPI_W25Qxx_Reset) refers to lto-llvm-609ead.o(.text.HAL_QSPI_AutoPolling) for HAL_QSPI_AutoPolling
    lto-llvm-609ead.o(.ARM.exidx.text.QSPI_W25Qxx_Reset) refers to lto-llvm-609ead.o(.text.QSPI_W25Qxx_Reset) for [Anonymous Symbol]
    lto-llvm-609ead.o(.text.HAL_QSPI_Command) refers to lto-llvm-609ead.o(.bss.uwTick) for uwTick
    lto-llvm-609ead.o(.text.HAL_QSPI_Command) refers to lto-llvm-609ead.o(.bss.hqspi) for hqspi
    lto-llvm-609ead.o(.text.HAL_QSPI_Command) refers to lto-llvm-609ead.o(.text.QSPI_Config) for QSPI_Config
    lto-llvm-609ead.o(.ARM.exidx.text.HAL_QSPI_Command) refers to lto-llvm-609ead.o(.text.HAL_QSPI_Command) for [Anonymous Symbol]
    lto-llvm-609ead.o(.text.QSPI_Config) refers to lto-llvm-609ead.o(.bss.hqspi) for hqspi
    lto-llvm-609ead.o(.ARM.exidx.text.QSPI_Config) refers to lto-llvm-609ead.o(.text.QSPI_Config) for [Anonymous Symbol]
    lto-llvm-609ead.o(.text.HAL_QSPI_AutoPolling) refers to lto-llvm-609ead.o(.bss.uwTick) for uwTick
    lto-llvm-609ead.o(.text.HAL_QSPI_AutoPolling) refers to lto-llvm-609ead.o(.bss.hqspi) for hqspi
    lto-llvm-609ead.o(.text.HAL_QSPI_AutoPolling) refers to lto-llvm-609ead.o(.text.QSPI_Config) for QSPI_Config
    lto-llvm-609ead.o(.ARM.exidx.text.HAL_QSPI_AutoPolling) refers to lto-llvm-609ead.o(.text.HAL_QSPI_AutoPolling) for [Anonymous Symbol]
    lto-llvm-609ead.o(.ARM.exidx.text.HAL_RCC_GetSysClockFreq) refers to lto-llvm-609ead.o(.text.HAL_RCC_GetSysClockFreq) for [Anonymous Symbol]
    lto-llvm-609ead.o(.text.RCCEx_PLL2_Config) refers to lto-llvm-609ead.o(.bss.uwTick) for uwTick
    lto-llvm-609ead.o(.ARM.exidx.text.RCCEx_PLL2_Config) refers to lto-llvm-609ead.o(.text.RCCEx_PLL2_Config) for [Anonymous Symbol]
    lto-llvm-609ead.o(.text.RCCEx_PLL3_Config) refers to lto-llvm-609ead.o(.bss.uwTick) for uwTick
    lto-llvm-609ead.o(.ARM.exidx.text.RCCEx_PLL3_Config) refers to lto-llvm-609ead.o(.text.RCCEx_PLL3_Config) for [Anonymous Symbol]
    lto-llvm-609ead.o(.ARM.exidx.text.HAL_RCCEx_GetPLL2ClockFreq) refers to lto-llvm-609ead.o(.text.HAL_RCCEx_GetPLL2ClockFreq) for [Anonymous Symbol]
    lto-llvm-609ead.o(.ARM.exidx.text.HAL_RCCEx_GetPLL3ClockFreq) refers to lto-llvm-609ead.o(.text.HAL_RCCEx_GetPLL3ClockFreq) for [Anonymous Symbol]
    lto-llvm-609ead.o(.ARM.exidx.text.HAL_GPIO_Init) refers to lto-llvm-609ead.o(.text.HAL_GPIO_Init) for [Anonymous Symbol]
    lto-llvm-609ead.o(.text.UART_WaitOnFlagUntilTimeout) refers to lto-llvm-609ead.o(.bss.uwTick) for uwTick
    lto-llvm-609ead.o(.ARM.exidx.text.UART_WaitOnFlagUntilTimeout) refers to lto-llvm-609ead.o(.text.UART_WaitOnFlagUntilTimeout) for [Anonymous Symbol]
    lto-llvm-609ead.o(.ARM.exidx.text.SystemInit) refers to lto-llvm-609ead.o(.text.SystemInit) for [Anonymous Symbol]
    uldiv.o(.text) refers to llushr.o(.text) for __aeabi_llsr
    uldiv.o(.text) refers to llshl.o(.text) for __aeabi_llsl


==============================================================================

Removing Unused input sections from the image.

    Removing startup_stm32h750xx.o(HEAP), (512 bytes).
    Removing lto-llvm-609ead.o(.text), (0 bytes).
    Removing lto-llvm-609ead.o(.ARM.exidx.text.main), (8 bytes).
    Removing lto-llvm-609ead.o(.ARM.exidx.text.NMI_Handler), (8 bytes).
    Removing lto-llvm-609ead.o(.ARM.exidx.text.HardFault_Handler), (8 bytes).
    Removing lto-llvm-609ead.o(.ARM.exidx.text.MemManage_Handler), (8 bytes).
    Removing lto-llvm-609ead.o(.ARM.exidx.text.BusFault_Handler), (8 bytes).
    Removing lto-llvm-609ead.o(.ARM.exidx.text.UsageFault_Handler), (8 bytes).
    Removing lto-llvm-609ead.o(.ARM.exidx.text.SVC_Handler), (8 bytes).
    Removing lto-llvm-609ead.o(.ARM.exidx.text.DebugMon_Handler), (8 bytes).
    Removing lto-llvm-609ead.o(.ARM.exidx.text.PendSV_Handler), (8 bytes).
    Removing lto-llvm-609ead.o(.ARM.exidx.text.SysTick_Handler), (8 bytes).
    Removing lto-llvm-609ead.o(.text.fputc), (194 bytes).
    Removing lto-llvm-609ead.o(.ARM.exidx.text.fputc), (8 bytes).
    Removing lto-llvm-609ead.o(.ARM.exidx.text.QSPI_W25Qxx_Reset), (8 bytes).
    Removing lto-llvm-609ead.o(.ARM.exidx.text.HAL_QSPI_Command), (8 bytes).
    Removing lto-llvm-609ead.o(.ARM.exidx.text.QSPI_Config), (8 bytes).
    Removing lto-llvm-609ead.o(.ARM.exidx.text.HAL_QSPI_AutoPolling), (8 bytes).
    Removing lto-llvm-609ead.o(.ARM.exidx.text.HAL_RCC_GetSysClockFreq), (8 bytes).
    Removing lto-llvm-609ead.o(.ARM.exidx.text.RCCEx_PLL2_Config), (8 bytes).
    Removing lto-llvm-609ead.o(.ARM.exidx.text.RCCEx_PLL3_Config), (8 bytes).
    Removing lto-llvm-609ead.o(.ARM.exidx.text.HAL_RCCEx_GetPLL2ClockFreq), (8 bytes).
    Removing lto-llvm-609ead.o(.ARM.exidx.text.HAL_RCCEx_GetPLL3ClockFreq), (8 bytes).
    Removing lto-llvm-609ead.o(.ARM.exidx.text.HAL_GPIO_Init), (8 bytes).
    Removing lto-llvm-609ead.o(.ARM.exidx.text.UART_WaitOnFlagUntilTimeout), (8 bytes).
    Removing lto-llvm-609ead.o(.ARM.exidx.text.SystemInit), (8 bytes).
    Removing lto-llvm-609ead.o(.ARM.use_no_argv), (4 bytes).

27 unused section(s) (total 894 bytes) removed from the image.

==============================================================================

Image Symbol Table

    Local Symbols

    Symbol Name                              Value     Ov Type        Size  Object(Section)

    ../clib/microlib/division.c              0x00000000   Number         0  uldiv.o ABSOLUTE
    ../clib/microlib/init/entry.s            0x00000000   Number         0  entry.o ABSOLUTE
    ../clib/microlib/init/entry.s            0x00000000   Number         0  entry2.o ABSOLUTE
    ../clib/microlib/init/entry.s            0x00000000   Number         0  entry5.o ABSOLUTE
    ../clib/microlib/init/entry.s            0x00000000   Number         0  entry7a.o ABSOLUTE
    ../clib/microlib/init/entry.s            0x00000000   Number         0  entry7b.o ABSOLUTE
    ../clib/microlib/init/entry.s            0x00000000   Number         0  entry8a.o ABSOLUTE
    ../clib/microlib/init/entry.s            0x00000000   Number         0  entry8b.o ABSOLUTE
    ../clib/microlib/init/entry.s            0x00000000   Number         0  entry9a.o ABSOLUTE
    ../clib/microlib/init/entry.s            0x00000000   Number         0  entry9b.o ABSOLUTE
    ../clib/microlib/init/entry.s            0x00000000   Number         0  entry10a.o ABSOLUTE
    ../clib/microlib/init/entry.s            0x00000000   Number         0  entry10b.o ABSOLUTE
    ../clib/microlib/init/entry.s            0x00000000   Number         0  entry11a.o ABSOLUTE
    ../clib/microlib/init/entry.s            0x00000000   Number         0  entry11b.o ABSOLUTE
    ../clib/microlib/longlong.c              0x00000000   Number         0  llshl.o ABSOLUTE
    ../clib/microlib/longlong.c              0x00000000   Number         0  llushr.o ABSOLUTE
    ../clib/microlib/string/memset.c         0x00000000   Number         0  memseta.o ABSOLUTE
    dc.s                                     0x00000000   Number         0  dc.o ABSOLUTE
    handlers.s                               0x00000000   Number         0  handlers.o ABSOLUTE
    init.s                                   0x00000000   Number         0  init.o ABSOLUTE
    ld-temp.o                                0x00000000   Number         0  lto-llvm-609ead.o ABSOLUTE
    startup_stm32h750xx.s                    0x00000000   Number         0  startup_stm32h750xx.o ABSOLUTE
    RESET                                    0x08000000   Section      664  startup_stm32h750xx.o(RESET)
    .ARM.Collect$$$$00000000                 0x08000298   Section        0  entry.o(.ARM.Collect$$$$00000000)
    .ARM.Collect$$$$00000001                 0x08000298   Section        4  entry2.o(.ARM.Collect$$$$00000001)
    .ARM.Collect$$$$00000004                 0x0800029c   Section        4  entry5.o(.ARM.Collect$$$$00000004)
    .ARM.Collect$$$$00000008                 0x080002a0   Section        0  entry7b.o(.ARM.Collect$$$$00000008)
    .ARM.Collect$$$$0000000A                 0x080002a0   Section        0  entry8b.o(.ARM.Collect$$$$0000000A)
    .ARM.Collect$$$$0000000B                 0x080002a0   Section        8  entry9a.o(.ARM.Collect$$$$0000000B)
    __lit__00000000                          0x080002a8   Data           4  entry2.o(.ARM.Collect$$$$00002712)
    .ARM.Collect$$$$0000000D                 0x080002a8   Section        0  entry10a.o(.ARM.Collect$$$$0000000D)
    .ARM.Collect$$$$0000000F                 0x080002a8   Section        0  entry11a.o(.ARM.Collect$$$$0000000F)
    .ARM.Collect$$$$00002712                 0x080002a8   Section        4  entry2.o(.ARM.Collect$$$$00002712)
    $v0                                      0x080002ac   Number         0  startup_stm32h750xx.o(.text)
    .text                                    0x080002ac   Section       36  startup_stm32h750xx.o(.text)
    .text                                    0x080002d0   Section       48  init.o(.text)
    .text                                    0x08000300   Section        0  uldiv.o(.text)
    .text                                    0x08000362   Section        0  memseta.o(.text)
    .text                                    0x08000386   Section        0  llshl.o(.text)
    .text                                    0x080003a4   Section        0  llushr.o(.text)
    [Anonymous Symbol]                       0x080003c8   Section        0  lto-llvm-609ead.o(.text.BusFault_Handler)
    [Anonymous Symbol]                       0x080003d0   Section        0  lto-llvm-609ead.o(.text.DebugMon_Handler)
    HAL_GPIO_Init                            0x080003d9   Thumb Code   424  lto-llvm-609ead.o(.text.HAL_GPIO_Init)
    [Anonymous Symbol]                       0x080003d8   Section        0  lto-llvm-609ead.o(.text.HAL_GPIO_Init)
    HAL_QSPI_AutoPolling                     0x08000581   Thumb Code   290  lto-llvm-609ead.o(.text.HAL_QSPI_AutoPolling)
    [Anonymous Symbol]                       0x08000580   Section        0  lto-llvm-609ead.o(.text.HAL_QSPI_AutoPolling)
    HAL_QSPI_Command                         0x080006a9   Thumb Code   254  lto-llvm-609ead.o(.text.HAL_QSPI_Command)
    [Anonymous Symbol]                       0x080006a8   Section        0  lto-llvm-609ead.o(.text.HAL_QSPI_Command)
    HAL_RCCEx_GetPLL2ClockFreq               0x080007a9   Thumb Code   280  lto-llvm-609ead.o(.text.HAL_RCCEx_GetPLL2ClockFreq)
    [Anonymous Symbol]                       0x080007a8   Section        0  lto-llvm-609ead.o(.text.HAL_RCCEx_GetPLL2ClockFreq)
    HAL_RCCEx_GetPLL3ClockFreq               0x080008d1   Thumb Code   280  lto-llvm-609ead.o(.text.HAL_RCCEx_GetPLL3ClockFreq)
    [Anonymous Symbol]                       0x080008d0   Section        0  lto-llvm-609ead.o(.text.HAL_RCCEx_GetPLL3ClockFreq)
    HAL_RCC_GetSysClockFreq                  0x080009f9   Thumb Code   252  lto-llvm-609ead.o(.text.HAL_RCC_GetSysClockFreq)
    [Anonymous Symbol]                       0x080009f8   Section        0  lto-llvm-609ead.o(.text.HAL_RCC_GetSysClockFreq)
    [Anonymous Symbol]                       0x08000b08   Section        0  lto-llvm-609ead.o(.text.HardFault_Handler)
    [Anonymous Symbol]                       0x08000b10   Section        0  lto-llvm-609ead.o(.text.MemManage_Handler)
    [Anonymous Symbol]                       0x08000b18   Section        0  lto-llvm-609ead.o(.text.NMI_Handler)
    [Anonymous Symbol]                       0x08000b20   Section        0  lto-llvm-609ead.o(.text.PendSV_Handler)
    QSPI_Config                              0x08000b29   Thumb Code   560  lto-llvm-609ead.o(.text.QSPI_Config)
    [Anonymous Symbol]                       0x08000b28   Section        0  lto-llvm-609ead.o(.text.QSPI_Config)
    QSPI_W25Qxx_Reset                        0x08000d59   Thumb Code   174  lto-llvm-609ead.o(.text.QSPI_W25Qxx_Reset)
    [Anonymous Symbol]                       0x08000d58   Section        0  lto-llvm-609ead.o(.text.QSPI_W25Qxx_Reset)
    RCCEx_PLL2_Config                        0x08000e09   Thumb Code   416  lto-llvm-609ead.o(.text.RCCEx_PLL2_Config)
    [Anonymous Symbol]                       0x08000e08   Section        0  lto-llvm-609ead.o(.text.RCCEx_PLL2_Config)
    RCCEx_PLL3_Config                        0x08000fa9   Thumb Code   416  lto-llvm-609ead.o(.text.RCCEx_PLL3_Config)
    [Anonymous Symbol]                       0x08000fa8   Section        0  lto-llvm-609ead.o(.text.RCCEx_PLL3_Config)
    [Anonymous Symbol]                       0x08001148   Section        0  lto-llvm-609ead.o(.text.SVC_Handler)
    [Anonymous Symbol]                       0x08001150   Section        0  lto-llvm-609ead.o(.text.SysTick_Handler)
    [Anonymous Symbol]                       0x08001160   Section        0  lto-llvm-609ead.o(.text.SystemInit)
    UART_WaitOnFlagUntilTimeout              0x08001231   Thumb Code   440  lto-llvm-609ead.o(.text.UART_WaitOnFlagUntilTimeout)
    [Anonymous Symbol]                       0x08001230   Section        0  lto-llvm-609ead.o(.text.UART_WaitOnFlagUntilTimeout)
    [Anonymous Symbol]                       0x080013e8   Section        0  lto-llvm-609ead.o(.text.UsageFault_Handler)
    [Anonymous Symbol]                       0x080013f0   Section        0  lto-llvm-609ead.o(.text.main)
    i.__scatterload_copy                     0x08002f4c   Section       14  handlers.o(i.__scatterload_copy)
    i.__scatterload_null                     0x08002f5a   Section        2  handlers.o(i.__scatterload_null)
    i.__scatterload_zeroinit                 0x08002f5c   Section       14  handlers.o(i.__scatterload_zeroinit)
    .Lswitch.table.UART_SetConfig.5          0x08002f6a   Data           6  lto-llvm-609ead.o(.rodata..Lswitch.table.UART_SetConfig.5)
    .Lswitch.table.UART_SetConfig.7          0x08002f70   Data           6  lto-llvm-609ead.o(.rodata..Lswitch.table.UART_SetConfig.7)
    UARTPrescTable                           0x08002f76   Data          24  lto-llvm-609ead.o(.rodata.UARTPrescTable)
    [Anonymous Symbol]                       0x08002f76   Section        0  lto-llvm-609ead.o(.rodata.UARTPrescTable)
    D1CorePrescTable                         0x08002f8e   Data          16  lto-llvm-609ead.o(.rodata.cst16)
    [Anonymous Symbol]                       0x08002f8e   Section        0  lto-llvm-609ead.o(.rodata.cst16)
    UARTEx_SetNbDataToProcess.numerator      0x08002f9e   Data           8  lto-llvm-609ead.o(.rodata.cst8)
    [Anonymous Symbol]                       0x08002f9e   Section        0  lto-llvm-609ead.o(.rodata.cst8)
    UARTEx_SetNbDataToProcess.denominator    0x08002fa6   Data           8  lto-llvm-609ead.o(.rodata.cst8)
    SystemCoreClock                          0x20000000   Data           4  lto-llvm-609ead.o(.data.SystemCoreClock)
    [Anonymous Symbol]                       0x20000000   Section        0  lto-llvm-609ead.o(.data.SystemCoreClock)
    JumpToApplication                        0x20000008   Data           4  lto-llvm-609ead.o(.bss.JumpToApplication)
    [Anonymous Symbol]                       0x20000008   Section        0  lto-llvm-609ead.o(.bss.JumpToApplication)
    hqspi                                    0x2000000c   Data          76  lto-llvm-609ead.o(.bss.hqspi)
    [Anonymous Symbol]                       0x2000000c   Section        0  lto-llvm-609ead.o(.bss.hqspi)
    huart1                                   0x20000058   Data         144  lto-llvm-609ead.o(.bss.huart1)
    [Anonymous Symbol]                       0x20000058   Section        0  lto-llvm-609ead.o(.bss.huart1)
    uwTick                                   0x200000e8   Data           4  lto-llvm-609ead.o(.bss.uwTick)
    [Anonymous Symbol]                       0x200000e8   Section        0  lto-llvm-609ead.o(.bss.uwTick)
    uwTickPrio                               0x200000ec   Data           1  lto-llvm-609ead.o(.bss.uwTickPrio)
    [Anonymous Symbol]                       0x200000ec   Section        0  lto-llvm-609ead.o(.bss.uwTickPrio)
    STACK                                    0x200000f0   Section     1024  startup_stm32h750xx.o(STACK)

    Global Symbols

    Symbol Name                              Value     Ov Type        Size  Object(Section)

    BuildAttributes$$THM_ISAv4$E$P$D$K$B$S$7EM$VFPv5_D16$PE$PLD8$A:L22UL41UL21$X:L11$S22US41US21$IEEE1$IW$~IW$USESV6$~STKCKD$USESV7$~SHL$OTIME$IEEEF$EBA8$MICROLIB$REQ8$PRES8$EABIv2 0x00000000   Number         0  anon$$obj.o ABSOLUTE
    __cpp_initialize__aeabi_                  - Undefined Weak Reference
    __cxa_finalize                            - Undefined Weak Reference
    __decompress                              - Undefined Weak Reference
    _clock_init                               - Undefined Weak Reference
    _microlib_exit                            - Undefined Weak Reference
    __Vectors_Size                           0x00000298   Number         0  startup_stm32h750xx.o ABSOLUTE
    __Vectors                                0x08000000   Data           4  startup_stm32h750xx.o(RESET)
    __Vectors_End                            0x08000298   Data           0  startup_stm32h750xx.o(RESET)
    __main                                   0x08000299   Thumb Code     0  entry.o(.ARM.Collect$$$$00000000)
    _main_stk                                0x08000299   Thumb Code     0  entry2.o(.ARM.Collect$$$$00000001)
    _main_scatterload                        0x0800029d   Thumb Code     0  entry5.o(.ARM.Collect$$$$00000004)
    __main_after_scatterload                 0x080002a1   Thumb Code     0  entry5.o(.ARM.Collect$$$$00000004)
    _main_clock                              0x080002a1   Thumb Code     0  entry7b.o(.ARM.Collect$$$$00000008)
    _main_cpp_init                           0x080002a1   Thumb Code     0  entry8b.o(.ARM.Collect$$$$0000000A)
    _main_init                               0x080002a1   Thumb Code     0  entry9a.o(.ARM.Collect$$$$0000000B)
    __rt_final_cpp                           0x080002a9   Thumb Code     0  entry10a.o(.ARM.Collect$$$$0000000D)
    __rt_final_exit                          0x080002a9   Thumb Code     0  entry11a.o(.ARM.Collect$$$$0000000F)
    Reset_Handler                            0x080002ad   Thumb Code     8  startup_stm32h750xx.o(.text)
    ADC3_IRQHandler                          0x080002c7   Thumb Code     0  startup_stm32h750xx.o(.text)
    ADC_IRQHandler                           0x080002c7   Thumb Code     0  startup_stm32h750xx.o(.text)
    BDMA_Channel0_IRQHandler                 0x080002c7   Thumb Code     0  startup_stm32h750xx.o(.text)
    BDMA_Channel1_IRQHandler                 0x080002c7   Thumb Code     0  startup_stm32h750xx.o(.text)
    BDMA_Channel2_IRQHandler                 0x080002c7   Thumb Code     0  startup_stm32h750xx.o(.text)
    BDMA_Channel3_IRQHandler                 0x080002c7   Thumb Code     0  startup_stm32h750xx.o(.text)
    BDMA_Channel4_IRQHandler                 0x080002c7   Thumb Code     0  startup_stm32h750xx.o(.text)
    BDMA_Channel5_IRQHandler                 0x080002c7   Thumb Code     0  startup_stm32h750xx.o(.text)
    BDMA_Channel6_IRQHandler                 0x080002c7   Thumb Code     0  startup_stm32h750xx.o(.text)
    BDMA_Channel7_IRQHandler                 0x080002c7   Thumb Code     0  startup_stm32h750xx.o(.text)
    CEC_IRQHandler                           0x080002c7   Thumb Code     0  startup_stm32h750xx.o(.text)
    COMP1_IRQHandler                         0x080002c7   Thumb Code     0  startup_stm32h750xx.o(.text)
    CRS_IRQHandler                           0x080002c7   Thumb Code     0  startup_stm32h750xx.o(.text)
    CRYP_IRQHandler                          0x080002c7   Thumb Code     0  startup_stm32h750xx.o(.text)
    DCMI_IRQHandler                          0x080002c7   Thumb Code     0  startup_stm32h750xx.o(.text)
    DFSDM1_FLT0_IRQHandler                   0x080002c7   Thumb Code     0  startup_stm32h750xx.o(.text)
    DFSDM1_FLT1_IRQHandler                   0x080002c7   Thumb Code     0  startup_stm32h750xx.o(.text)
    DFSDM1_FLT2_IRQHandler                   0x080002c7   Thumb Code     0  startup_stm32h750xx.o(.text)
    DFSDM1_FLT3_IRQHandler                   0x080002c7   Thumb Code     0  startup_stm32h750xx.o(.text)
    DMA1_Stream0_IRQHandler                  0x080002c7   Thumb Code     0  startup_stm32h750xx.o(.text)
    DMA1_Stream1_IRQHandler                  0x080002c7   Thumb Code     0  startup_stm32h750xx.o(.text)
    DMA1_Stream2_IRQHandler                  0x080002c7   Thumb Code     0  startup_stm32h750xx.o(.text)
    DMA1_Stream3_IRQHandler                  0x080002c7   Thumb Code     0  startup_stm32h750xx.o(.text)
    DMA1_Stream4_IRQHandler                  0x080002c7   Thumb Code     0  startup_stm32h750xx.o(.text)
    DMA1_Stream5_IRQHandler                  0x080002c7   Thumb Code     0  startup_stm32h750xx.o(.text)
    DMA1_Stream6_IRQHandler                  0x080002c7   Thumb Code     0  startup_stm32h750xx.o(.text)
    DMA1_Stream7_IRQHandler                  0x080002c7   Thumb Code     0  startup_stm32h750xx.o(.text)
    DMA2D_IRQHandler                         0x080002c7   Thumb Code     0  startup_stm32h750xx.o(.text)
    DMA2_Stream0_IRQHandler                  0x080002c7   Thumb Code     0  startup_stm32h750xx.o(.text)
    DMA2_Stream1_IRQHandler                  0x080002c7   Thumb Code     0  startup_stm32h750xx.o(.text)
    DMA2_Stream2_IRQHandler                  0x080002c7   Thumb Code     0  startup_stm32h750xx.o(.text)
    DMA2_Stream3_IRQHandler                  0x080002c7   Thumb Code     0  startup_stm32h750xx.o(.text)
    DMA2_Stream4_IRQHandler                  0x080002c7   Thumb Code     0  startup_stm32h750xx.o(.text)
    DMA2_Stream5_IRQHandler                  0x080002c7   Thumb Code     0  startup_stm32h750xx.o(.text)
    DMA2_Stream6_IRQHandler                  0x080002c7   Thumb Code     0  startup_stm32h750xx.o(.text)
    DMA2_Stream7_IRQHandler                  0x080002c7   Thumb Code     0  startup_stm32h750xx.o(.text)
    DMAMUX1_OVR_IRQHandler                   0x080002c7   Thumb Code     0  startup_stm32h750xx.o(.text)
    DMAMUX2_OVR_IRQHandler                   0x080002c7   Thumb Code     0  startup_stm32h750xx.o(.text)
    ECC_IRQHandler                           0x080002c7   Thumb Code     0  startup_stm32h750xx.o(.text)
    ETH_IRQHandler                           0x080002c7   Thumb Code     0  startup_stm32h750xx.o(.text)
    ETH_WKUP_IRQHandler                      0x080002c7   Thumb Code     0  startup_stm32h750xx.o(.text)
    EXTI0_IRQHandler                         0x080002c7   Thumb Code     0  startup_stm32h750xx.o(.text)
    EXTI15_10_IRQHandler                     0x080002c7   Thumb Code     0  startup_stm32h750xx.o(.text)
    EXTI1_IRQHandler                         0x080002c7   Thumb Code     0  startup_stm32h750xx.o(.text)
    EXTI2_IRQHandler                         0x080002c7   Thumb Code     0  startup_stm32h750xx.o(.text)
    EXTI3_IRQHandler                         0x080002c7   Thumb Code     0  startup_stm32h750xx.o(.text)
    EXTI4_IRQHandler                         0x080002c7   Thumb Code     0  startup_stm32h750xx.o(.text)
    EXTI9_5_IRQHandler                       0x080002c7   Thumb Code     0  startup_stm32h750xx.o(.text)
    FDCAN1_IT0_IRQHandler                    0x080002c7   Thumb Code     0  startup_stm32h750xx.o(.text)
    FDCAN1_IT1_IRQHandler                    0x080002c7   Thumb Code     0  startup_stm32h750xx.o(.text)
    FDCAN2_IT0_IRQHandler                    0x080002c7   Thumb Code     0  startup_stm32h750xx.o(.text)
    FDCAN2_IT1_IRQHandler                    0x080002c7   Thumb Code     0  startup_stm32h750xx.o(.text)
    FDCAN_CAL_IRQHandler                     0x080002c7   Thumb Code     0  startup_stm32h750xx.o(.text)
    FLASH_IRQHandler                         0x080002c7   Thumb Code     0  startup_stm32h750xx.o(.text)
    FMC_IRQHandler                           0x080002c7   Thumb Code     0  startup_stm32h750xx.o(.text)
    FPU_IRQHandler                           0x080002c7   Thumb Code     0  startup_stm32h750xx.o(.text)
    HASH_RNG_IRQHandler                      0x080002c7   Thumb Code     0  startup_stm32h750xx.o(.text)
    HRTIM1_FLT_IRQHandler                    0x080002c7   Thumb Code     0  startup_stm32h750xx.o(.text)
    HRTIM1_Master_IRQHandler                 0x080002c7   Thumb Code     0  startup_stm32h750xx.o(.text)
    HRTIM1_TIMA_IRQHandler                   0x080002c7   Thumb Code     0  startup_stm32h750xx.o(.text)
    HRTIM1_TIMB_IRQHandler                   0x080002c7   Thumb Code     0  startup_stm32h750xx.o(.text)
    HRTIM1_TIMC_IRQHandler                   0x080002c7   Thumb Code     0  startup_stm32h750xx.o(.text)
    HRTIM1_TIMD_IRQHandler                   0x080002c7   Thumb Code     0  startup_stm32h750xx.o(.text)
    HRTIM1_TIME_IRQHandler                   0x080002c7   Thumb Code     0  startup_stm32h750xx.o(.text)
    HSEM1_IRQHandler                         0x080002c7   Thumb Code     0  startup_stm32h750xx.o(.text)
    I2C1_ER_IRQHandler                       0x080002c7   Thumb Code     0  startup_stm32h750xx.o(.text)
    I2C1_EV_IRQHandler                       0x080002c7   Thumb Code     0  startup_stm32h750xx.o(.text)
    I2C2_ER_IRQHandler                       0x080002c7   Thumb Code     0  startup_stm32h750xx.o(.text)
    I2C2_EV_IRQHandler                       0x080002c7   Thumb Code     0  startup_stm32h750xx.o(.text)
    I2C3_ER_IRQHandler                       0x080002c7   Thumb Code     0  startup_stm32h750xx.o(.text)
    I2C3_EV_IRQHandler                       0x080002c7   Thumb Code     0  startup_stm32h750xx.o(.text)
    I2C4_ER_IRQHandler                       0x080002c7   Thumb Code     0  startup_stm32h750xx.o(.text)
    I2C4_EV_IRQHandler                       0x080002c7   Thumb Code     0  startup_stm32h750xx.o(.text)
    JPEG_IRQHandler                          0x080002c7   Thumb Code     0  startup_stm32h750xx.o(.text)
    LPTIM1_IRQHandler                        0x080002c7   Thumb Code     0  startup_stm32h750xx.o(.text)
    LPTIM2_IRQHandler                        0x080002c7   Thumb Code     0  startup_stm32h750xx.o(.text)
    LPTIM3_IRQHandler                        0x080002c7   Thumb Code     0  startup_stm32h750xx.o(.text)
    LPTIM4_IRQHandler                        0x080002c7   Thumb Code     0  startup_stm32h750xx.o(.text)
    LPTIM5_IRQHandler                        0x080002c7   Thumb Code     0  startup_stm32h750xx.o(.text)
    LPUART1_IRQHandler                       0x080002c7   Thumb Code     0  startup_stm32h750xx.o(.text)
    LTDC_ER_IRQHandler                       0x080002c7   Thumb Code     0  startup_stm32h750xx.o(.text)
    LTDC_IRQHandler                          0x080002c7   Thumb Code     0  startup_stm32h750xx.o(.text)
    MDIOS_IRQHandler                         0x080002c7   Thumb Code     0  startup_stm32h750xx.o(.text)
    MDIOS_WKUP_IRQHandler                    0x080002c7   Thumb Code     0  startup_stm32h750xx.o(.text)
    MDMA_IRQHandler                          0x080002c7   Thumb Code     0  startup_stm32h750xx.o(.text)
    OTG_FS_EP1_IN_IRQHandler                 0x080002c7   Thumb Code     0  startup_stm32h750xx.o(.text)
    OTG_FS_EP1_OUT_IRQHandler                0x080002c7   Thumb Code     0  startup_stm32h750xx.o(.text)
    OTG_FS_IRQHandler                        0x080002c7   Thumb Code     0  startup_stm32h750xx.o(.text)
    OTG_FS_WKUP_IRQHandler                   0x080002c7   Thumb Code     0  startup_stm32h750xx.o(.text)
    OTG_HS_EP1_IN_IRQHandler                 0x080002c7   Thumb Code     0  startup_stm32h750xx.o(.text)
    OTG_HS_EP1_OUT_IRQHandler                0x080002c7   Thumb Code     0  startup_stm32h750xx.o(.text)
    OTG_HS_IRQHandler                        0x080002c7   Thumb Code     0  startup_stm32h750xx.o(.text)
    OTG_HS_WKUP_IRQHandler                   0x080002c7   Thumb Code     0  startup_stm32h750xx.o(.text)
    PVD_AVD_IRQHandler                       0x080002c7   Thumb Code     0  startup_stm32h750xx.o(.text)
    QUADSPI_IRQHandler                       0x080002c7   Thumb Code     0  startup_stm32h750xx.o(.text)
    RCC_IRQHandler                           0x080002c7   Thumb Code     0  startup_stm32h750xx.o(.text)
    RTC_Alarm_IRQHandler                     0x080002c7   Thumb Code     0  startup_stm32h750xx.o(.text)
    RTC_WKUP_IRQHandler                      0x080002c7   Thumb Code     0  startup_stm32h750xx.o(.text)
    SAI1_IRQHandler                          0x080002c7   Thumb Code     0  startup_stm32h750xx.o(.text)
    SAI2_IRQHandler                          0x080002c7   Thumb Code     0  startup_stm32h750xx.o(.text)
    SAI3_IRQHandler                          0x080002c7   Thumb Code     0  startup_stm32h750xx.o(.text)
    SAI4_IRQHandler                          0x080002c7   Thumb Code     0  startup_stm32h750xx.o(.text)
    SDMMC1_IRQHandler                        0x080002c7   Thumb Code     0  startup_stm32h750xx.o(.text)
    SDMMC2_IRQHandler                        0x080002c7   Thumb Code     0  startup_stm32h750xx.o(.text)
    SPDIF_RX_IRQHandler                      0x080002c7   Thumb Code     0  startup_stm32h750xx.o(.text)
    SPI1_IRQHandler                          0x080002c7   Thumb Code     0  startup_stm32h750xx.o(.text)
    SPI2_IRQHandler                          0x080002c7   Thumb Code     0  startup_stm32h750xx.o(.text)
    SPI3_IRQHandler                          0x080002c7   Thumb Code     0  startup_stm32h750xx.o(.text)
    SPI4_IRQHandler                          0x080002c7   Thumb Code     0  startup_stm32h750xx.o(.text)
    SPI5_IRQHandler                          0x080002c7   Thumb Code     0  startup_stm32h750xx.o(.text)
    SPI6_IRQHandler                          0x080002c7   Thumb Code     0  startup_stm32h750xx.o(.text)
    SWPMI1_IRQHandler                        0x080002c7   Thumb Code     0  startup_stm32h750xx.o(.text)
    TAMP_STAMP_IRQHandler                    0x080002c7   Thumb Code     0  startup_stm32h750xx.o(.text)
    TIM15_IRQHandler                         0x080002c7   Thumb Code     0  startup_stm32h750xx.o(.text)
    TIM16_IRQHandler                         0x080002c7   Thumb Code     0  startup_stm32h750xx.o(.text)
    TIM17_IRQHandler                         0x080002c7   Thumb Code     0  startup_stm32h750xx.o(.text)
    TIM1_BRK_IRQHandler                      0x080002c7   Thumb Code     0  startup_stm32h750xx.o(.text)
    TIM1_CC_IRQHandler                       0x080002c7   Thumb Code     0  startup_stm32h750xx.o(.text)
    TIM1_TRG_COM_IRQHandler                  0x080002c7   Thumb Code     0  startup_stm32h750xx.o(.text)
    TIM1_UP_IRQHandler                       0x080002c7   Thumb Code     0  startup_stm32h750xx.o(.text)
    TIM2_IRQHandler                          0x080002c7   Thumb Code     0  startup_stm32h750xx.o(.text)
    TIM3_IRQHandler                          0x080002c7   Thumb Code     0  startup_stm32h750xx.o(.text)
    TIM4_IRQHandler                          0x080002c7   Thumb Code     0  startup_stm32h750xx.o(.text)
    TIM5_IRQHandler                          0x080002c7   Thumb Code     0  startup_stm32h750xx.o(.text)
    TIM6_DAC_IRQHandler                      0x080002c7   Thumb Code     0  startup_stm32h750xx.o(.text)
    TIM7_IRQHandler                          0x080002c7   Thumb Code     0  startup_stm32h750xx.o(.text)
    TIM8_BRK_TIM12_IRQHandler                0x080002c7   Thumb Code     0  startup_stm32h750xx.o(.text)
    TIM8_CC_IRQHandler                       0x080002c7   Thumb Code     0  startup_stm32h750xx.o(.text)
    TIM8_TRG_COM_TIM14_IRQHandler            0x080002c7   Thumb Code     0  startup_stm32h750xx.o(.text)
    TIM8_UP_TIM13_IRQHandler                 0x080002c7   Thumb Code     0  startup_stm32h750xx.o(.text)
    UART4_IRQHandler                         0x080002c7   Thumb Code     0  startup_stm32h750xx.o(.text)
    UART5_IRQHandler                         0x080002c7   Thumb Code     0  startup_stm32h750xx.o(.text)
    UART7_IRQHandler                         0x080002c7   Thumb Code     0  startup_stm32h750xx.o(.text)
    UART8_IRQHandler                         0x080002c7   Thumb Code     0  startup_stm32h750xx.o(.text)
    USART1_IRQHandler                        0x080002c7   Thumb Code     0  startup_stm32h750xx.o(.text)
    USART2_IRQHandler                        0x080002c7   Thumb Code     0  startup_stm32h750xx.o(.text)
    USART3_IRQHandler                        0x080002c7   Thumb Code     0  startup_stm32h750xx.o(.text)
    USART6_IRQHandler                        0x080002c7   Thumb Code     0  startup_stm32h750xx.o(.text)
    WAKEUP_PIN_IRQHandler                    0x080002c7   Thumb Code     0  startup_stm32h750xx.o(.text)
    WWDG_IRQHandler                          0x080002c7   Thumb Code     0  startup_stm32h750xx.o(.text)
    __scatterload                            0x080002d1   Thumb Code    38  init.o(.text)
    __scatterload_rt2                        0x080002d1   Thumb Code     0  init.o(.text)
    __aeabi_uldivmod                         0x08000301   Thumb Code    98  uldiv.o(.text)
    __aeabi_memset                           0x08000363   Thumb Code    14  memseta.o(.text)
    __aeabi_memset4                          0x08000363   Thumb Code     0  memseta.o(.text)
    __aeabi_memset8                          0x08000363   Thumb Code     0  memseta.o(.text)
    __aeabi_memclr                           0x08000371   Thumb Code     4  memseta.o(.text)
    __aeabi_memclr4                          0x08000371   Thumb Code     0  memseta.o(.text)
    __aeabi_memclr8                          0x08000371   Thumb Code     0  memseta.o(.text)
    _memset$wrapper                          0x08000375   Thumb Code    18  memseta.o(.text)
    __aeabi_llsl                             0x08000387   Thumb Code    30  llshl.o(.text)
    _ll_shift_l                              0x08000387   Thumb Code     0  llshl.o(.text)
    __aeabi_llsr                             0x080003a5   Thumb Code    32  llushr.o(.text)
    _ll_ushift_r                             0x080003a5   Thumb Code     0  llushr.o(.text)
    BusFault_Handler                         0x080003c9   Thumb Code     2  lto-llvm-609ead.o(.text.BusFault_Handler)
    DebugMon_Handler                         0x080003d1   Thumb Code     2  lto-llvm-609ead.o(.text.DebugMon_Handler)
    HardFault_Handler                        0x08000b09   Thumb Code     2  lto-llvm-609ead.o(.text.HardFault_Handler)
    MemManage_Handler                        0x08000b11   Thumb Code     2  lto-llvm-609ead.o(.text.MemManage_Handler)
    NMI_Handler                              0x08000b19   Thumb Code     2  lto-llvm-609ead.o(.text.NMI_Handler)
    PendSV_Handler                           0x08000b21   Thumb Code     2  lto-llvm-609ead.o(.text.PendSV_Handler)
    SVC_Handler                              0x08001149   Thumb Code     2  lto-llvm-609ead.o(.text.SVC_Handler)
    SysTick_Handler                          0x08001151   Thumb Code    16  lto-llvm-609ead.o(.text.SysTick_Handler)
    SystemInit                               0x08001161   Thumb Code   204  lto-llvm-609ead.o(.text.SystemInit)
    UsageFault_Handler                       0x080013e9   Thumb Code     2  lto-llvm-609ead.o(.text.UsageFault_Handler)
    main                                     0x080013f1   Thumb Code  6996  lto-llvm-609ead.o(.text.main)
    __scatterload_copy                       0x08002f4d   Thumb Code    14  handlers.o(i.__scatterload_copy)
    __scatterload_null                       0x08002f5b   Thumb Code     2  handlers.o(i.__scatterload_null)
    __scatterload_zeroinit                   0x08002f5d   Thumb Code    14  handlers.o(i.__scatterload_zeroinit)
    Region$$Table$$Base                      0x08002fb0   Number         0  anon$$obj.o(Region$$Table)
    Region$$Table$$Limit                     0x08002fd0   Number         0  anon$$obj.o(Region$$Table)
    __initial_sp                             0x200004f0   Data           0  startup_stm32h750xx.o(STACK)



==============================================================================

Memory Map of the image

  Image Entry point : 0x08000299

  Load Region LR_IROM1 (Base: 0x08000000, Size: 0x00002fd8, Max: 0x00020000, ABSOLUTE)

    Execution Region ER_IROM1 (Exec base: 0x08000000, Load base: 0x08000000, Size: 0x00002fd0, Max: 0x00020000, ABSOLUTE)

    Exec Addr    Load Addr    Size         Type   Attr      Idx    E Section Name        Object

    0x08000000   0x08000000   0x00000298   Data   RO            3    RESET               startup_stm32h750xx.o
    0x08000298   0x08000298   0x00000000   Code   RO           38  * .ARM.Collect$$$$00000000  mc_w.l(entry.o)
    0x08000298   0x08000298   0x00000004   Code   RO           41    .ARM.Collect$$$$00000001  mc_w.l(entry2.o)
    0x0800029c   0x0800029c   0x00000004   Code   RO           44    .ARM.Collect$$$$00000004  mc_w.l(entry5.o)
    0x080002a0   0x080002a0   0x00000000   Code   RO           46    .ARM.Collect$$$$00000008  mc_w.l(entry7b.o)
    0x080002a0   0x080002a0   0x00000000   Code   RO           48    .ARM.Collect$$$$0000000A  mc_w.l(entry8b.o)
    0x080002a0   0x080002a0   0x00000008   Code   RO           49    .ARM.Collect$$$$0000000B  mc_w.l(entry9a.o)
    0x080002a8   0x080002a8   0x00000000   Code   RO           51    .ARM.Collect$$$$0000000D  mc_w.l(entry10a.o)
    0x080002a8   0x080002a8   0x00000000   Code   RO           53    .ARM.Collect$$$$0000000F  mc_w.l(entry11a.o)
    0x080002a8   0x080002a8   0x00000004   Code   RO           42    .ARM.Collect$$$$00002712  mc_w.l(entry2.o)
    0x080002ac   0x080002ac   0x00000024   Code   RO            4    .text               startup_stm32h750xx.o
    0x080002d0   0x080002d0   0x00000030   Code   RO           55    .text               mc_w.l(init.o)
    0x08000300   0x08000300   0x00000062   Code   RO          123    .text               mc_w.l(uldiv.o)
    0x08000362   0x08000362   0x00000024   Code   RO          125    .text               mc_w.l(memseta.o)
    0x08000386   0x08000386   0x0000001e   Code   RO          127    .text               mc_w.l(llshl.o)
    0x080003a4   0x080003a4   0x00000020   Code   RO          129    .text               mc_w.l(llushr.o)
    0x080003c4   0x080003c4   0x00000004   PAD
    0x080003c8   0x080003c8   0x00000002   Code   RO           66    .text.BusFault_Handler  lto-llvm-609ead.o
    0x080003ca   0x080003ca   0x00000006   PAD
    0x080003d0   0x080003d0   0x00000002   Code   RO           72    .text.DebugMon_Handler  lto-llvm-609ead.o
    0x080003d2   0x080003d2   0x00000006   PAD
    0x080003d8   0x080003d8   0x000001a8   Code   RO           98    .text.HAL_GPIO_Init  lto-llvm-609ead.o
    0x08000580   0x08000580   0x00000122   Code   RO           86    .text.HAL_QSPI_AutoPolling  lto-llvm-609ead.o
    0x080006a2   0x080006a2   0x00000006   PAD
    0x080006a8   0x080006a8   0x000000fe   Code   RO           82    .text.HAL_QSPI_Command  lto-llvm-609ead.o
    0x080007a6   0x080007a6   0x00000002   PAD
    0x080007a8   0x080007a8   0x00000128   Code   RO           94    .text.HAL_RCCEx_GetPLL2ClockFreq  lto-llvm-609ead.o
    0x080008d0   0x080008d0   0x00000128   Code   RO           96    .text.HAL_RCCEx_GetPLL3ClockFreq  lto-llvm-609ead.o
    0x080009f8   0x080009f8   0x0000010c   Code   RO           88    .text.HAL_RCC_GetSysClockFreq  lto-llvm-609ead.o
    0x08000b04   0x08000b04   0x00000004   PAD
    0x08000b08   0x08000b08   0x00000002   Code   RO           62    .text.HardFault_Handler  lto-llvm-609ead.o
    0x08000b0a   0x08000b0a   0x00000006   PAD
    0x08000b10   0x08000b10   0x00000002   Code   RO           64    .text.MemManage_Handler  lto-llvm-609ead.o
    0x08000b12   0x08000b12   0x00000006   PAD
    0x08000b18   0x08000b18   0x00000002   Code   RO           60    .text.NMI_Handler   lto-llvm-609ead.o
    0x08000b1a   0x08000b1a   0x00000006   PAD
    0x08000b20   0x08000b20   0x00000002   Code   RO           74    .text.PendSV_Handler  lto-llvm-609ead.o
    0x08000b22   0x08000b22   0x00000006   PAD
    0x08000b28   0x08000b28   0x00000230   Code   RO           84    .text.QSPI_Config   lto-llvm-609ead.o
    0x08000d58   0x08000d58   0x000000ae   Code   RO           80    .text.QSPI_W25Qxx_Reset  lto-llvm-609ead.o
    0x08000e06   0x08000e06   0x00000002   PAD
    0x08000e08   0x08000e08   0x000001a0   Code   RO           90    .text.RCCEx_PLL2_Config  lto-llvm-609ead.o
    0x08000fa8   0x08000fa8   0x000001a0   Code   RO           92    .text.RCCEx_PLL3_Config  lto-llvm-609ead.o
    0x08001148   0x08001148   0x00000002   Code   RO           70    .text.SVC_Handler   lto-llvm-609ead.o
    0x0800114a   0x0800114a   0x00000006   PAD
    0x08001150   0x08001150   0x00000010   Code   RO           76    .text.SysTick_Handler  lto-llvm-609ead.o
    0x08001160   0x08001160   0x000000cc   Code   RO          102    .text.SystemInit    lto-llvm-609ead.o
    0x0800122c   0x0800122c   0x00000004   PAD
    0x08001230   0x08001230   0x000001b8   Code   RO          100    .text.UART_WaitOnFlagUntilTimeout  lto-llvm-609ead.o
    0x080013e8   0x080013e8   0x00000002   Code   RO           68    .text.UsageFault_Handler  lto-llvm-609ead.o
    0x080013ea   0x080013ea   0x00000006   PAD
    0x080013f0   0x080013f0   0x00001b5c   Code   RO           58    .text.main          lto-llvm-609ead.o
    0x08002f4c   0x08002f4c   0x0000000e   Code   RO          133    i.__scatterload_copy  mc_w.l(handlers.o)
    0x08002f5a   0x08002f5a   0x00000002   Code   RO          134    i.__scatterload_null  mc_w.l(handlers.o)
    0x08002f5c   0x08002f5c   0x0000000e   Code   RO          135    i.__scatterload_zeroinit  mc_w.l(handlers.o)
    0x08002f6a   0x08002f6a   0x00000006   Data   RO          111    .rodata..Lswitch.table.UART_SetConfig.5  lto-llvm-609ead.o
    0x08002f70   0x08002f70   0x00000006   Data   RO          112    .rodata..Lswitch.table.UART_SetConfig.7  lto-llvm-609ead.o
    0x08002f76   0x08002f76   0x00000018   Data   RO          110    .rodata.UARTPrescTable  lto-llvm-609ead.o
    0x08002f8e   0x08002f8e   0x00000010   Data   RO          115    .rodata.cst16       lto-llvm-609ead.o
    0x08002f9e   0x08002f9e   0x00000010   Data   RO          113    .rodata.cst8        lto-llvm-609ead.o
    0x08002fae   0x08002fae   0x00000002   PAD
    0x08002fb0   0x08002fb0   0x00000020   Data   RO          132    Region$$Table       anon$$obj.o


    Execution Region RW_IRAM1 (Exec base: 0x20000000, Load base: 0x08002fd0, Size: 0x000004f0, Max: 0x00020000, ABSOLUTE)

    Exec Addr    Load Addr    Size         Type   Attr      Idx    E Section Name        Object

    0x20000000   0x08002fd0   0x00000004   Data   RW          114    .data.SystemCoreClock  lto-llvm-609ead.o
    0x20000004   0x08002fd4   0x00000004   PAD
    0x20000008        -       0x00000004   Zero   RW          104    .bss.JumpToApplication  lto-llvm-609ead.o
    0x2000000c        -       0x0000004c   Zero   RW          107    .bss.hqspi          lto-llvm-609ead.o
    0x20000058        -       0x00000090   Zero   RW          106    .bss.huart1         lto-llvm-609ead.o
    0x200000e8        -       0x00000004   Zero   RW          109    .bss.uwTick         lto-llvm-609ead.o
    0x200000ec        -       0x00000001   Zero   RW          108    .bss.uwTickPrio     lto-llvm-609ead.o
    0x200000ed   0x08002fd4   0x00000003   PAD
    0x200000f0        -       0x00000400   Zero   RW            1    STACK               startup_stm32h750xx.o


==============================================================================

Image component sizes


      Code (inc. data)   RO Data    RW Data    ZI Data      Debug   Object Name

     11074        430         68          4        229      91085   lto-llvm-609ead.o
        36          8        664          0       1024        832   startup_stm32h750xx.o

    ----------------------------------------------------------------------
     11176        442        766          4       1260      91917   Object Totals
         0          0         32          0          0          0   (incl. Generated)
        66          4          2          0          7          0   (incl. Padding)

    ----------------------------------------------------------------------

      Code (inc. data)   RO Data    RW Data    ZI Data      Debug   Library Member Name

         0          0          0          0          0          0   entry.o
         0          0          0          0          0          0   entry10a.o
         0          0          0          0          0          0   entry11a.o
         8          4          0          0          0          0   entry2.o
         4          0          0          0          0          0   entry5.o
         0          0          0          0          0          0   entry7b.o
         0          0          0          0          0          0   entry8b.o
         8          4          0          0          0          0   entry9a.o
        30          0          0          0          0          0   handlers.o
        48         10          0          0          0         68   init.o
        30          0          0          0          0         68   llshl.o
        32          0          0          0          0         68   llushr.o
        36          0          0          0          0        108   memseta.o
        98          0          0          0          0         92   uldiv.o

    ----------------------------------------------------------------------
       298         18          0          0          0        404   Library Totals
         4          0          0          0          0          0   (incl. Padding)

    ----------------------------------------------------------------------

      Code (inc. data)   RO Data    RW Data    ZI Data      Debug   Library Name

       294         18          0          0          0        404   mc_w.l

    ----------------------------------------------------------------------
       298         18          0          0          0        404   Library Totals

    ----------------------------------------------------------------------

==============================================================================


      Code (inc. data)   RO Data    RW Data    ZI Data      Debug   

     11474        460        766          4       1260      92421   Grand Totals
     11474        460        766          4       1260      92421   ELF Image Totals
     11474        460        766          4          0          0   ROM Totals

==============================================================================

    Total RO  Size (Code + RO Data)                12240 (  11.95kB)
    Total RW  Size (RW Data + ZI Data)              1264 (   1.23kB)
    Total ROM Size (Code + RO Data + RW Data)      12244 (  11.96kB)

==============================================================================

