Archive member included to satisfy reference by file (symbol)

e:/program files (x86)/gnu arm embedded toolchain/10 2021.10/bin/../lib/gcc/arm-none-eabi/10.3.1/thumb/v7e-m+fp/hard\libgcc.a(_aeabi_uldivmod.o)
                              CMakeFiles/U_system.elf.dir/Drivers/STM32H7xx_HAL_Driver/Src/stm32h7xx_hal_uart.c.obj (__aeabi_uldivmod)
e:/program files (x86)/gnu arm embedded toolchain/10 2021.10/bin/../lib/gcc/arm-none-eabi/10.3.1/thumb/v7e-m+fp/hard\libgcc.a(_udivmoddi4.o)
                              e:/program files (x86)/gnu arm embedded toolchain/10 2021.10/bin/../lib/gcc/arm-none-eabi/10.3.1/thumb/v7e-m+fp/hard\libgcc.a(_aeabi_uldivmod.o) (__udivmoddi4)
e:/program files (x86)/gnu arm embedded toolchain/10 2021.10/bin/../lib/gcc/arm-none-eabi/10.3.1/thumb/v7e-m+fp/hard\libgcc.a(_dvmd_tls.o)
                              e:/program files (x86)/gnu arm embedded toolchain/10 2021.10/bin/../lib/gcc/arm-none-eabi/10.3.1/thumb/v7e-m+fp/hard\libgcc.a(_aeabi_uldivmod.o) (__aeabi_ldiv0)
e:/program files (x86)/gnu arm embedded toolchain/10 2021.10/bin/../lib/gcc/arm-none-eabi/10.3.1/../../../../arm-none-eabi/lib/thumb/v7e-m+fp/hard\libg.a(lib_a-assert.o)
                              CMakeFiles/U_system.elf.dir/Application/src/tlsf.c.obj (__assert_func)
e:/program files (x86)/gnu arm embedded toolchain/10 2021.10/bin/../lib/gcc/arm-none-eabi/10.3.1/../../../../arm-none-eabi/lib/thumb/v7e-m+fp/hard\libg.a(lib_a-errno.o)
                              CMakeFiles/U_system.elf.dir/Core/Src/syscalls.c.obj (__errno)
e:/program files (x86)/gnu arm embedded toolchain/10 2021.10/bin/../lib/gcc/arm-none-eabi/10.3.1/../../../../arm-none-eabi/lib/thumb/v7e-m+fp/hard\libg.a(lib_a-exit.o)
                              e:/program files (x86)/gnu arm embedded toolchain/10 2021.10/bin/../lib/gcc/arm-none-eabi/10.3.1/../../../../arm-none-eabi/lib/thumb/v7e-m+fp/hard/crt0.o (exit)
e:/program files (x86)/gnu arm embedded toolchain/10 2021.10/bin/../lib/gcc/arm-none-eabi/10.3.1/../../../../arm-none-eabi/lib/thumb/v7e-m+fp/hard\libg.a(lib_a-fiprintf.o)
                              e:/program files (x86)/gnu arm embedded toolchain/10 2021.10/bin/../lib/gcc/arm-none-eabi/10.3.1/../../../../arm-none-eabi/lib/thumb/v7e-m+fp/hard\libg.a(lib_a-assert.o) (fiprintf)
e:/program files (x86)/gnu arm embedded toolchain/10 2021.10/bin/../lib/gcc/arm-none-eabi/10.3.1/../../../../arm-none-eabi/lib/thumb/v7e-m+fp/hard\libg.a(lib_a-impure.o)
                              e:/program files (x86)/gnu arm embedded toolchain/10 2021.10/bin/../lib/gcc/arm-none-eabi/10.3.1/../../../../arm-none-eabi/lib/thumb/v7e-m+fp/hard\libg.a(lib_a-exit.o) (_global_impure_ptr)
e:/program files (x86)/gnu arm embedded toolchain/10 2021.10/bin/../lib/gcc/arm-none-eabi/10.3.1/../../../../arm-none-eabi/lib/thumb/v7e-m+fp/hard\libg.a(lib_a-init.o)
                              e:/program files (x86)/gnu arm embedded toolchain/10 2021.10/bin/../lib/gcc/arm-none-eabi/10.3.1/../../../../arm-none-eabi/lib/thumb/v7e-m+fp/hard/crt0.o (__libc_init_array)
e:/program files (x86)/gnu arm embedded toolchain/10 2021.10/bin/../lib/gcc/arm-none-eabi/10.3.1/../../../../arm-none-eabi/lib/thumb/v7e-m+fp/hard\libg.a(lib_a-memcpy.o)
                              CMakeFiles/U_system.elf.dir/Middlewares/Third_Party/FreeRTOS/Source/queue.c.obj (memcpy)
e:/program files (x86)/gnu arm embedded toolchain/10 2021.10/bin/../lib/gcc/arm-none-eabi/10.3.1/../../../../arm-none-eabi/lib/thumb/v7e-m+fp/hard\libg.a(lib_a-memset.o)
                              e:/program files (x86)/gnu arm embedded toolchain/10 2021.10/bin/../lib/gcc/arm-none-eabi/10.3.1/../../../../arm-none-eabi/lib/thumb/v7e-m+fp/hard/crt0.o (memset)
e:/program files (x86)/gnu arm embedded toolchain/10 2021.10/bin/../lib/gcc/arm-none-eabi/10.3.1/../../../../arm-none-eabi/lib/thumb/v7e-m+fp/hard\libg.a(lib_a-reent.o)
                              CMakeFiles/U_system.elf.dir/Middlewares/Third_Party/FreeRTOS/Source/tasks.c.obj (_reclaim_reent)
e:/program files (x86)/gnu arm embedded toolchain/10 2021.10/bin/../lib/gcc/arm-none-eabi/10.3.1/../../../../arm-none-eabi/lib/thumb/v7e-m+fp/hard\libg.a(lib_a-vfiprintf.o)
                              e:/program files (x86)/gnu arm embedded toolchain/10 2021.10/bin/../lib/gcc/arm-none-eabi/10.3.1/../../../../arm-none-eabi/lib/thumb/v7e-m+fp/hard\libg.a(lib_a-fiprintf.o) (_vfiprintf_r)
e:/program files (x86)/gnu arm embedded toolchain/10 2021.10/bin/../lib/gcc/arm-none-eabi/10.3.1/../../../../arm-none-eabi/lib/thumb/v7e-m+fp/hard\libg.a(lib_a-wsetup.o)
                              e:/program files (x86)/gnu arm embedded toolchain/10 2021.10/bin/../lib/gcc/arm-none-eabi/10.3.1/../../../../arm-none-eabi/lib/thumb/v7e-m+fp/hard\libg.a(lib_a-vfiprintf.o) (__swsetup_r)
e:/program files (x86)/gnu arm embedded toolchain/10 2021.10/bin/../lib/gcc/arm-none-eabi/10.3.1/../../../../arm-none-eabi/lib/thumb/v7e-m+fp/hard\libg.a(lib_a-__call_atexit.o)
[...]
Memory Configuration

Name             Origin             Length             Attributes
FLASH            0x90000000         0x00800000         xr
DTCMRAM          0x20000000         0x00020000         xrw
RAM_D1           0x24000000         0x00080000         xrw
RAM_D2           0x30000000         0x00048000         xrw
RAM_D3           0x38000000         0x00010000         xrw
ITCMRAM          0x00000000         0x00010000         xrw
*default*        0x00000000         0xffffffff

Linker script and memory map

LOAD e:/program files (x86)/gnu arm embedded toolchain/10 2021.10/bin/../lib/gcc/arm-none-eabi/10.3.1/thumb/v7e-m+fp/hard/crti.o
LOAD e:/program files (x86)/gnu arm embedded toolchain/10 2021.10/bin/../lib/gcc/arm-none-eabi/10.3.1/thumb/v7e-m+fp/hard/crtbegin.o
LOAD e:/program files (x86)/gnu arm embedded toolchain/10 2021.10/bin/../lib/gcc/arm-none-eabi/10.3.1/../../../../arm-none-eabi/lib/thumb/v7e-m+fp/hard/crt0.o
LOAD CMakeFiles/U_system.elf.dir/Application/src/deviceTree.c.obj
LOAD CMakeFiles/U_system.elf.dir/Application/src/lcd_font.c.obj
LOAD CMakeFiles/U_system.elf.dir/Application/src/lcd_spi.c.obj
LOAD CMakeFiles/U_system.elf.dir/Application/src/tlsf.c.obj
LOAD CMakeFiles/U_system.elf.dir/Core/Src/dma2d.c.obj
LOAD CMakeFiles/U_system.elf.dir/Core/Src/fmc.c.obj
LOAD CMakeFiles/U_system.elf.dir/Core/Src/freertos.c.obj
LOAD CMakeFiles/U_system.elf.dir/Core/Src/gpio.c.obj
LOAD CMakeFiles/U_system.elf.dir/Core/Src/jpeg.c.obj
LOAD CMakeFiles/U_system.elf.dir/Core/Src/main.c.obj
LOAD CMakeFiles/U_system.elf.dir/Core/Src/rtc.c.obj
LOAD CMakeFiles/U_system.elf.dir/Core/Src/sdmmc.c.obj
LOAD CMakeFiles/U_system.elf.dir/Core/Src/spi.c.obj
LOAD CMakeFiles/U_system.elf.dir/Core/Src/stm32h7xx_hal_msp.c.obj
LOAD CMakeFiles/U_system.elf.dir/Core/Src/stm32h7xx_hal_timebase_tim.c.obj
LOAD CMakeFiles/U_system.elf.dir/Core/Src/stm32h7xx_it.c.obj
LOAD CMakeFiles/U_system.elf.dir/Core/Src/syscalls.c.obj
LOAD CMakeFiles/U_system.elf.dir/Core/Src/sysmem.c.obj
LOAD CMakeFiles/U_system.elf.dir/Core/Src/system_stm32h7xx.c.obj
LOAD CMakeFiles/U_system.elf.dir/Core/Src/usart.c.obj
LOAD CMakeFiles/U_system.elf.dir/Core/Startup/startup_stm32h750xbhx.s.obj
LOAD CMakeFiles/U_system.elf.dir/Drivers/Kernel/src/u_stdio.c.obj
LOAD CMakeFiles/U_system.elf.dir/Drivers/STM32H7xx_HAL_Driver/Src/stm32h7xx_hal.c.obj
LOAD CMakeFiles/U_system.elf.dir/Drivers/STM32H7xx_HAL_Driver/Src/stm32h7xx_hal_cortex.c.obj
LOAD CMakeFiles/U_system.elf.dir/Drivers/STM32H7xx_HAL_Driver/Src/stm32h7xx_hal_dma.c.obj
LOAD CMakeFiles/U_system.elf.dir/Drivers/STM32H7xx_HAL_Driver/Src/stm32h7xx_hal_dma2d.c.obj
LOAD CMakeFiles/U_system.elf.dir/Drivers/STM32H7xx_HAL_Driver/Src/stm32h7xx_hal_dma_ex.c.obj
LOAD CMakeFiles/U_system.elf.dir/Drivers/STM32H7xx_HAL_Driver/Src/stm32h7xx_hal_exti.c.obj
LOAD CMakeFiles/U_system.elf.dir/Drivers/STM32H7xx_HAL_Driver/Src/stm32h7xx_hal_flash.c.obj
LOAD CMakeFiles/U_system.elf.dir/Drivers/STM32H7xx_HAL_Driver/Src/stm32h7xx_hal_flash_ex.c.obj
LOAD CMakeFiles/U_system.elf.dir/Drivers/STM32H7xx_HAL_Driver/Src/stm32h7xx_hal_gpio.c.obj
LOAD CMakeFiles/U_system.elf.dir/Drivers/STM32H7xx_HAL_Driver/Src/stm32h7xx_hal_hsem.c.obj
LOAD CMakeFiles/U_system.elf.dir/Drivers/STM32H7xx_HAL_Driver/Src/stm32h7xx_hal_i2c.c.obj
LOAD CMakeFiles/U_system.elf.dir/Drivers/STM32H7xx_HAL_Driver/Src/stm32h7xx_hal_i2c_ex.c.obj
LOAD CMakeFiles/U_system.elf.dir/Drivers/STM32H7xx_HAL_Driver/Src/stm32h7xx_hal_jpeg.c.obj
LOAD CMakeFiles/U_system.elf.dir/Drivers/STM32H7xx_HAL_Driver/Src/stm32h7xx_hal_mdma.c.obj
LOAD CMakeFiles/U_system.elf.dir/Drivers/STM32H7xx_HAL_Driver/Src/stm32h7xx_hal_pwr.c.obj
LOAD CMakeFiles/U_system.elf.dir/Drivers/STM32H7xx_HAL_Driver/Src/stm32h7xx_hal_pwr_ex.c.obj
LOAD CMakeFiles/U_system.elf.dir/Drivers/STM32H7xx_HAL_Driver/Src/stm32h7xx_hal_rcc.c.obj
LOAD CMakeFiles/U_system.elf.dir/Drivers/STM32H7xx_HAL_Driver/Src/stm32h7xx_hal_rcc_ex.c.obj
LOAD CMakeFiles/U_system.elf.dir/Drivers/STM32H7xx_HAL_Driver/Src/stm32h7xx_hal_rtc.c.obj
LOAD CMakeFiles/U_system.elf.dir/Drivers/STM32H7xx_HAL_Driver/Src/stm32h7xx_hal_rtc_ex.c.obj
LOAD CMakeFiles/U_system.elf.dir/Drivers/STM32H7xx_HAL_Driver/Src/stm32h7xx_hal_sd.c.obj
LOAD CMakeFiles/U_system.elf.dir/Drivers/STM32H7xx_HAL_Driver/Src/stm32h7xx_hal_sd_ex.c.obj
LOAD CMakeFiles/U_system.elf.dir/Drivers/STM32H7xx_HAL_Driver/Src/stm32h7xx_hal_sdram.c.obj
LOAD CMakeFiles/U_system.elf.dir/Drivers/STM32H7xx_HAL_Driver/Src/stm32h7xx_hal_spi.c.obj
LOAD CMakeFiles/U_system.elf.dir/Drivers/STM32H7xx_HAL_Driver/Src/stm32h7xx_hal_spi_ex.c.obj
LOAD CMakeFiles/U_system.elf.dir/Drivers/STM32H7xx_HAL_Driver/Src/stm32h7xx_hal_tim.c.obj
LOAD CMakeFiles/U_system.elf.dir/Drivers/STM32H7xx_HAL_Driver/Src/stm32h7xx_hal_tim_ex.c.obj
LOAD CMakeFiles/U_system.elf.dir/Drivers/STM32H7xx_HAL_Driver/Src/stm32h7xx_hal_uart.c.obj
LOAD CMakeFiles/U_system.elf.dir/Drivers/STM32H7xx_HAL_Driver/Src/stm32h7xx_hal_uart_ex.c.obj
LOAD CMakeFiles/U_system.elf.dir/Drivers/STM32H7xx_HAL_Driver/Src/stm32h7xx_ll_delayblock.c.obj
LOAD CMakeFiles/U_system.elf.dir/Drivers/STM32H7xx_HAL_Driver/Src/stm32h7xx_ll_fmc.c.obj
LOAD CMakeFiles/U_system.elf.dir/Drivers/STM32H7xx_HAL_Driver/Src/stm32h7xx_ll_sdmmc.c.obj
LOAD CMakeFiles/U_system.elf.dir/FATFS/App/fatfs.c.obj
LOAD CMakeFiles/U_system.elf.dir/FATFS/Target/bsp_driver_sd.c.obj
LOAD CMakeFiles/U_system.elf.dir/FATFS/Target/sd_diskio.c.obj
LOAD CMakeFiles/U_system.elf.dir/Middlewares/Third_Party/FatFs/src/diskio.c.obj
LOAD CMakeFiles/U_system.elf.dir/Middlewares/Third_Party/FatFs/src/ff.c.obj
LOAD CMakeFiles/U_system.elf.dir/Middlewares/Third_Party/FatFs/src/ff_gen_drv.c.obj
LOAD CMakeFiles/U_system.elf.dir/Middlewares/Third_Party/FatFs/src/option/ccsbcs.c.obj
LOAD CMakeFiles/U_system.elf.dir/Middlewares/Third_Party/FatFs/src/option/syscall.c.obj
LOAD CMakeFiles/U_system.elf.dir/Middlewares/Third_Party/FreeRTOS/Source/CMSIS_RTOS/cmsis_os.c.obj
LOAD CMakeFiles/U_system.elf.dir/Middlewares/Third_Party/FreeRTOS/Source/croutine.c.obj
LOAD CMakeFiles/U_system.elf.dir/Middlewares/Third_Party/FreeRTOS/Source/event_groups.c.obj
LOAD CMakeFiles/U_system.elf.dir/Middlewares/Third_Party/FreeRTOS/Source/list.c.obj
LOAD CMakeFiles/U_system.elf.dir/Middlewares/Third_Party/FreeRTOS/Source/portable/GCC/ARM_CM4F/port.c.obj
LOAD CMakeFiles/U_system.elf.dir/Middlewares/Third_Party/FreeRTOS/Source/portable/MemMang/heap_4.c.obj
LOAD CMakeFiles/U_system.elf.dir/Middlewares/Third_Party/FreeRTOS/Source/queue.c.obj
LOAD CMakeFiles/U_system.elf.dir/Middlewares/Third_Party/FreeRTOS/Source/stream_buffer.c.obj
LOAD CMakeFiles/U_system.elf.dir/Middlewares/Third_Party/FreeRTOS/Source/tasks.c.obj
LOAD CMakeFiles/U_system.elf.dir/Middlewares/Third_Party/FreeRTOS/Source/timers.c.obj
LOAD CMakeFiles/U_system.elf.dir/Task/src/LCDTask.c.obj
LOAD CMakeFiles/U_system.elf.dir/Task/src/RamTask.c.obj
LOAD CMakeFiles/U_system.elf.dir/Task/src/SDTask.c.obj
LOAD CMakeFiles/U_system.elf.dir/Utilities/JPEG/jpeg_utils.c.obj
START GROUP
LOAD e:/program files (x86)/gnu arm embedded toolchain/10 2021.10/bin/../lib/gcc/arm-none-eabi/10.3.1/thumb/v7e-m+fp/hard\libgcc.a
LOAD e:/program files (x86)/gnu arm embedded toolchain/10 2021.10/bin/../lib/gcc/arm-none-eabi/10.3.1/../../../../arm-none-eabi/lib/thumb/v7e-m+fp/hard\libg.a
LOAD e:/program files (x86)/gnu arm embedded toolchain/10 2021.10/bin/../lib/gcc/arm-none-eabi/10.3.1/../../../../arm-none-eabi/lib/thumb/v7e-m+fp/hard\libc.a
END GROUP
LOAD e:/program files (x86)/gnu arm embedded toolchain/10 2021.10/bin/../lib/gcc/arm-none-eabi/10.3.1/thumb/v7e-m+fp/hard/crtend.o
LOAD e:/program files (x86)/gnu arm embedded toolchain/10 2021.10/bin/../lib/gcc/arm-none-eabi/10.3.1/thumb/v7e-m+fp/hard/crtn.o
                0x24080000                _estack = (ORIGIN (RAM_D1) + LENGTH (RAM_D1))
                0x00001000                _Min_Heap_Size = 0x1000
                0x00002000                _Min_Stack_Size = 0x2000

.isr_vector     0x90000000      0x298
                0x90000000                . = ALIGN (0x4)
 *(.isr_vector)
 .isr_vector    0x90000000      0x298 CMakeFiles/U_system.elf.dir/Core/Startup/startup_stm32h750xbhx.s.obj
                0x90000000                g_pfnVectors
                0x90000298                . = ALIGN (0x4)

.text           0x900002a0     0x9f48
                0x900002a0                . = ALIGN (0x4)
 *(.text)
 .text          0x900002a0       0x40 e:/program files (x86)/gnu arm embedded toolchain/10 2021.10/bin/../lib/gcc/arm-none-eabi/10.3.1/thumb/v7e-m+fp/hard/crtbegin.o
 .text          0x900002e0       0x30 e:/program files (x86)/gnu arm embedded toolchain/10 2021.10/bin/../lib/gcc/arm-none-eabi/10.3.1/thumb/v7e-m+fp/hard\libgcc.a(_aeabi_uldivmod.o)
                0x900002e0                __aeabi_uldivmod
 .text          0x90000310      0x2d0 e:/program files (x86)/gnu arm embedded toolchain/10 2021.10/bin/../lib/gcc/arm-none-eabi/10.3.1/thumb/v7e-m+fp/hard\libgcc.a(_udivmoddi4.o)
                0x90000310                __udivmoddi4
 .text          0x900005e0        0x4 e:/program files (x86)/gnu arm embedded toolchain/10 2021.10/bin/../lib/gcc/arm-none-eabi/10.3.1/thumb/v7e-m+fp/hard\libgcc.a(_dvmd_tls.o)
                0x900005e0                __aeabi_idiv0
                0x900005e0                __aeabi_ldiv0
 .text          0x900005e4      0x134 e:/program files (x86)/gnu arm embedded toolchain/10 2021.10/bin/../lib/gcc/arm-none-eabi/10.3.1/../../../../arm-none-eabi/lib/thumb/v7e-m+fp/hard\libg.a(lib_a-memcpy.o)
                0x900005e4                memcpy
 *(.text*)
 .text.LCD_WriteCommand
                0x90000718       0x30 CMakeFiles/U_system.elf.dir/Application/src/lcd_spi.c.obj
                0x90000718                LCD_WriteCommand
 .text.LCD_WriteData_8bit
                0x90000748       0x30 CMakeFiles/U_system.elf.dir/Application/src/lcd_spi.c.obj
                0x90000748                LCD_WriteData_8bit
 .text.LCD_WriteData_16bit
                0x90000778       0x34 CMakeFiles/U_system.elf.dir/Application/src/lcd_spi.c.obj
                0x90000778                LCD_WriteData_16bit
 .text.LCD_WriteBuff
                0x900007ac       0x40 CMakeFiles/U_system.elf.dir/Application/src/lcd_spi.c.obj
                0x900007ac                LCD_WriteBuff
 .text.LCD_SetAddress
                0x900007ec       0x54 CMakeFiles/U_system.elf.dir/Application/src/lcd_spi.c.obj
                0x900007ec                LCD_SetAddress
 .text.LCD_SetColor
                0x90000840       0x24 CMakeFiles/U_system.elf.dir/Application/src/lcd_spi.c.obj
                0x90000840                LCD_SetColor
 .text.LCD_SetBackColor
                0x90000864       0x24 CMakeFiles/U_system.elf.dir/Application/src/lcd_spi.c.obj
                0x90000864                LCD_SetBackColor
 .text.LCD_SetDirection
                0x90000888       0x9c CMakeFiles/U_system.elf.dir/Application/src/lcd_spi.c.obj
                0x90000888                LCD_SetDirection
 .text.LCD_SetAsciiFont
                0x90000924        0xc CMakeFiles/U_system.elf.dir/Application/src/lcd_spi.c.obj
                0x90000924                LCD_SetAsciiFont
 .text.LCD_DisplayChar
                0x90000930       0xb0 CMakeFiles/U_system.elf.dir/Application/src/lcd_spi.c.obj
                0x90000930                LCD_DisplayChar
 .text.LCD_DisplayString
                0x900009e0       0x38 CMakeFiles/U_system.elf.dir/Application/src/lcd_spi.c.obj
                0x900009e0                LCD_DisplayString
 .text.LCD_SetTextFont
                0x90000a18       0x64 CMakeFiles/U_system.elf.dir/Application/src/lcd_spi.c.obj
                0x90000a18                LCD_SetTextFont
 .text.LCD_ShowNumMode
                0x90000a7c        0xc CMakeFiles/U_system.elf.dir/Application/src/lcd_spi.c.obj
                0x90000a7c                LCD_ShowNumMode
 .text.LCD_SPI_WaitOnFlagUntilTimeout
                0x90000a88       0x48 CMakeFiles/U_system.elf.dir/Application/src/lcd_spi.c.obj
                0x90000a88                LCD_SPI_WaitOnFlagUntilTimeout
 .text.LCD_SPI_CloseTransfer
                0x90000ad0       0xd0 CMakeFiles/U_system.elf.dir/Application/src/lcd_spi.c.obj
                0x90000ad0                LCD_SPI_CloseTransfer
 .text.LCD_SPI_Transmit
                0x90000ba0      0x174 CMakeFiles/U_system.elf.dir/Application/src/lcd_spi.c.obj
                0x90000ba0                LCD_SPI_Transmit
 .text.LCD_Clear
                0x90000d14       0x58 CMakeFiles/U_system.elf.dir/Application/src/lcd_spi.c.obj
                0x90000d14                LCD_Clear
 .text.SPI_LCD_Init
                0x90000d6c      0x1b0 CMakeFiles/U_system.elf.dir/Application/src/lcd_spi.c.obj
                0x90000d6c                SPI_LCD_Init
 .text.lcd_print
                0x90000f1c       0xcc CMakeFiles/U_system.elf.dir/Application/src/lcd_spi.c.obj
                0x90000f1c                lcd_print
 .text.control_construct
                0x90000fe8       0x32 CMakeFiles/U_system.elf.dir/Application/src/tlsf.c.obj
 *fill*         0x9000101a        0x2 
 .text.tlsf_create
                0x9000101c       0x24 CMakeFiles/U_system.elf.dir/Application/src/tlsf.c.obj
                0x9000101c                tlsf_create
 .text.MX_DMA2D_Init
                0x90001040       0x48 CMakeFiles/U_system.elf.dir/Core/Src/dma2d.c.obj
                0x90001040                MX_DMA2D_Init
 .text.HAL_DMA2D_MspInit
                0x90001088       0x34 CMakeFiles/U_system.elf.dir/Core/Src/dma2d.c.obj
                0x90001088                HAL_DMA2D_MspInit
 .text.HAL_FMC_MspInit
                0x900010bc      0x108 CMakeFiles/U_system.elf.dir/Core/Src/fmc.c.obj
 .text.SDRAM_Initialization_Sequence
                0x900011c4       0x8a CMakeFiles/U_system.elf.dir/Core/Src/fmc.c.obj
                0x900011c4                SDRAM_Initialization_Sequence
 *fill*         0x9000124e        0x2 
 .text.MX_FMC_Init
                0x90001250       0x78 CMakeFiles/U_system.elf.dir/Core/Src/fmc.c.obj
                0x90001250                MX_FMC_Init
 .text.HAL_SDRAM_MspInit
                0x900012c8        0x8 CMakeFiles/U_system.elf.dir/Core/Src/fmc.c.obj
                0x900012c8                HAL_SDRAM_MspInit
 .text.Shell    0x900012d0        0xa CMakeFiles/U_system.elf.dir/Core/Src/freertos.c.obj
                0x900012d0                Shell
 .text.LCD_Display
                0x900012da        0xc CMakeFiles/U_system.elf.dir/Core/Src/freertos.c.obj
                0x900012da                LCD_Display
 *fill*         0x900012e6        0x2 
 .text.FatFsTask
                0x900012e8       0x14 CMakeFiles/U_system.elf.dir/Core/Src/freertos.c.obj
                0x900012e8                FatFsTask
 .text.VFS      0x900012fc        0xc CMakeFiles/U_system.elf.dir/Core/Src/freertos.c.obj
                0x900012fc                VFS
 .text.vApplicationGetIdleTaskMemory
                0x90001308       0x18 CMakeFiles/U_system.elf.dir/Core/Src/freertos.c.obj
                0x90001308                vApplicationGetIdleTaskMemory
 .text.MX_FREERTOS_Init
                0x90001320       0xb8 CMakeFiles/U_system.elf.dir/Core/Src/freertos.c.obj
                0x90001320                MX_FREERTOS_Init
 .text.MX_GPIO_Init
                0x900013d8      0x194 CMakeFiles/U_system.elf.dir/Core/Src/gpio.c.obj
                0x900013d8                MX_GPIO_Init
 .text.MX_JPEG_Init
                0x9000156c       0x20 CMakeFiles/U_system.elf.dir/Core/Src/jpeg.c.obj
                0x9000156c                MX_JPEG_Init
 .text.HAL_JPEG_MspInit
                0x9000158c       0x34 CMakeFiles/U_system.elf.dir/Core/Src/jpeg.c.obj
                0x9000158c                HAL_JPEG_MspInit
 .text.MPU_Config
                0x900015c0       0x56 CMakeFiles/U_system.elf.dir/Core/Src/main.c.obj
 *fill*         0x90001616        0x2 
 .text.HAL_TIM_PeriodElapsedCallback
                0x90001618       0x18 CMakeFiles/U_system.elf.dir/Core/Src/main.c.obj
                0x90001618                HAL_TIM_PeriodElapsedCallback
 .text.Error_Handler
                0x90001630        0x4 CMakeFiles/U_system.elf.dir/Core/Src/main.c.obj
                0x90001630                Error_Handler
 .text.SystemClock_Config
                0x90001634       0x98 CMakeFiles/U_system.elf.dir/Core/Src/main.c.obj
                0x90001634                SystemClock_Config
 .text.main     0x900016cc       0x74 CMakeFiles/U_system.elf.dir/Core/Src/main.c.obj
                0x900016cc                main
 .text.MX_RTC_Init
                0x90001740       0x34 CMakeFiles/U_system.elf.dir/Core/Src/rtc.c.obj
                0x90001740                MX_RTC_Init
 .text.HAL_RTC_MspInit
                0x90001774       0x50 CMakeFiles/U_system.elf.dir/Core/Src/rtc.c.obj
                0x90001774                HAL_RTC_MspInit
 .text.MX_SDMMC1_SD_Init
                0x900017c4       0x24 CMakeFiles/U_system.elf.dir/Core/Src/sdmmc.c.obj
                0x900017c4                MX_SDMMC1_SD_Init
 .text.HAL_SD_MspInit
                0x900017e8       0xe0 CMakeFiles/U_system.elf.dir/Core/Src/sdmmc.c.obj
                0x900017e8                HAL_SD_MspInit
 .text.MX_SPI5_Init
                0x900018c8       0x60 CMakeFiles/U_system.elf.dir/Core/Src/spi.c.obj
                0x900018c8                MX_SPI5_Init
 .text.HAL_SPI_MspInit
                0x90001928      0x130 CMakeFiles/U_system.elf.dir/Core/Src/spi.c.obj
                0x90001928                HAL_SPI_MspInit
 .text.HAL_MspInit
                0x90001a58       0x34 CMakeFiles/U_system.elf.dir/Core/Src/stm32h7xx_hal_msp.c.obj
                0x90001a58                HAL_MspInit
 .text.HAL_InitTick
                0x90001a8c       0x90 CMakeFiles/U_system.elf.dir/Core/Src/stm32h7xx_hal_timebase_tim.c.obj
                0x90001a8c                HAL_InitTick
 .text.NMI_Handler
                0x90001b1c        0x2 CMakeFiles/U_system.elf.dir/Core/Src/stm32h7xx_it.c.obj
                0x90001b1c                NMI_Handler
 .text.HardFault_Handler
                0x90001b1e        0x2 CMakeFiles/U_system.elf.dir/Core/Src/stm32h7xx_it.c.obj
                0x90001b1e                HardFault_Handler
 .text.MemManage_Handler
                0x90001b20        0x2 CMakeFiles/U_system.elf.dir/Core/Src/stm32h7xx_it.c.obj
                0x90001b20                MemManage_Handler
 .text.BusFault_Handler
                0x90001b22        0x2 CMakeFiles/U_system.elf.dir/Core/Src/stm32h7xx_it.c.obj
                0x90001b22                BusFault_Handler
 .text.UsageFault_Handler
                0x90001b24        0x2 CMakeFiles/U_system.elf.dir/Core/Src/stm32h7xx_it.c.obj
                0x90001b24                UsageFault_Handler
 .text.DebugMon_Handler
                0x90001b26        0x2 CMakeFiles/U_system.elf.dir/Core/Src/stm32h7xx_it.c.obj
                0x90001b26                DebugMon_Handler
 .text.TIM1_UP_IRQHandler
                0x90001b28       0x10 CMakeFiles/U_system.elf.dir/Core/Src/stm32h7xx_it.c.obj
                0x90001b28                TIM1_UP_IRQHandler
 .text.SDMMC1_IRQHandler
                0x90001b38       0x10 CMakeFiles/U_system.elf.dir/Core/Src/stm32h7xx_it.c.obj
                0x90001b38                SDMMC1_IRQHandler
 .text._sbrk    0x90001b48       0x48 CMakeFiles/U_system.elf.dir/Core/Src/sysmem.c.obj
                0x90001b48                _sbrk
 .text.SystemInit
                0x90001b90       0xd4 CMakeFiles/U_system.elf.dir/Core/Src/system_stm32h7xx.c.obj
                0x90001b90                SystemInit
 .text.MX_USART1_UART_Init
                0x90001c64       0x68 CMakeFiles/U_system.elf.dir/Core/Src/usart.c.obj
                0x90001c64                MX_USART1_UART_Init
 .text.HAL_UART_MspInit
                0x90001ccc       0x98 CMakeFiles/U_system.elf.dir/Core/Src/usart.c.obj
                0x90001ccc                HAL_UART_MspInit
 .text.Reset_Handler
                0x90001d64       0x50 CMakeFiles/U_system.elf.dir/Core/Startup/startup_stm32h750xbhx.s.obj
                0x90001d64                Reset_Handler
 .text.Default_Handler
                0x90001db4        0x2 CMakeFiles/U_system.elf.dir/Core/Startup/startup_stm32h750xbhx.s.obj
                0x90001db4                RTC_Alarm_IRQHandler
                0x90001db4                HASH_RNG_IRQHandler
                0x90001db4                EXTI2_IRQHandler
                0x90001db4                TIM8_CC_IRQHandler
                0x90001db4                HRTIM1_Master_IRQHandler
                0x90001db4                UART8_IRQHandler
                0x90001db4                SPI4_IRQHandler
                0x90001db4                TIM1_CC_IRQHandler
                0x90001db4                BDMA_Channel6_IRQHandler
                0x90001db4                DMA2_Stream5_IRQHandler
                0x90001db4                HRTIM1_FLT_IRQHandler
                0x90001db4                JPEG_IRQHandler
                0x90001db4                DMA1_Stream5_IRQHandler
                0x90001db4                BDMA_Channel1_IRQHandler
                0x90001db4                HRTIM1_TIMD_IRQHandler
                0x90001db4                TAMP_STAMP_IRQHandler
                0x90001db4                EXTI3_IRQHandler
                0x90001db4                LPTIM4_IRQHandler
                0x90001db4                TIM8_TRG_COM_TIM14_IRQHandler
                0x90001db4                LPTIM2_IRQHandler
                0x90001db4                DFSDM1_FLT1_IRQHandler
                0x90001db4                DMAMUX2_OVR_IRQHandler
                0x90001db4                TIM8_UP_TIM13_IRQHandler
                0x90001db4                I2C3_ER_IRQHandler
                0x90001db4                DFSDM1_FLT2_IRQHandler
                0x90001db4                MDMA_IRQHandler
                0x90001db4                LPTIM3_IRQHandler
                0x90001db4                HSEM1_IRQHandler
                0x90001db4                EXTI0_IRQHandler
                0x90001db4                I2C2_EV_IRQHandler
                0x90001db4                DMA1_Stream2_IRQHandler
                0x90001db4                FPU_IRQHandler
                0x90001db4                OTG_HS_WKUP_IRQHandler
                0x90001db4                FDCAN1_IT1_IRQHandler
                0x90001db4                LTDC_ER_IRQHandler
                0x90001db4                DMA2_Stream2_IRQHandler
                0x90001db4                HRTIM1_TIME_IRQHandler
                0x90001db4                SPI1_IRQHandler
                0x90001db4                TIM6_DAC_IRQHandler
                0x90001db4                DCMI_IRQHandler
                0x90001db4                HRTIM1_TIMC_IRQHandler
                0x90001db4                DMA2_Stream3_IRQHandler
                0x90001db4                SAI2_IRQHandler
                0x90001db4                DFSDM1_FLT3_IRQHandler
                0x90001db4                USART6_IRQHandler
                0x90001db4                TIM17_IRQHandler
                0x90001db4                USART3_IRQHandler
                0x90001db4                BDMA_Channel7_IRQHandler
                0x90001db4                CRYP_IRQHandler
                0x90001db4                LPTIM5_IRQHandler
                0x90001db4                UART5_IRQHandler
                0x90001db4                ADC3_IRQHandler
                0x90001db4                DMA2_Stream0_IRQHandler
                0x90001db4                TIM4_IRQHandler
                0x90001db4                BDMA_Channel2_IRQHandler
                0x90001db4                QUADSPI_IRQHandler
                0x90001db4                I2C1_EV_IRQHandler
                0x90001db4                DMA1_Stream6_IRQHandler
                0x90001db4                DMAMUX1_OVR_IRQHandler
                0x90001db4                DMA1_Stream1_IRQHandler
                0x90001db4                TIM16_IRQHandler
                0x90001db4                UART4_IRQHandler
                0x90001db4                BDMA_Channel5_IRQHandler
                0x90001db4                TIM3_IRQHandler
                0x90001db4                RCC_IRQHandler
                0x90001db4                TIM8_BRK_TIM12_IRQHandler
                0x90001db4                TIM1_TRG_COM_IRQHandler
                0x90001db4                Default_Handler
                0x90001db4                ECC_IRQHandler
                0x90001db4                CEC_IRQHandler
                0x90001db4                EXTI15_10_IRQHandler
                0x90001db4                BDMA_Channel0_IRQHandler
                0x90001db4                ADC_IRQHandler
                0x90001db4                DMA1_Stream7_IRQHandler
                0x90001db4                HRTIM1_TIMA_IRQHandler
                0x90001db4                SPI5_IRQHandler
                0x90001db4                TIM7_IRQHandler
                0x90001db4                TIM5_IRQHandler
                0x90001db4                DMA2_Stream7_IRQHandler
                0x90001db4                TIM15_IRQHandler
                0x90001db4                PVD_AVD_IRQHandler
                0x90001db4                I2C3_EV_IRQHandler
                0x90001db4                EXTI9_5_IRQHandler
                0x90001db4                RTC_WKUP_IRQHandler
                0x90001db4                LTDC_IRQHandler
                0x90001db4                SAI3_IRQHandler
                0x90001db4                ETH_WKUP_IRQHandler
                0x90001db4                SPDIF_RX_IRQHandler
                0x90001db4                SPI2_IRQHandler
                0x90001db4                OTG_HS_EP1_IN_IRQHandler
                0x90001db4                DMA1_Stream0_IRQHandler
                0x90001db4                CRS_IRQHandler
                0x90001db4                EXTI4_IRQHandler
                0x90001db4                HRTIM1_TIMB_IRQHandler
                0x90001db4                FDCAN2_IT1_IRQHandler
                0x90001db4                ETH_IRQHandler
                0x90001db4                BDMA_Channel4_IRQHandler
                0x90001db4                OTG_HS_EP1_OUT_IRQHandler
                0x90001db4                WWDG_IRQHandler
                0x90001db4                SPI6_IRQHandler
                0x90001db4                MDIOS_IRQHandler
                0x90001db4                I2C4_EV_IRQHandler
                0x90001db4                FDCAN2_IT0_IRQHandler
                0x90001db4                LPUART1_IRQHandler
                0x90001db4                FDCAN1_IT0_IRQHandler
                0x90001db4                TIM2_IRQHandler
                0x90001db4                OTG_FS_WKUP_IRQHandler
                0x90001db4                OTG_HS_IRQHandler
                0x90001db4                DMA2D_IRQHandler
                0x90001db4                TIM1_BRK_IRQHandler
                0x90001db4                EXTI1_IRQHandler
                0x90001db4                SDMMC2_IRQHandler
                0x90001db4                OTG_FS_EP1_OUT_IRQHandler
                0x90001db4                BDMA_Channel3_IRQHandler
                0x90001db4                UART7_IRQHandler
                0x90001db4                MDIOS_WKUP_IRQHandler
                0x90001db4                USART2_IRQHandler
                0x90001db4                DFSDM1_FLT0_IRQHandler
                0x90001db4                SAI4_IRQHandler
                0x90001db4                I2C2_ER_IRQHandler
                0x90001db4                DMA2_Stream1_IRQHandler
                0x90001db4                FLASH_IRQHandler
                0x90001db4                DMA2_Stream4_IRQHandler
                0x90001db4                USART1_IRQHandler
                0x90001db4                OTG_FS_IRQHandler
                0x90001db4                SPI3_IRQHandler
                0x90001db4                WAKEUP_PIN_IRQHandler
                0x90001db4                DMA1_Stream4_IRQHandler
                0x90001db4                OTG_FS_EP1_IN_IRQHandler
                0x90001db4                I2C1_ER_IRQHandler
                0x90001db4                FMC_IRQHandler
                0x90001db4                FDCAN_CAL_IRQHandler
                0x90001db4                SWPMI1_IRQHandler
                0x90001db4                COMP1_IRQHandler
                0x90001db4                LPTIM1_IRQHandler
                0x90001db4                I2C4_ER_IRQHandler
                0x90001db4                DMA2_Stream6_IRQHandler
                0x90001db4                SAI1_IRQHandler
                0x90001db4                DMA1_Stream3_IRQHandler
 *fill*         0x90001db6        0x2 
 .text.put_char
                0x90001db8       0x24 CMakeFiles/U_system.elf.dir/Drivers/Kernel/src/u_stdio.c.obj
                0x90001db8                put_char
 .text.put_s    0x90001ddc       0x14 CMakeFiles/U_system.elf.dir/Drivers/Kernel/src/u_stdio.c.obj
                0x90001ddc                put_s
 .text.put_num  0x90001df0       0x64 CMakeFiles/U_system.elf.dir/Drivers/Kernel/src/u_stdio.c.obj
                0x90001df0                put_num
 .text.v_printf
                0x90001e54       0x96 CMakeFiles/U_system.elf.dir/Drivers/Kernel/src/u_stdio.c.obj
 .text.u_print  0x90001eea       0x18 CMakeFiles/U_system.elf.dir/Drivers/Kernel/src/u_stdio.c.obj
                0x90001eea                u_print
 .text.strlen   0x90001f02       0x12 CMakeFiles/U_system.elf.dir/Drivers/Kernel/src/u_stdio.c.obj
                0x90001f02                strlen
 .text.strtok   0x90001f14       0x3c CMakeFiles/U_system.elf.dir/Drivers/Kernel/src/u_stdio.c.obj
                0x90001f14                strtok
 .text.strspilt
                0x90001f50       0x26 CMakeFiles/U_system.elf.dir/Drivers/Kernel/src/u_stdio.c.obj
                0x90001f50                strspilt
 *fill*         0x90001f76        0x2 
 .text.HAL_Init
                0x90001f78       0x5c CMakeFiles/U_system.elf.dir/Drivers/STM32H7xx_HAL_Driver/Src/stm32h7xx_hal.c.obj
                0x90001f78                HAL_Init
 .text.HAL_IncTick
                0x90001fd4       0x18 CMakeFiles/U_system.elf.dir/Drivers/STM32H7xx_HAL_Driver/Src/stm32h7xx_hal.c.obj
                0x90001fd4                HAL_IncTick
 .text.HAL_GetTick
                0x90001fec        0xc CMakeFiles/U_system.elf.dir/Drivers/STM32H7xx_HAL_Driver/Src/stm32h7xx_hal.c.obj
                0x90001fec                HAL_GetTick
 .text.HAL_Delay
                0x90001ff8       0x28 CMakeFiles/U_system.elf.dir/Drivers/STM32H7xx_HAL_Driver/Src/stm32h7xx_hal.c.obj
                0x90001ff8                HAL_Delay
 .text.HAL_GetREVID
                0x90002020        0xc CMakeFiles/U_system.elf.dir/Drivers/STM32H7xx_HAL_Driver/Src/stm32h7xx_hal.c.obj
                0x90002020                HAL_GetREVID
 .text.HAL_NVIC_SetPriorityGrouping
                0x9000202c       0x24 CMakeFiles/U_system.elf.dir/Drivers/STM32H7xx_HAL_Driver/Src/stm32h7xx_hal_cortex.c.obj
                0x9000202c                HAL_NVIC_SetPriorityGrouping
 .text.HAL_NVIC_SetPriority
                0x90002050       0x6c CMakeFiles/U_system.elf.dir/Drivers/STM32H7xx_HAL_Driver/Src/stm32h7xx_hal_cortex.c.obj
                0x90002050                HAL_NVIC_SetPriority
 .text.HAL_NVIC_EnableIRQ
                0x900020bc       0x1c CMakeFiles/U_system.elf.dir/Drivers/STM32H7xx_HAL_Driver/Src/stm32h7xx_hal_cortex.c.obj
                0x900020bc                HAL_NVIC_EnableIRQ
 .text.HAL_MPU_Disable
                0x900020d8       0x1c CMakeFiles/U_system.elf.dir/Drivers/STM32H7xx_HAL_Driver/Src/stm32h7xx_hal_cortex.c.obj
                0x900020d8                HAL_MPU_Disable
 .text.HAL_MPU_Enable
                0x900020f4       0x20 CMakeFiles/U_system.elf.dir/Drivers/STM32H7xx_HAL_Driver/Src/stm32h7xx_hal_cortex.c.obj
                0x900020f4                HAL_MPU_Enable
 .text.HAL_MPU_ConfigRegion
                0x90002114       0x58 CMakeFiles/U_system.elf.dir/Drivers/STM32H7xx_HAL_Driver/Src/stm32h7xx_hal_cortex.c.obj
                0x90002114                HAL_MPU_ConfigRegion
 .text.HAL_DMA2D_Init
                0x9000216c       0x84 CMakeFiles/U_system.elf.dir/Drivers/STM32H7xx_HAL_Driver/Src/stm32h7xx_hal_dma2d.c.obj
                0x9000216c                HAL_DMA2D_Init
 .text.HAL_DMA2D_ConfigLayer
                0x900021f0      0x104 CMakeFiles/U_system.elf.dir/Drivers/STM32H7xx_HAL_Driver/Src/stm32h7xx_hal_dma2d.c.obj
                0x900021f0                HAL_DMA2D_ConfigLayer
 .text.HAL_GPIO_Init
                0x900022f4      0x220 CMakeFiles/U_system.elf.dir/Drivers/STM32H7xx_HAL_Driver/Src/stm32h7xx_hal_gpio.c.obj
                0x900022f4                HAL_GPIO_Init
 .text.HAL_GPIO_WritePin
                0x90002514        0xc CMakeFiles/U_system.elf.dir/Drivers/STM32H7xx_HAL_Driver/Src/stm32h7xx_hal_gpio.c.obj
                0x90002514                HAL_GPIO_WritePin
 .text.JPEG_Bits_To_SizeCodes
                0x90002520       0x80 CMakeFiles/U_system.elf.dir/Drivers/STM32H7xx_HAL_Driver/Src/stm32h7xx_hal_jpeg.c.obj
 .text.JPEG_ACHuff_BitsVals_To_SizeCodes
                0x900025a0       0x6c CMakeFiles/U_system.elf.dir/Drivers/STM32H7xx_HAL_Driver/Src/stm32h7xx_hal_jpeg.c.obj
 .text.JPEG_DCHuff_BitsVals_To_SizeCodes
                0x9000260c       0x5a CMakeFiles/U_system.elf.dir/Drivers/STM32H7xx_HAL_Driver/Src/stm32h7xx_hal_jpeg.c.obj
 .text.JPEG_Set_HuffDC_Mem
                0x90002666       0x9a CMakeFiles/U_system.elf.dir/Drivers/STM32H7xx_HAL_Driver/Src/stm32h7xx_hal_jpeg.c.obj
 .text.JPEG_Set_HuffAC_Mem
                0x90002700       0xb8 CMakeFiles/U_system.elf.dir/Drivers/STM32H7xx_HAL_Driver/Src/stm32h7xx_hal_jpeg.c.obj
 .text.JPEG_Set_Huff_DHTMem
                0x900027b8      0x26c CMakeFiles/U_system.elf.dir/Drivers/STM32H7xx_HAL_Driver/Src/stm32h7xx_hal_jpeg.c.obj
 .text.JPEG_Set_HuffEnc_Mem
                0x90002a24       0x68 CMakeFiles/U_system.elf.dir/Drivers/STM32H7xx_HAL_Driver/Src/stm32h7xx_hal_jpeg.c.obj
 .text.HAL_JPEG_Init
                0x90002a8c       0xa0 CMakeFiles/U_system.elf.dir/Drivers/STM32H7xx_HAL_Driver/Src/stm32h7xx_hal_jpeg.c.obj
                0x90002a8c                HAL_JPEG_Init
 .text.HAL_PWREx_ConfigSupply
                0x90002b2c       0x54 CMakeFiles/U_system.elf.dir/Drivers/STM32H7xx_HAL_Driver/Src/stm32h7xx_hal_pwr_ex.c.obj
                0x90002b2c                HAL_PWREx_ConfigSupply
 .text.HAL_RCC_OscConfig
                0x90002b80      0x6b4 CMakeFiles/U_system.elf.dir/Drivers/STM32H7xx_HAL_Driver/Src/stm32h7xx_hal_rcc.c.obj
                0x90002b80                HAL_RCC_OscConfig
 .text.HAL_RCC_GetSysClockFreq
                0x90003234      0x1f4 CMakeFiles/U_system.elf.dir/Drivers/STM32H7xx_HAL_Driver/Src/stm32h7xx_hal_rcc.c.obj
                0x90003234                HAL_RCC_GetSysClockFreq
 .text.HAL_RCC_ClockConfig
                0x90003428      0x294 CMakeFiles/U_system.elf.dir/Drivers/STM32H7xx_HAL_Driver/Src/stm32h7xx_hal_rcc.c.obj
                0x90003428                HAL_RCC_ClockConfig
 .text.HAL_RCC_GetHCLKFreq
                0x900036bc       0x44 CMakeFiles/U_system.elf.dir/Drivers/STM32H7xx_HAL_Driver/Src/stm32h7xx_hal_rcc.c.obj
                0x900036bc                HAL_RCC_GetHCLKFreq
 .text.HAL_RCC_GetPCLK1Freq
                0x90003700       0x24 CMakeFiles/U_system.elf.dir/Drivers/STM32H7xx_HAL_Driver/Src/stm32h7xx_hal_rcc.c.obj
                0x90003700                HAL_RCC_GetPCLK1Freq
 .text.HAL_RCC_GetPCLK2Freq
                0x90003724       0x24 CMakeFiles/U_system.elf.dir/Drivers/STM32H7xx_HAL_Driver/Src/stm32h7xx_hal_rcc.c.obj
                0x90003724                HAL_RCC_GetPCLK2Freq
 .text.HAL_RCC_GetClockConfig
                0x90003748       0x54 CMakeFiles/U_system.elf.dir/Drivers/STM32H7xx_HAL_Driver/Src/stm32h7xx_hal_rcc.c.obj
                0x90003748                HAL_RCC_GetClockConfig
 .text.RCCEx_PLL2_Config
                0x9000379c      0x10c CMakeFiles/U_system.elf.dir/Drivers/STM32H7xx_HAL_Driver/Src/stm32h7xx_hal_rcc_ex.c.obj
 .text.RCCEx_PLL3_Config
                0x900038a8      0x10c CMakeFiles/U_system.elf.dir/Drivers/STM32H7xx_HAL_Driver/Src/stm32h7xx_hal_rcc_ex.c.obj
 .text.HAL_RCCEx_PeriphCLKConfig
                0x900039b4      0xa8c CMakeFiles/U_system.elf.dir/Drivers/STM32H7xx_HAL_Driver/Src/stm32h7xx_hal_rcc_ex.c.obj
                0x900039b4                HAL_RCCEx_PeriphCLKConfig
 .text.HAL_RCCEx_GetD3PCLK1Freq
                0x90004440       0x24 CMakeFiles/U_system.elf.dir/Drivers/STM32H7xx_HAL_Driver/Src/stm32h7xx_hal_rcc_ex.c.obj
                0x90004440                HAL_RCCEx_GetD3PCLK1Freq
 .text.HAL_RCCEx_GetPLL2ClockFreq
                0x90004464      0x1f8 CMakeFiles/U_system.elf.dir/Drivers/STM32H7xx_HAL_Driver/Src/stm32h7xx_hal_rcc_ex.c.obj
                0x90004464                HAL_RCCEx_GetPLL2ClockFreq
 .text.HAL_RCCEx_GetPLL3ClockFreq
                0x9000465c      0x1f8 CMakeFiles/U_system.elf.dir/Drivers/STM32H7xx_HAL_Driver/Src/stm32h7xx_hal_rcc_ex.c.obj
                0x9000465c                HAL_RCCEx_GetPLL3ClockFreq
 .text.HAL_RCCEx_GetPLL1ClockFreq
                0x90004854      0x1f8 CMakeFiles/U_system.elf.dir/Drivers/STM32H7xx_HAL_Driver/Src/stm32h7xx_hal_rcc_ex.c.obj
                0x90004854                HAL_RCCEx_GetPLL1ClockFreq
 .text.HAL_RCCEx_GetPeriphCLKFreq
                0x90004a4c      0x6d0 CMakeFiles/U_system.elf.dir/Drivers/STM32H7xx_HAL_Driver/Src/stm32h7xx_hal_rcc_ex.c.obj
                0x90004a4c                HAL_RCCEx_GetPeriphCLKFreq
 .text.HAL_RTC_WaitForSynchro
                0x9000511c       0x34 CMakeFiles/U_system.elf.dir/Drivers/STM32H7xx_HAL_Driver/Src/stm32h7xx_hal_rtc.c.obj
                0x9000511c                HAL_RTC_WaitForSynchro
 .text.RTC_EnterInitMode
                0x90005150       0x44 CMakeFiles/U_system.elf.dir/Drivers/STM32H7xx_HAL_Driver/Src/stm32h7xx_hal_rtc.c.obj
                0x90005150                RTC_EnterInitMode
 .text.RTC_ExitInitMode
                0x90005194       0x50 CMakeFiles/U_system.elf.dir/Drivers/STM32H7xx_HAL_Driver/Src/stm32h7xx_hal_rtc.c.obj
                0x90005194                RTC_ExitInitMode
 .text.HAL_RTC_Init
                0x900051e4       0xa4 CMakeFiles/U_system.elf.dir/Drivers/STM32H7xx_HAL_Driver/Src/stm32h7xx_hal_rtc.c.obj
                0x900051e4                HAL_RTC_Init
 .text.SD_PowerON
                0x90005288       0xc4 CMakeFiles/U_system.elf.dir/Drivers/STM32H7xx_HAL_Driver/Src/stm32h7xx_hal_sd.c.obj
 .text.SD_Read_IT
                0x9000534c       0x3c CMakeFiles/U_system.elf.dir/Drivers/STM32H7xx_HAL_Driver/Src/stm32h7xx_hal_sd.c.obj
 .text.SD_Write_IT
                0x90005388       0x4c CMakeFiles/U_system.elf.dir/Drivers/STM32H7xx_HAL_Driver/Src/stm32h7xx_hal_sd.c.obj
 .text.SD_SendSDStatus
                0x900053d4      0x108 CMakeFiles/U_system.elf.dir/Drivers/STM32H7xx_HAL_Driver/Src/stm32h7xx_hal_sd.c.obj
 .text.SD_FindSCR
                0x900054dc      0x108 CMakeFiles/U_system.elf.dir/Drivers/STM32H7xx_HAL_Driver/Src/stm32h7xx_hal_sd.c.obj
 .text.SD_WideBus_Enable
                0x900055e4       0x4e CMakeFiles/U_system.elf.dir/Drivers/STM32H7xx_HAL_Driver/Src/stm32h7xx_hal_sd.c.obj
 .text.SD_WideBus_Disable
                0x90005632       0x4e CMakeFiles/U_system.elf.dir/Drivers/STM32H7xx_HAL_Driver/Src/stm32h7xx_hal_sd.c.obj
 .text.SD_SendStatus
                0x90005680       0x2c CMakeFiles/U_system.elf.dir/Drivers/STM32H7xx_HAL_Driver/Src/stm32h7xx_hal_sd.c.obj
 .text.HAL_SD_ReadBlocks_DMA
                0x900056ac       0xe0 CMakeFiles/U_system.elf.dir/Drivers/STM32H7xx_HAL_Driver/Src/stm32h7xx_hal_sd.c.obj
                0x900056ac                HAL_SD_ReadBlocks_DMA
 .text.HAL_SD_WriteBlocks_DMA
                0x9000578c       0xe0 CMakeFiles/U_system.elf.dir/Drivers/STM32H7xx_HAL_Driver/Src/stm32h7xx_hal_sd.c.obj
                0x9000578c                HAL_SD_WriteBlocks_DMA
 .text.HAL_SD_ErrorCallback
                0x9000586c        0x2 CMakeFiles/U_system.elf.dir/Drivers/STM32H7xx_HAL_Driver/Src/stm32h7xx_hal_sd.c.obj
                0x9000586c                HAL_SD_ErrorCallback
 *fill*         0x9000586e        0x2 
 .text.HAL_SD_GetCardCSD
                0x90005870      0x1b8 CMakeFiles/U_system.elf.dir/Drivers/STM32H7xx_HAL_Driver/Src/stm32h7xx_hal_sd.c.obj
                0x90005870                HAL_SD_GetCardCSD
 .text.SD_InitCard
                0x90005a28       0xfc CMakeFiles/U_system.elf.dir/Drivers/STM32H7xx_HAL_Driver/Src/stm32h7xx_hal_sd.c.obj
 .text.HAL_SD_InitCard
                0x90005b24       0xcc CMakeFiles/U_system.elf.dir/Drivers/STM32H7xx_HAL_Driver/Src/stm32h7xx_hal_sd.c.obj
                0x90005b24                HAL_SD_InitCard
 .text.HAL_SD_GetCardStatus
                0x90005bf0       0xd0 CMakeFiles/U_system.elf.dir/Drivers/STM32H7xx_HAL_Driver/Src/stm32h7xx_hal_sd.c.obj
                0x90005bf0                HAL_SD_GetCardStatus
 .text.HAL_SD_GetCardInfo
                0x90005cc0       0x24 CMakeFiles/U_system.elf.dir/Drivers/STM32H7xx_HAL_Driver/Src/stm32h7xx_hal_sd.c.obj
                0x90005cc0                HAL_SD_GetCardInfo
 .text.HAL_SD_ConfigWideBusOperation
                0x90005ce4      0x158 CMakeFiles/U_system.elf.dir/Drivers/STM32H7xx_HAL_Driver/Src/stm32h7xx_hal_sd.c.obj
                0x90005ce4                HAL_SD_ConfigWideBusOperation
 .text.HAL_SD_GetCardState
                0x90005e3c       0x22 CMakeFiles/U_system.elf.dir/Drivers/STM32H7xx_HAL_Driver/Src/stm32h7xx_hal_sd.c.obj
                0x90005e3c                HAL_SD_GetCardState
 .text.HAL_SD_Init
                0x90005e5e       0xba CMakeFiles/U_system.elf.dir/Drivers/STM32H7xx_HAL_Driver/Src/stm32h7xx_hal_sd.c.obj
                0x90005e5e                HAL_SD_Init
 .text.HAL_SDEx_Read_DMADoubleBuf0CpltCallback
                0x90005f18        0x2 CMakeFiles/U_system.elf.dir/Drivers/STM32H7xx_HAL_Driver/Src/stm32h7xx_hal_sd.c.obj
                0x90005f18                HAL_SDEx_Read_DMADoubleBuf0CpltCallback
 .text.HAL_SDEx_Read_DMADoubleBuf1CpltCallback
                0x90005f1a        0x2 CMakeFiles/U_system.elf.dir/Drivers/STM32H7xx_HAL_Driver/Src/stm32h7xx_hal_sd.c.obj
                0x90005f1a                HAL_SDEx_Read_DMADoubleBuf1CpltCallback
 .text.HAL_SDEx_Write_DMADoubleBuf0CpltCallback
                0x90005f1c        0x2 CMakeFiles/U_system.elf.dir/Drivers/STM32H7xx_HAL_Driver/Src/stm32h7xx_hal_sd.c.obj
                0x90005f1c                HAL_SDEx_Write_DMADoubleBuf0CpltCallback
 .text.HAL_SDEx_Write_DMADoubleBuf1CpltCallback
                0x90005f1e        0x2 CMakeFiles/U_system.elf.dir/Drivers/STM32H7xx_HAL_Driver/Src/stm32h7xx_hal_sd.c.obj
                0x90005f1e                HAL_SDEx_Write_DMADoubleBuf1CpltCallback
 .text.HAL_SD_IRQHandler
                0x90005f20      0x22c CMakeFiles/U_system.elf.dir/Drivers/STM32H7xx_HAL_Driver/Src/stm32h7xx_hal_sd.c.obj
                0x90005f20                HAL_SD_IRQHandler
 .text.HAL_SDRAM_Init
                0x9000614c       0x50 CMakeFiles/U_system.elf.dir/Drivers/STM32H7xx_HAL_Driver/Src/stm32h7xx_hal_sdram.c.obj
                0x9000614c                HAL_SDRAM_Init
 .text.HAL_SDRAM_SendCommand
                0x9000619c       0x42 CMakeFiles/U_system.elf.dir/Drivers/STM32H7xx_HAL_Driver/Src/stm32h7xx_hal_sdram.c.obj
                0x9000619c                HAL_SDRAM_SendCommand
 .text.HAL_SDRAM_ProgramRefreshRate
                0x900061de       0x32 CMakeFiles/U_system.elf.dir/Drivers/STM32H7xx_HAL_Driver/Src/stm32h7xx_hal_sdram.c.obj
                0x900061de                HAL_SDRAM_ProgramRefreshRate
 .text.HAL_SDRAM_GetState
                0x90006210        0x6 CMakeFiles/U_system.elf.dir/Drivers/STM32H7xx_HAL_Driver/Src/stm32h7xx_hal_sdram.c.obj
                0x90006210                HAL_SDRAM_GetState
 *fill*         0x90006216        0x2 
 .text.SPI_CloseTransfer
                0x90006218       0xd0 CMakeFiles/U_system.elf.dir/Drivers/STM32H7xx_HAL_Driver/Src/stm32h7xx_hal_spi.c.obj
 .text.SPI_GetPacketSize
                0x900062e8       0x10 CMakeFiles/U_system.elf.dir/Drivers/STM32H7xx_HAL_Driver/Src/stm32h7xx_hal_spi.c.obj
 .text.SPI_WaitOnFlagUntilTimeout
                0x900062f8       0x46 CMakeFiles/U_system.elf.dir/Drivers/STM32H7xx_HAL_Driver/Src/stm32h7xx_hal_spi.c.obj
 *fill*         0x9000633e        0x2 
 .text.HAL_SPI_Init
                0x90006340      0x190 CMakeFiles/U_system.elf.dir/Drivers/STM32H7xx_HAL_Driver/Src/stm32h7xx_hal_spi.c.obj
                0x90006340                HAL_SPI_Init
 .text.HAL_SPI_Transmit
                0x900064d0      0x2c4 CMakeFiles/U_system.elf.dir/Drivers/STM32H7xx_HAL_Driver/Src/stm32h7xx_hal_spi.c.obj
                0x900064d0                HAL_SPI_Transmit
 .text.HAL_TIM_Base_MspInit
                0x90006794        0x2 CMakeFiles/U_system.elf.dir/Drivers/STM32H7xx_HAL_Driver/Src/stm32h7xx_hal_tim.c.obj
                0x90006794                HAL_TIM_Base_MspInit
 *fill*         0x90006796        0x2 
 .text.HAL_TIM_Base_Start_IT
                0x90006798       0x90 CMakeFiles/U_system.elf.dir/Drivers/STM32H7xx_HAL_Driver/Src/stm32h7xx_hal_tim.c.obj
                0x90006798                HAL_TIM_Base_Start_IT
 .text.HAL_TIM_OC_DelayElapsedCallback
                0x90006828        0x2 CMakeFiles/U_system.elf.dir/Drivers/STM32H7xx_HAL_Driver/Src/stm32h7xx_hal_tim.c.obj
                0x90006828                HAL_TIM_OC_DelayElapsedCallback
 .text.HAL_TIM_IC_CaptureCallback
                0x9000682a        0x2 CMakeFiles/U_system.elf.dir/Drivers/STM32H7xx_HAL_Driver/Src/stm32h7xx_hal_tim.c.obj
                0x9000682a                HAL_TIM_IC_CaptureCallback
 .text.HAL_TIM_PWM_PulseFinishedCallback
                0x9000682c        0x2 CMakeFiles/U_system.elf.dir/Drivers/STM32H7xx_HAL_Driver/Src/stm32h7xx_hal_tim.c.obj
                0x9000682c                HAL_TIM_PWM_PulseFinishedCallback
 .text.HAL_TIM_TriggerCallback
                0x9000682e        0x2 CMakeFiles/U_system.elf.dir/Drivers/STM32H7xx_HAL_Driver/Src/stm32h7xx_hal_tim.c.obj
                0x9000682e                HAL_TIM_TriggerCallback
 .text.HAL_TIM_IRQHandler
                0x90006830      0x17a CMakeFiles/U_system.elf.dir/Drivers/STM32H7xx_HAL_Driver/Src/stm32h7xx_hal_tim.c.obj
                0x90006830                HAL_TIM_IRQHandler
 *fill*         0x900069aa        0x2 
 .text.TIM_Base_SetConfig
                0x900069ac      0x114 CMakeFiles/U_system.elf.dir/Drivers/STM32H7xx_HAL_Driver/Src/stm32h7xx_hal_tim.c.obj
                0x900069ac                TIM_Base_SetConfig
 .text.HAL_TIM_Base_Init
                0x90006ac0       0x60 CMakeFiles/U_system.elf.dir/Drivers/STM32H7xx_HAL_Driver/Src/stm32h7xx_hal_tim.c.obj
                0x90006ac0                HAL_TIM_Base_Init
 .text.HAL_TIMEx_CommutCallback
                0x90006b20        0x2 CMakeFiles/U_system.elf.dir/Drivers/STM32H7xx_HAL_Driver/Src/stm32h7xx_hal_tim_ex.c.obj
                0x90006b20                HAL_TIMEx_CommutCallback
 .text.HAL_TIMEx_BreakCallback
                0x90006b22        0x2 CMakeFiles/U_system.elf.dir/Drivers/STM32H7xx_HAL_Driver/Src/stm32h7xx_hal_tim_ex.c.obj
                0x90006b22                HAL_TIMEx_BreakCallback
 .text.HAL_TIMEx_Break2Callback
                0x90006b24        0x2 CMakeFiles/U_system.elf.dir/Drivers/STM32H7xx_HAL_Driver/Src/stm32h7xx_hal_tim_ex.c.obj
                0x90006b24                HAL_TIMEx_Break2Callback
 *fill*         0x90006b26        0x2 
 .text.UART_EndRxTransfer
                0x90006b28       0x58 CMakeFiles/U_system.elf.dir/Drivers/STM32H7xx_HAL_Driver/Src/stm32h7xx_hal_uart.c.obj
 .text.UART_SetConfig
                0x90006b80      0x5f4 CMakeFiles/U_system.elf.dir/Drivers/STM32H7xx_HAL_Driver/Src/stm32h7xx_hal_uart.c.obj
                0x90006b80                UART_SetConfig
 .text.UART_AdvFeatureConfig
                0x90007174       0xca CMakeFiles/U_system.elf.dir/Drivers/STM32H7xx_HAL_Driver/Src/stm32h7xx_hal_uart.c.obj
                0x90007174                UART_AdvFeatureConfig
 .text.UART_WaitOnFlagUntilTimeout
                0x9000723e       0xaa CMakeFiles/U_system.elf.dir/Drivers/STM32H7xx_HAL_Driver/Src/stm32h7xx_hal_uart.c.obj
                0x9000723e                UART_WaitOnFlagUntilTimeout
 .text.HAL_UART_Transmit
                0x900072e8       0xd0 CMakeFiles/U_system.elf.dir/Drivers/STM32H7xx_HAL_Driver/Src/stm32h7xx_hal_uart.c.obj
                0x900072e8                HAL_UART_Transmit
 .text.UART_CheckIdleState
                0x900073b8       0xca CMakeFiles/U_system.elf.dir/Drivers/STM32H7xx_HAL_Driver/Src/stm32h7xx_hal_uart.c.obj
                0x900073b8                UART_CheckIdleState
 .text.HAL_UART_Init
                0x90007482       0x66 CMakeFiles/U_system.elf.dir/Drivers/STM32H7xx_HAL_Driver/Src/stm32h7xx_hal_uart.c.obj
                0x90007482                HAL_UART_Init
 .text.UARTEx_SetNbDataToProcess
                0x900074e8       0x4c CMakeFiles/U_system.elf.dir/Drivers/STM32H7xx_HAL_Driver/Src/stm32h7xx_hal_uart_ex.c.obj
 .text.HAL_UARTEx_DisableFifoMode
                0x90007534       0x3e CMakeFiles/U_system.elf.dir/Drivers/STM32H7xx_HAL_Driver/Src/stm32h7xx_hal_uart_ex.c.obj
                0x90007534                HAL_UARTEx_DisableFifoMode
 .text.HAL_UARTEx_SetTxFifoThreshold
                0x90007572       0x4a CMakeFiles/U_system.elf.dir/Drivers/STM32H7xx_HAL_Driver/Src/stm32h7xx_hal_uart_ex.c.obj
                0x90007572                HAL_UARTEx_SetTxFifoThreshold
 .text.HAL_UARTEx_SetRxFifoThreshold
                0x900075bc       0x4a CMakeFiles/U_system.elf.dir/Drivers/STM32H7xx_HAL_Driver/Src/stm32h7xx_hal_uart_ex.c.obj
                0x900075bc                HAL_UARTEx_SetRxFifoThreshold
 *fill*         0x90007606        0x2 
 .text.FMC_SDRAM_Init
                0x90007608       0x74 CMakeFiles/U_system.elf.dir/Drivers/STM32H7xx_HAL_Driver/Src/stm32h7xx_ll_fmc.c.obj
                0x90007608                FMC_SDRAM_Init
 .text.FMC_SDRAM_Timing_Init
                0x9000767c       0xa8 CMakeFiles/U_system.elf.dir/Drivers/STM32H7xx_HAL_Driver/Src/stm32h7xx_ll_fmc.c.obj
                0x9000767c                FMC_SDRAM_Timing_Init
 .text.FMC_SDRAM_SendCommand
                0x90007724       0x30 CMakeFiles/U_system.elf.dir/Drivers/STM32H7xx_HAL_Driver/Src/stm32h7xx_ll_fmc.c.obj
                0x90007724                FMC_SDRAM_SendCommand
 .text.FMC_SDRAM_ProgramRefreshRate
                0x90007754       0x14 CMakeFiles/U_system.elf.dir/Drivers/STM32H7xx_HAL_Driver/Src/stm32h7xx_ll_fmc.c.obj
                0x90007754                FMC_SDRAM_ProgramRefreshRate
 .text.SDMMC_GetCmdError
                0x90007768       0x3c CMakeFiles/U_system.elf.dir/Drivers/STM32H7xx_HAL_Driver/Src/stm32h7xx_ll_sdmmc.c.obj
 .text.SDMMC_Init
                0x900077a4       0x30 CMakeFiles/U_system.elf.dir/Drivers/STM32H7xx_HAL_Driver/Src/stm32h7xx_ll_sdmmc.c.obj
                0x900077a4                SDMMC_Init
 .text.SDMMC_ReadFIFO
                0x900077d4        0x6 CMakeFiles/U_system.elf.dir/Drivers/STM32H7xx_HAL_Driver/Src/stm32h7xx_ll_sdmmc.c.obj
                0x900077d4                SDMMC_ReadFIFO
 .text.SDMMC_WriteFIFO
                0x900077da        0xa CMakeFiles/U_system.elf.dir/Drivers/STM32H7xx_HAL_Driver/Src/stm32h7xx_ll_sdmmc.c.obj
                0x900077da                SDMMC_WriteFIFO
 .text.SDMMC_PowerState_ON
                0x900077e4        0xc CMakeFiles/U_system.elf.dir/Drivers/STM32H7xx_HAL_Driver/Src/stm32h7xx_ll_sdmmc.c.obj
                0x900077e4                SDMMC_PowerState_ON
 .text.SDMMC_GetPowerState
                0x900077f0        0x8 CMakeFiles/U_system.elf.dir/Drivers/STM32H7xx_HAL_Driver/Src/stm32h7xx_ll_sdmmc.c.obj
                0x900077f0                SDMMC_GetPowerState
 .text.SDMMC_SendCommand
                0x900077f8       0x24 CMakeFiles/U_system.elf.dir/Drivers/STM32H7xx_HAL_Driver/Src/stm32h7xx_ll_sdmmc.c.obj
                0x900077f8                SDMMC_SendCommand
 .text.SDMMC_GetCommandResponse
                0x9000781c        0x6 CMakeFiles/U_system.elf.dir/Drivers/STM32H7xx_HAL_Driver/Src/stm32h7xx_ll_sdmmc.c.obj
                0x9000781c                SDMMC_GetCommandResponse
 .text.SDMMC_GetResponse
                0x90007822        0x6 CMakeFiles/U_system.elf.dir/Drivers/STM32H7xx_HAL_Driver/Src/stm32h7xx_ll_sdmmc.c.obj
                0x90007822                SDMMC_GetResponse
 .text.SDMMC_ConfigData
                0x90007828       0x24 CMakeFiles/U_system.elf.dir/Drivers/STM32H7xx_HAL_Driver/Src/stm32h7xx_ll_sdmmc.c.obj
                0x90007828                SDMMC_ConfigData
 .text.SDMMC_CmdGoIdleState
                0x9000784c       0x26 CMakeFiles/U_system.elf.dir/Drivers/STM32H7xx_HAL_Driver/Src/stm32h7xx_ll_sdmmc.c.obj
                0x9000784c                SDMMC_CmdGoIdleState
 *fill*         0x90007872        0x2 
 .text.SDMMC_GetCmdResp1
                0x90007874      0x160 CMakeFiles/U_system.elf.dir/Drivers/STM32H7xx_HAL_Driver/Src/stm32h7xx_ll_sdmmc.c.obj
                0x90007874                SDMMC_GetCmdResp1
 .text.SDMMC_CmdBlockLength
                0x900079d4       0x32 CMakeFiles/U_system.elf.dir/Drivers/STM32H7xx_HAL_Driver/Src/stm32h7xx_ll_sdmmc.c.obj
                0x900079d4                SDMMC_CmdBlockLength
 .text.SDMMC_CmdReadSingleBlock
                0x90007a06       0x32 CMakeFiles/U_system.elf.dir/Drivers/STM32H7xx_HAL_Driver/Src/stm32h7xx_ll_sdmmc.c.obj
                0x90007a06                SDMMC_CmdReadSingleBlock
 .text.SDMMC_CmdReadMultiBlock
                0x90007a38       0x32 CMakeFiles/U_system.elf.dir/Drivers/STM32H7xx_HAL_Driver/Src/stm32h7xx_ll_sdmmc.c.obj
                0x90007a38                SDMMC_CmdReadMultiBlock
 .text.SDMMC_CmdWriteSingleBlock
                0x90007a6a       0x32 CMakeFiles/U_system.elf.dir/Drivers/STM32H7xx_HAL_Driver/Src/stm32h7xx_ll_sdmmc.c.obj
                0x90007a6a                SDMMC_CmdWriteSingleBlock
 .text.SDMMC_CmdWriteMultiBlock
                0x90007a9c       0x32 CMakeFiles/U_system.elf.dir/Drivers/STM32H7xx_HAL_Driver/Src/stm32h7xx_ll_sdmmc.c.obj
                0x90007a9c                SDMMC_CmdWriteMultiBlock
 *fill*         0x90007ace        0x2 
 .text.SDMMC_CmdStopTransfer
                0x90007ad0       0x58 CMakeFiles/U_system.elf.dir/Drivers/STM32H7xx_HAL_Driver/Src/stm32h7xx_ll_sdmmc.c.obj
                0x90007ad0                SDMMC_CmdStopTransfer
 .text.SDMMC_CmdSelDesel
                0x90007b28       0x32 CMakeFiles/U_system.elf.dir/Drivers/STM32H7xx_HAL_Driver/Src/stm32h7xx_ll_sdmmc.c.obj
                0x90007b28                SDMMC_CmdSelDesel
 .text.SDMMC_CmdAppCommand
                0x90007b5a       0x32 CMakeFiles/U_system.elf.dir/Drivers/STM32H7xx_HAL_Driver/Src/stm32h7xx_ll_sdmmc.c.obj
                0x90007b5a                SDMMC_CmdAppCommand
 .text.SDMMC_CmdBusWidth
                0x90007b8c       0x32 CMakeFiles/U_system.elf.dir/Drivers/STM32H7xx_HAL_Driver/Src/stm32h7xx_ll_sdmmc.c.obj
                0x90007b8c                SDMMC_CmdBusWidth
 .text.SDMMC_CmdSendSCR
                0x90007bbe       0x32 CMakeFiles/U_system.elf.dir/Drivers/STM32H7xx_HAL_Driver/Src/stm32h7xx_ll_sdmmc.c.obj
                0x90007bbe                SDMMC_CmdSendSCR
 .text.SDMMC_CmdSendStatus
                0x90007bf0       0x32 CMakeFiles/U_system.elf.dir/Drivers/STM32H7xx_HAL_Driver/Src/stm32h7xx_ll_sdmmc.c.obj
                0x90007bf0                SDMMC_CmdSendStatus
 .text.SDMMC_CmdStatusRegister
                0x90007c22       0x32 CMakeFiles/U_system.elf.dir/Drivers/STM32H7xx_HAL_Driver/Src/stm32h7xx_ll_sdmmc.c.obj
                0x90007c22                SDMMC_CmdStatusRegister
 .text.SDMMC_GetCmdResp2
                0x90007c54       0x60 CMakeFiles/U_system.elf.dir/Drivers/STM32H7xx_HAL_Driver/Src/stm32h7xx_ll_sdmmc.c.obj
                0x90007c54                SDMMC_GetCmdResp2
 .text.SDMMC_CmdSendCID
                0x90007cb4       0x2c CMakeFiles/U_system.elf.dir/Drivers/STM32H7xx_HAL_Driver/Src/stm32h7xx_ll_sdmmc.c.obj
                0x90007cb4                SDMMC_CmdSendCID
 .text.SDMMC_CmdSendCSD
                0x90007ce0       0x2c CMakeFiles/U_system.elf.dir/Drivers/STM32H7xx_HAL_Driver/Src/stm32h7xx_ll_sdmmc.c.obj
                0x90007ce0                SDMMC_CmdSendCSD
 .text.SDMMC_GetCmdResp3
                0x90007d0c       0x50 CMakeFiles/U_system.elf.dir/Drivers/STM32H7xx_HAL_Driver/Src/stm32h7xx_ll_sdmmc.c.obj
                0x90007d0c                SDMMC_GetCmdResp3
 .text.SDMMC_CmdAppOperCommand
                0x90007d5c       0x2c CMakeFiles/U_system.elf.dir/Drivers/STM32H7xx_HAL_Driver/Src/stm32h7xx_ll_sdmmc.c.obj
                0x90007d5c                SDMMC_CmdAppOperCommand
 .text.SDMMC_GetCmdResp6
                0x90007d88       0xa4 CMakeFiles/U_system.elf.dir/Drivers/STM32H7xx_HAL_Driver/Src/stm32h7xx_ll_sdmmc.c.obj
                0x90007d88                SDMMC_GetCmdResp6
 .text.SDMMC_CmdSetRelAdd
                0x90007e2c       0x32 CMakeFiles/U_system.elf.dir/Drivers/STM32H7xx_HAL_Driver/Src/stm32h7xx_ll_sdmmc.c.obj
                0x90007e2c                SDMMC_CmdSetRelAdd
 *fill*         0x90007e5e        0x2 
 .text.SDMMC_GetCmdResp7
                0x90007e60       0x64 CMakeFiles/U_system.elf.dir/Drivers/STM32H7xx_HAL_Driver/Src/stm32h7xx_ll_sdmmc.c.obj
                0x90007e60                SDMMC_GetCmdResp7
 .text.SDMMC_CmdOperCond
                0x90007ec4       0x30 CMakeFiles/U_system.elf.dir/Drivers/STM32H7xx_HAL_Driver/Src/stm32h7xx_ll_sdmmc.c.obj
                0x90007ec4                SDMMC_CmdOperCond
 .text.MX_FATFS_Init
                0x90007ef4       0x1c CMakeFiles/U_system.elf.dir/FATFS/App/fatfs.c.obj
                0x90007ef4                MX_FATFS_Init
 .text.BSP_SD_ReadBlocks_DMA
                0x90007f10       0x18 CMakeFiles/U_system.elf.dir/FATFS/Target/bsp_driver_sd.c.obj
                0x90007f10                BSP_SD_ReadBlocks_DMA
 .text.BSP_SD_WriteBlocks_DMA
                0x90007f28       0x18 CMakeFiles/U_system.elf.dir/FATFS/Target/bsp_driver_sd.c.obj
                0x90007f28                BSP_SD_WriteBlocks_DMA
 .text.BSP_SD_GetCardState
                0x90007f40       0x14 CMakeFiles/U_system.elf.dir/FATFS/Target/bsp_driver_sd.c.obj
                0x90007f40                BSP_SD_GetCardState
 .text.BSP_SD_GetCardInfo
                0x90007f54       0x10 CMakeFiles/U_system.elf.dir/FATFS/Target/bsp_driver_sd.c.obj
                0x90007f54                BSP_SD_GetCardInfo
 .text.HAL_SD_TxCpltCallback
                0x90007f64        0x8 CMakeFiles/U_system.elf.dir/FATFS/Target/bsp_driver_sd.c.obj
                0x90007f64                HAL_SD_TxCpltCallback
 .text.HAL_SD_RxCpltCallback
                0x90007f6c        0x8 CMakeFiles/U_system.elf.dir/FATFS/Target/bsp_driver_sd.c.obj
                0x90007f6c                HAL_SD_RxCpltCallback
 .text.BSP_SD_IsDetected
                0x90007f74       0x10 CMakeFiles/U_system.elf.dir/FATFS/Target/bsp_driver_sd.c.obj
                0x90007f74                BSP_SD_IsDetected
 .text.BSP_SD_Init
                0x90007f84       0x34 CMakeFiles/U_system.elf.dir/FATFS/Target/bsp_driver_sd.c.obj
                0x90007f84                BSP_SD_Init
 .text.SD_CheckStatus
                0x90007fb8       0x24 CMakeFiles/U_system.elf.dir/FATFS/Target/sd_diskio.c.obj
 .text.SD_initialize
                0x90007fdc       0x74 CMakeFiles/U_system.elf.dir/FATFS/Target/sd_diskio.c.obj
                0x90007fdc                SD_initialize
 .text.SD_status
                0x90008050        0x8 CMakeFiles/U_system.elf.dir/FATFS/Target/sd_diskio.c.obj
                0x90008050                SD_status
 .text.SD_CheckStatusWithTimeout
                0x90008058       0x26 CMakeFiles/U_system.elf.dir/FATFS/Target/sd_diskio.c.obj
 *fill*         0x9000807e        0x2 
 .text.SD_read  0x90008080       0x74 CMakeFiles/U_system.elf.dir/FATFS/Target/sd_diskio.c.obj
                0x90008080                SD_read
 .text.SD_write
                0x900080f4       0x74 CMakeFiles/U_system.elf.dir/FATFS/Target/sd_diskio.c.obj
                0x900080f4                SD_write
 .text.SD_ioctl
                0x90008168       0x58 CMakeFiles/U_system.elf.dir/FATFS/Target/sd_diskio.c.obj
                0x90008168                SD_ioctl
 .text.BSP_SD_WriteCpltCallback
                0x900081c0       0x14 CMakeFiles/U_system.elf.dir/FATFS/Target/sd_diskio.c.obj
                0x900081c0                BSP_SD_WriteCpltCallback
 .text.BSP_SD_ReadCpltCallback
                0x900081d4       0x14 CMakeFiles/U_system.elf.dir/FATFS/Target/sd_diskio.c.obj
                0x900081d4                BSP_SD_ReadCpltCallback
 .text.FATFS_LinkDriverEx
                0x900081e8       0x54 CMakeFiles/U_system.elf.dir/Middlewares/Third_Party/FatFs/src/ff_gen_drv.c.obj
                0x900081e8                FATFS_LinkDriverEx
 .text.FATFS_LinkDriver
                0x9000823c        0xa CMakeFiles/U_system.elf.dir/Middlewares/Third_Party/FatFs/src/ff_gen_drv.c.obj
                0x9000823c                FATFS_LinkDriver
 .text.makeFreeRtosPriority
                0x90008246        0xc CMakeFiles/U_system.elf.dir/Middlewares/Third_Party/FreeRTOS/Source/CMSIS_RTOS/cmsis_os.c.obj
 .text.inHandlerMode
                0x90008252        0xc CMakeFiles/U_system.elf.dir/Middlewares/Third_Party/FreeRTOS/Source/CMSIS_RTOS/cmsis_os.c.obj
 .text.osKernelStart
                0x9000825e        0xa CMakeFiles/U_system.elf.dir/Middlewares/Third_Party/FreeRTOS/Source/CMSIS_RTOS/cmsis_os.c.obj
                0x9000825e                osKernelStart
 .text.osKernelRunning
                0x90008268       0x12 CMakeFiles/U_system.elf.dir/Middlewares/Third_Party/FreeRTOS/Source/CMSIS_RTOS/cmsis_os.c.obj
                0x90008268                osKernelRunning
 .text.osKernelSysTick
                0x9000827a       0x14 CMakeFiles/U_system.elf.dir/Middlewares/Third_Party/FreeRTOS/Source/CMSIS_RTOS/cmsis_os.c.obj
                0x9000827a                osKernelSysTick
 .text.osThreadCreate
                0x9000828e       0x6a CMakeFiles/U_system.elf.dir/Middlewares/Third_Party/FreeRTOS/Source/CMSIS_RTOS/cmsis_os.c.obj
                0x9000828e                osThreadCreate
 .text.osDelay  0x900082f8        0xe CMakeFiles/U_system.elf.dir/Middlewares/Third_Party/FreeRTOS/Source/CMSIS_RTOS/cmsis_os.c.obj
                0x900082f8                osDelay
 .text.osMessageCreate
                0x90008306       0x2a CMakeFiles/U_system.elf.dir/Middlewares/Third_Party/FreeRTOS/Source/CMSIS_RTOS/cmsis_os.c.obj
                0x90008306                osMessageCreate
 .text.osMessagePut
                0x90008330       0x66 CMakeFiles/U_system.elf.dir/Middlewares/Third_Party/FreeRTOS/Source/CMSIS_RTOS/cmsis_os.c.obj
                0x90008330                osMessagePut
 .text.osMessageGet
                0x90008396       0x88 CMakeFiles/U_system.elf.dir/Middlewares/Third_Party/FreeRTOS/Source/CMSIS_RTOS/cmsis_os.c.obj
                0x90008396                osMessageGet
 .text.vListInitialise
                0x9000841e       0x16 CMakeFiles/U_system.elf.dir/Middlewares/Third_Party/FreeRTOS/Source/list.c.obj
                0x9000841e                vListInitialise
 .text.vListInitialiseItem
                0x90008434        0x6 CMakeFiles/U_system.elf.dir/Middlewares/Third_Party/FreeRTOS/Source/list.c.obj
                0x90008434                vListInitialiseItem
 .text.vListInsertEnd
                0x9000843a       0x16 CMakeFiles/U_system.elf.dir/Middlewares/Third_Party/FreeRTOS/Source/list.c.obj
                0x9000843a                vListInsertEnd
 .text.vListInsert
                0x90008450       0x32 CMakeFiles/U_system.elf.dir/Middlewares/Third_Party/FreeRTOS/Source/list.c.obj
                0x90008450                vListInsert
 .text.uxListRemove
                0x90008482       0x26 CMakeFiles/U_system.elf.dir/Middlewares/Third_Party/FreeRTOS/Source/list.c.obj
                0x90008482                uxListRemove
 .text.prvTaskExitError
                0x900084a8       0x40 CMakeFiles/U_system.elf.dir/Middlewares/Third_Party/FreeRTOS/Source/portable/GCC/ARM_CM4F/port.c.obj
 .text.prvPortStartFirstTask
                0x900084e8       0x28 CMakeFiles/U_system.elf.dir/Middlewares/Third_Party/FreeRTOS/Source/portable/GCC/ARM_CM4F/port.c.obj
 .text.vPortEnableVFP
                0x90008510       0x14 CMakeFiles/U_system.elf.dir/Middlewares/Third_Party/FreeRTOS/Source/portable/GCC/ARM_CM4F/port.c.obj
 .text.pxPortInitialiseStack
                0x90008524       0x2c CMakeFiles/U_system.elf.dir/Middlewares/Third_Party/FreeRTOS/Source/portable/GCC/ARM_CM4F/port.c.obj
                0x90008524                pxPortInitialiseStack
 .text.SVC_Handler
                0x90008550       0x24 CMakeFiles/U_system.elf.dir/Middlewares/Third_Party/FreeRTOS/Source/portable/GCC/ARM_CM4F/port.c.obj
                0x90008550                SVC_Handler
 .text.vPortEnterCritical
                0x90008574       0x44 CMakeFiles/U_system.elf.dir/Middlewares/Third_Party/FreeRTOS/Source/portable/GCC/ARM_CM4F/port.c.obj
                0x90008574                vPortEnterCritical
 .text.vPortExitCritical
                0x900085b8       0x2c CMakeFiles/U_system.elf.dir/Middlewares/Third_Party/FreeRTOS/Source/portable/GCC/ARM_CM4F/port.c.obj
                0x900085b8                vPortExitCritical
 *fill*         0x900085e4        0xc 
 .text.PendSV_Handler
                0x900085f0       0x64 CMakeFiles/U_system.elf.dir/Middlewares/Third_Party/FreeRTOS/Source/portable/GCC/ARM_CM4F/port.c.obj
                0x900085f0                PendSV_Handler
 .text.SysTick_Handler
                0x90008654       0x2c CMakeFiles/U_system.elf.dir/Middlewares/Third_Party/FreeRTOS/Source/portable/GCC/ARM_CM4F/port.c.obj
                0x90008654                SysTick_Handler
 .text.vPortSetupTimerInterrupt
                0x90008680       0x28 CMakeFiles/U_system.elf.dir/Middlewares/Third_Party/FreeRTOS/Source/portable/GCC/ARM_CM4F/port.c.obj
                0x90008680                vPortSetupTimerInterrupt
 .text.xPortStartScheduler
                0x900086a8      0x118 CMakeFiles/U_system.elf.dir/Middlewares/Third_Party/FreeRTOS/Source/portable/GCC/ARM_CM4F/port.c.obj
                0x900086a8                xPortStartScheduler
 .text.vPortValidateInterruptPriority
                0x900087c0       0x5c CMakeFiles/U_system.elf.dir/Middlewares/Third_Party/FreeRTOS/Source/portable/GCC/ARM_CM4F/port.c.obj
                0x900087c0                vPortValidateInterruptPriority
 .text.prvHeapInit
                0x9000881c       0x64 CMakeFiles/U_system.elf.dir/Middlewares/Third_Party/FreeRTOS/Source/portable/MemMang/heap_4.c.obj
 .text.prvInsertBlockIntoFreeList
                0x90008880       0x64 CMakeFiles/U_system.elf.dir/Middlewares/Third_Party/FreeRTOS/Source/portable/MemMang/heap_4.c.obj
 .text.pvPortMalloc
                0x900088e4       0xfc CMakeFiles/U_system.elf.dir/Middlewares/Third_Party/FreeRTOS/Source/portable/MemMang/heap_4.c.obj
                0x900088e4                pvPortMalloc
 .text.vPortFree
                0x900089e0       0x7c CMakeFiles/U_system.elf.dir/Middlewares/Third_Party/FreeRTOS/Source/portable/MemMang/heap_4.c.obj
                0x900089e0                vPortFree
 .text.prvIsQueueFull
                0x90008a5c       0x1e CMakeFiles/U_system.elf.dir/Middlewares/Third_Party/FreeRTOS/Source/queue.c.obj
 .text.prvIsQueueEmpty
                0x90008a7a       0x1a CMakeFiles/U_system.elf.dir/Middlewares/Third_Party/FreeRTOS/Source/queue.c.obj
 .text.prvCopyDataToQueue
                0x90008a94       0x76 CMakeFiles/U_system.elf.dir/Middlewares/Third_Party/FreeRTOS/Source/queue.c.obj
 .text.prvCopyDataFromQueue
                0x90008b0a       0x24 CMakeFiles/U_system.elf.dir/Middlewares/Third_Party/FreeRTOS/Source/queue.c.obj
 .text.prvUnlockQueue
                0x90008b2e       0x6e CMakeFiles/U_system.elf.dir/Middlewares/Third_Party/FreeRTOS/Source/queue.c.obj
 .text.xQueueGenericReset
                0x90008b9c       0x84 CMakeFiles/U_system.elf.dir/Middlewares/Third_Party/FreeRTOS/Source/queue.c.obj
                0x90008b9c                xQueueGenericReset
 .text.prvInitialiseNewQueue
                0x90008c20       0x1c CMakeFiles/U_system.elf.dir/Middlewares/Third_Party/FreeRTOS/Source/queue.c.obj
 .text.xQueueGenericCreateStatic
                0x90008c3c       0xa6 CMakeFiles/U_system.elf.dir/Middlewares/Third_Party/FreeRTOS/Source/queue.c.obj
                0x90008c3c                xQueueGenericCreateStatic
 .text.xQueueGenericCreate
                0x90008ce2       0x48 CMakeFiles/U_system.elf.dir/Middlewares/Third_Party/FreeRTOS/Source/queue.c.obj
                0x90008ce2                xQueueGenericCreate
 .text.xQueueGenericSend
                0x90008d2a      0x188 CMakeFiles/U_system.elf.dir/Middlewares/Third_Party/FreeRTOS/Source/queue.c.obj
                0x90008d2a                xQueueGenericSend
 .text.xQueueGenericSendFromISR
                0x90008eb2       0xce CMakeFiles/U_system.elf.dir/Middlewares/Third_Party/FreeRTOS/Source/queue.c.obj
                0x90008eb2                xQueueGenericSendFromISR
 .text.xQueueReceive
                0x90008f80      0x15e CMakeFiles/U_system.elf.dir/Middlewares/Third_Party/FreeRTOS/Source/queue.c.obj
                0x90008f80                xQueueReceive
 .text.xQueueReceiveFromISR
                0x900090de       0xa8 CMakeFiles/U_system.elf.dir/Middlewares/Third_Party/FreeRTOS/Source/queue.c.obj
                0x900090de                xQueueReceiveFromISR
 *fill*         0x90009186        0x2 
 .text.prvResetNextTaskUnblockTime
                0x90009188       0x2c CMakeFiles/U_system.elf.dir/Middlewares/Third_Party/FreeRTOS/Source/tasks.c.obj
 .text.prvInitialiseNewTask
                0x900091b4       0xfe CMakeFiles/U_system.elf.dir/Middlewares/Third_Party/FreeRTOS/Source/tasks.c.obj
 *fill*         0x900092b2        0x2 
 .text.prvInitialiseTaskLists
                0x900092b4       0x68 CMakeFiles/U_system.elf.dir/Middlewares/Third_Party/FreeRTOS/Source/tasks.c.obj
 .text.prvAddNewTaskToReadyList
                0x9000931c       0xa8 CMakeFiles/U_system.elf.dir/Middlewares/Third_Party/FreeRTOS/Source/tasks.c.obj
 .text.prvDeleteTCB
                0x900093c4       0x40 CMakeFiles/U_system.elf.dir/Middlewares/Third_Party/FreeRTOS/Source/tasks.c.obj
 .text.prvCheckTasksWaitingTermination
                0x90009404       0x4c CMakeFiles/U_system.elf.dir/Middlewares/Third_Party/FreeRTOS/Source/tasks.c.obj
 .text.prvIdleTask
                0x90009450       0x28 CMakeFiles/U_system.elf.dir/Middlewares/Third_Party/FreeRTOS/Source/tasks.c.obj
 .text.prvAddCurrentTaskToDelayedList
                0x90009478       0xa0 CMakeFiles/U_system.elf.dir/Middlewares/Third_Party/FreeRTOS/Source/tasks.c.obj
 .text.xTaskCreateStatic
                0x90009518       0x7a CMakeFiles/U_system.elf.dir/Middlewares/Third_Party/FreeRTOS/Source/tasks.c.obj
                0x90009518                xTaskCreateStatic
 .text.xTaskCreate
                0x90009592       0x6a CMakeFiles/U_system.elf.dir/Middlewares/Third_Party/FreeRTOS/Source/tasks.c.obj
                0x90009592                xTaskCreate
 .text.vTaskStartScheduler
                0x900095fc       0x84 CMakeFiles/U_system.elf.dir/Middlewares/Third_Party/FreeRTOS/Source/tasks.c.obj
                0x900095fc                vTaskStartScheduler
 .text.vTaskSuspendAll
                0x90009680       0x10 CMakeFiles/U_system.elf.dir/Middlewares/Third_Party/FreeRTOS/Source/tasks.c.obj
                0x90009680                vTaskSuspendAll
 .text.xTaskGetTickCount
                0x90009690        0xc CMakeFiles/U_system.elf.dir/Middlewares/Third_Party/FreeRTOS/Source/tasks.c.obj
                0x90009690                xTaskGetTickCount
 .text.xTaskGetTickCountFromISR
                0x9000969c       0x10 CMakeFiles/U_system.elf.dir/Middlewares/Third_Party/FreeRTOS/Source/tasks.c.obj
                0x9000969c                xTaskGetTickCountFromISR
 .text.xTaskIncrementTick
                0x900096ac      0x118 CMakeFiles/U_system.elf.dir/Middlewares/Third_Party/FreeRTOS/Source/tasks.c.obj
                0x900096ac                xTaskIncrementTick
 .text.xTaskResumeAll
                0x900097c4       0xf8 CMakeFiles/U_system.elf.dir/Middlewares/Third_Party/FreeRTOS/Source/tasks.c.obj
                0x900097c4                xTaskResumeAll
 .text.vTaskDelay
                0x900098bc       0x4c CMakeFiles/U_system.elf.dir/Middlewares/Third_Party/FreeRTOS/Source/tasks.c.obj
                0x900098bc                vTaskDelay
 .text.vTaskSwitchContext
                0x90009908       0xa4 CMakeFiles/U_system.elf.dir/Middlewares/Third_Party/FreeRTOS/Source/tasks.c.obj
                0x90009908                vTaskSwitchContext
 .text.vTaskPlaceOnEventList
                0x900099ac       0x30 CMakeFiles/U_system.elf.dir/Middlewares/Third_Party/FreeRTOS/Source/tasks.c.obj
                0x900099ac                vTaskPlaceOnEventList
 .text.xTaskRemoveFromEventList
                0x900099dc       0x8c CMakeFiles/U_system.elf.dir/Middlewares/Third_Party/FreeRTOS/Source/tasks.c.obj
                0x900099dc                xTaskRemoveFromEventList
 .text.vTaskInternalSetTimeOutState
                0x90009a68       0x18 CMakeFiles/U_system.elf.dir/Middlewares/Third_Party/FreeRTOS/Source/tasks.c.obj
                0x90009a68                vTaskInternalSetTimeOutState
 .text.xTaskCheckForTimeOut
                0x90009a80       0x84 CMakeFiles/U_system.elf.dir/Middlewares/Third_Party/FreeRTOS/Source/tasks.c.obj
                0x90009a80                xTaskCheckForTimeOut
 .text.vTaskMissedYield
                0x90009b04        0xc CMakeFiles/U_system.elf.dir/Middlewares/Third_Party/FreeRTOS/Source/tasks.c.obj
                0x90009b04                vTaskMissedYield
 .text.xTaskGetSchedulerState
                0x90009b10       0x20 CMakeFiles/U_system.elf.dir/Middlewares/Third_Party/FreeRTOS/Source/tasks.c.obj
                0x90009b10                xTaskGetSchedulerState
 .text.xTaskPriorityDisinherit
                0x90009b30       0xb4 CMakeFiles/U_system.elf.dir/Middlewares/Third_Party/FreeRTOS/Source/tasks.c.obj
                0x90009b30                xTaskPriorityDisinherit
 .text.LCD_Task_Init
                0x90009be4       0x20 CMakeFiles/U_system.elf.dir/Task/src/LCDTask.c.obj
                0x90009be4                LCD_Task_Init
 .text.LCD_main
                0x90009c04       0x18 CMakeFiles/U_system.elf.dir/Task/src/LCDTask.c.obj
                0x90009c04                LCD_main
 .text.ram_init
                0x90009c1c        0x8 CMakeFiles/U_system.elf.dir/Task/src/RamTask.c.obj
                0x90009c1c                ram_init
 .text.ram_main
                0x90009c24       0x14 CMakeFiles/U_system.elf.dir/Task/src/RamTask.c.obj
                0x90009c24                ram_main
 .text.__errno  0x90009c38        0xc e:/program files (x86)/gnu arm embedded toolchain/10 2021.10/bin/../lib/gcc/arm-none-eabi/10.3.1/../../../../arm-none-eabi/lib/thumb/v7e-m+fp/hard\libg.a(lib_a-errno.o)
                0x90009c38                __errno
 .text.__libc_init_array
                0x90009c44       0x48 e:/program files (x86)/gnu arm embedded toolchain/10 2021.10/bin/../lib/gcc/arm-none-eabi/10.3.1/../../../../arm-none-eabi/lib/thumb/v7e-m+fp/hard\libg.a(lib_a-init.o)
                0x90009c44                __libc_init_array
 .text.memset   0x90009c8c       0xa4 e:/program files (x86)/gnu arm embedded toolchain/10 2021.10/bin/../lib/gcc/arm-none-eabi/10.3.1/../../../../arm-none-eabi/lib/thumb/v7e-m+fp/hard\libg.a(lib_a-memset.o)
                0x90009c8c                memset
 .text.cleanup_glue
                0x90009d30       0x48 e:/program files (x86)/gnu arm embedded toolchain/10 2021.10/bin/../lib/gcc/arm-none-eabi/10.3.1/../../../../arm-none-eabi/lib/thumb/v7e-m+fp/hard\libg.a(lib_a-reent.o)
                0x90009d30                cleanup_glue
 .text._reclaim_reent
                0x90009d78       0x90 e:/program files (x86)/gnu arm embedded toolchain/10 2021.10/bin/../lib/gcc/arm-none-eabi/10.3.1/../../../../arm-none-eabi/lib/thumb/v7e-m+fp/hard\libg.a(lib_a-reent.o)
                0x90009d78                _reclaim_reent
 .text.startup.register_fini
                0x90009e08       0x14 e:/program files (x86)/gnu arm embedded toolchain/10 2021.10/bin/../lib/gcc/arm-none-eabi/10.3.1/../../../../arm-none-eabi/lib/thumb/v7e-m+fp/hard\libg.a(lib_a-__call_atexit.o)
 .text.atexit   0x90009e1c        0xc e:/program files (x86)/gnu arm embedded toolchain/10 2021.10/bin/../lib/gcc/arm-none-eabi/10.3.1/../../../../arm-none-eabi/lib/thumb/v7e-m+fp/hard\libg.a(lib_a-atexit.o)
                0x90009e1c                atexit
 .text.__libc_fini_array
                0x90009e28       0x2c e:/program files (x86)/gnu arm embedded toolchain/10 2021.10/bin/../lib/gcc/arm-none-eabi/10.3.1/../../../../arm-none-eabi/lib/thumb/v7e-m+fp/hard\libg.a(lib_a-fini.o)
                0x90009e28                __libc_fini_array
 .text._malloc_trim_r
                0x90009e54       0xa0 e:/program files (x86)/gnu arm embedded toolchain/10 2021.10/bin/../lib/gcc/arm-none-eabi/10.3.1/../../../../arm-none-eabi/lib/thumb/v7e-m+fp/hard\libg.a(lib_a-freer.o)
                0x90009e54                _malloc_trim_r
 .text._free_r  0x90009ef4      0x20c e:/program files (x86)/gnu arm embedded toolchain/10 2021.10/bin/../lib/gcc/arm-none-eabi/10.3.1/../../../../arm-none-eabi/lib/thumb/v7e-m+fp/hard\libg.a(lib_a-freer.o)
                0x90009ef4                _free_r
 .text.__retarget_lock_acquire_recursive
                0x9000a100        0x4 e:/program files (x86)/gnu arm embedded toolchain/10 2021.10/bin/../lib/gcc/arm-none-eabi/10.3.1/../../../../arm-none-eabi/lib/thumb/v7e-m+fp/hard\libg.a(lib_a-lock.o)
                0x9000a100                __retarget_lock_acquire_recursive
 .text.__retarget_lock_release_recursive
                0x9000a104        0x4 e:/program files (x86)/gnu arm embedded toolchain/10 2021.10/bin/../lib/gcc/arm-none-eabi/10.3.1/../../../../arm-none-eabi/lib/thumb/v7e-m+fp/hard\libg.a(lib_a-lock.o)
                0x9000a104                __retarget_lock_release_recursive
 .text.__malloc_lock
                0x9000a108        0xc e:/program files (x86)/gnu arm embedded toolchain/10 2021.10/bin/../lib/gcc/arm-none-eabi/10.3.1/../../../../arm-none-eabi/lib/thumb/v7e-m+fp/hard\libg.a(lib_a-mlock.o)
                0x9000a108                __malloc_lock
 .text.__malloc_unlock
                0x9000a114        0xc e:/program files (x86)/gnu arm embedded toolchain/10 2021.10/bin/../lib/gcc/arm-none-eabi/10.3.1/../../../../arm-none-eabi/lib/thumb/v7e-m+fp/hard\libg.a(lib_a-mlock.o)
                0x9000a114                __malloc_unlock
 .text._sbrk_r  0x9000a120       0x24 e:/program files (x86)/gnu arm embedded toolchain/10 2021.10/bin/../lib/gcc/arm-none-eabi/10.3.1/../../../../arm-none-eabi/lib/thumb/v7e-m+fp/hard\libg.a(lib_a-sbrkr.o)
                0x9000a120                _sbrk_r
 .text.__register_exitproc
                0x9000a144       0x8c e:/program files (x86)/gnu arm embedded toolchain/10 2021.10/bin/../lib/gcc/arm-none-eabi/10.3.1/../../../../arm-none-eabi/lib/thumb/v7e-m+fp/hard\libg.a(lib_a-__atexit.o)
                0x9000a144                __register_exitproc
 *(.glue_7)
 .glue_7        0x9000a1d0        0x0 linker stubs
 *(.glue_7t)
 .glue_7t       0x9000a1d0        0x0 linker stubs
 *(.eh_frame)
 .eh_frame      0x9000a1d0        0x0 e:/program files (x86)/gnu arm embedded toolchain/10 2021.10/bin/../lib/gcc/arm-none-eabi/10.3.1/thumb/v7e-m+fp/hard/crtbegin.o
 *(.init)
 .init          0x9000a1d0        0x4 e:/program files (x86)/gnu arm embedded toolchain/10 2021.10/bin/../lib/gcc/arm-none-eabi/10.3.1/thumb/v7e-m+fp/hard/crti.o
                0x9000a1d0                _init
 .init          0x9000a1d4        0x8 e:/program files (x86)/gnu arm embedded toolchain/10 2021.10/bin/../lib/gcc/arm-none-eabi/10.3.1/thumb/v7e-m+fp/hard/crtn.o
 *(.fini)
 .fini          0x9000a1dc        0x4 e:/program files (x86)/gnu arm embedded toolchain/10 2021.10/bin/../lib/gcc/arm-none-eabi/10.3.1/thumb/v7e-m+fp/hard/crti.o
                0x9000a1dc                _fini
 .fini          0x9000a1e0        0x8 e:/program files (x86)/gnu arm embedded toolchain/10 2021.10/bin/../lib/gcc/arm-none-eabi/10.3.1/thumb/v7e-m+fp/hard/crtn.o
                0x9000a1e8                . = ALIGN (0x4)
                0x9000a1e8                _etext = .

.vfp11_veneer   0x9000a1e8        0x0
 .vfp11_veneer  0x9000a1e8        0x0 linker stubs

.v4_bx          0x9000a1e8        0x0
 .v4_bx         0x9000a1e8        0x0 linker stubs

.iplt           0x9000a1e8        0x0
 .iplt          0x9000a1e8        0x0 e:/program files (x86)/gnu arm embedded toolchain/10 2021.10/bin/../lib/gcc/arm-none-eabi/10.3.1/thumb/v7e-m+fp/hard/crtbegin.o

.rodata         0x9000a1e8     0x4638
                0x9000a1e8                . = ALIGN (0x4)
 *(.rodata)
 .rodata        0x9000a1e8       0x70 CMakeFiles/U_system.elf.dir/Core/Src/freertos.c.obj
 .rodata        0x9000a258       0x10 CMakeFiles/U_system.elf.dir/FATFS/Target/sd_diskio.c.obj
 *(.rodata*)
 .rodata.ASCII_1206_Table
                0x9000a268      0x474 CMakeFiles/U_system.elf.dir/Application/src/lcd_font.c.obj
                0x9000a268                ASCII_1206_Table
 .rodata.ASCII_1608_Table
                0x9000a6dc      0x5f0 CMakeFiles/U_system.elf.dir/Application/src/lcd_font.c.obj
                0x9000a6dc                ASCII_1608_Table
 .rodata.ASCII_2010_Table
                0x9000accc      0xed8 CMakeFiles/U_system.elf.dir/Application/src/lcd_font.c.obj
                0x9000accc                ASCII_2010_Table
 .rodata.ASCII_2412_Table
                0x9000bba4     0x11d0 CMakeFiles/U_system.elf.dir/Application/src/lcd_font.c.obj
                0x9000bba4                ASCII_2412_Table
 .rodata.ASCII_3216_Table
                0x9000cd74     0x17c0 CMakeFiles/U_system.elf.dir/Application/src/lcd_font.c.obj
                0x9000cd74                ASCII_3216_Table
 .rodata.lcd_print.str1.4
                0x9000e534        0x2 CMakeFiles/U_system.elf.dir/Application/src/lcd_spi.c.obj
 *fill*         0x9000e536        0x2 
 .rodata.str1.4
                0x9000e538       0x2c CMakeFiles/U_system.elf.dir/Core/Src/freertos.c.obj
 .rodata.FatFsTask.str1.4
                0x9000e564        0xc CMakeFiles/U_system.elf.dir/Core/Src/freertos.c.obj
 .rodata.D1CorePrescTable
                0x9000e570       0x10 CMakeFiles/U_system.elf.dir/Core/Src/system_stm32h7xx.c.obj
                0x9000e570                D1CorePrescTable
 .rodata.put_num.str1.4
                0x9000e580       0x11 CMakeFiles/U_system.elf.dir/Drivers/Kernel/src/u_stdio.c.obj
 *fill*         0x9000e591        0x3 
 .rodata.JPEG_ACCHROM_HuffTable
                0x9000e594       0xb2 CMakeFiles/U_system.elf.dir/Drivers/STM32H7xx_HAL_Driver/Src/stm32h7xx_hal_jpeg.c.obj
 *fill*         0x9000e646        0x2 
 .rodata.JPEG_ACLUM_HuffTable
                0x9000e648       0xb2 CMakeFiles/U_system.elf.dir/Drivers/STM32H7xx_HAL_Driver/Src/stm32h7xx_hal_jpeg.c.obj
 *fill*         0x9000e6fa        0x2 
 .rodata.JPEG_CHROM_QuantTable.0
                0x9000e6fc       0x40 CMakeFiles/U_system.elf.dir/Drivers/STM32H7xx_HAL_Driver/Src/stm32h7xx_hal_jpeg.c.obj
 .rodata.JPEG_DCCHROM_HuffTable
                0x9000e73c       0x1c CMakeFiles/U_system.elf.dir/Drivers/STM32H7xx_HAL_Driver/Src/stm32h7xx_hal_jpeg.c.obj
 .rodata.JPEG_DCLUM_HuffTable
                0x9000e758       0x1c CMakeFiles/U_system.elf.dir/Drivers/STM32H7xx_HAL_Driver/Src/stm32h7xx_hal_jpeg.c.obj
 .rodata.JPEG_LUM_QuantTable.1
                0x9000e774       0x40 CMakeFiles/U_system.elf.dir/Drivers/STM32H7xx_HAL_Driver/Src/stm32h7xx_hal_jpeg.c.obj
 .rodata.UARTPrescTable
                0x9000e7b4       0x18 CMakeFiles/U_system.elf.dir/Drivers/STM32H7xx_HAL_Driver/Src/stm32h7xx_hal_uart.c.obj
                0x9000e7b4                UARTPrescTable
 .rodata.denominator.0
                0x9000e7cc        0x8 CMakeFiles/U_system.elf.dir/Drivers/STM32H7xx_HAL_Driver/Src/stm32h7xx_hal_uart_ex.c.obj
 .rodata.numerator.1
                0x9000e7d4        0x8 CMakeFiles/U_system.elf.dir/Drivers/STM32H7xx_HAL_Driver/Src/stm32h7xx_hal_uart_ex.c.obj
 .rodata.SD_Driver
                0x9000e7dc       0x14 CMakeFiles/U_system.elf.dir/FATFS/Target/sd_diskio.c.obj
                0x9000e7dc                SD_Driver
 .rodata.vTaskStartScheduler.str1.4
                0x9000e7f0        0x5 CMakeFiles/U_system.elf.dir/Middlewares/Third_Party/FreeRTOS/Source/tasks.c.obj
 *fill*         0x9000e7f5        0x3 
 .rodata.LCD_main.str1.4
                0x9000e7f8       0x15 CMakeFiles/U_system.elf.dir/Task/src/LCDTask.c.obj
 *fill*         0x9000e80d        0x3 
 .rodata.ram_main.str1.4
                0x9000e810        0xb CMakeFiles/U_system.elf.dir/Task/src/RamTask.c.obj
 *fill*         0x9000e81b        0x1 
 .rodata._global_impure_ptr
                0x9000e81c        0x4 e:/program files (x86)/gnu arm embedded toolchain/10 2021.10/bin/../lib/gcc/arm-none-eabi/10.3.1/../../../../arm-none-eabi/lib/thumb/v7e-m+fp/hard\libg.a(lib_a-impure.o)
                0x9000e81c                _global_impure_ptr
                0x9000e820                . = ALIGN (0x4)

.ARM.extab
 *(.ARM.extab* .gnu.linkonce.armextab.*)

.ARM            0x9000e820        0x8
                0x9000e820                __exidx_start = .
 *(.ARM.exidx*)
 .ARM.exidx     0x9000e820        0x8 e:/program files (x86)/gnu arm embedded toolchain/10 2021.10/bin/../lib/gcc/arm-none-eabi/10.3.1/thumb/v7e-m+fp/hard\libgcc.a(_udivmoddi4.o)
                0x9000e828                __exidx_end = .

.rel.dyn        0x9000e828        0x0
 .rel.iplt      0x9000e828        0x0 e:/program files (x86)/gnu arm embedded toolchain/10 2021.10/bin/../lib/gcc/arm-none-eabi/10.3.1/thumb/v7e-m+fp/hard/crtbegin.o

.preinit_array  0x9000e828        0x0
                0x9000e828                PROVIDE (__preinit_array_start = .)
 *(.preinit_array*)
                0x9000e828                PROVIDE (__preinit_array_end = .)

.init_array     0x9000e828        0x8
                0x9000e828                PROVIDE (__init_array_start = .)
 *(SORT_BY_NAME(.init_array.*))
 .init_array.00000
                0x9000e828        0x4 e:/program files (x86)/gnu arm embedded toolchain/10 2021.10/bin/../lib/gcc/arm-none-eabi/10.3.1/../../../../arm-none-eabi/lib/thumb/v7e-m+fp/hard\libg.a(lib_a-__call_atexit.o)
 *(.init_array*)
 .init_array    0x9000e82c        0x4 e:/program files (x86)/gnu arm embedded toolchain/10 2021.10/bin/../lib/gcc/arm-none-eabi/10.3.1/thumb/v7e-m+fp/hard/crtbegin.o
                0x9000e830                PROVIDE (__init_array_end = .)

.fini_array     0x9000e830        0x4
                0x9000e830                PROVIDE (__fini_array_start = .)
 *(SORT_BY_NAME(.fini_array.*))
 *(.fini_array*)
 .fini_array    0x9000e830        0x4 e:/program files (x86)/gnu arm embedded toolchain/10 2021.10/bin/../lib/gcc/arm-none-eabi/10.3.1/thumb/v7e-m+fp/hard/crtbegin.o
                0x9000e834                PROVIDE (__fini_array_end = .)
                0x9000e834                _sidata = LOADADDR (.data)

.data           0x24000000      0x89c load address 0x9000e834
                0x24000000                . = ALIGN (0x4)
                0x24000000                _sdata = .
 *(.data)
 *(.data*)
 .data.ASCII_Font12
                0x24000000        0xc CMakeFiles/U_system.elf.dir/Application/src/lcd_font.c.obj
                0x24000000                ASCII_Font12
 .data.ASCII_Font16
                0x2400000c        0xc CMakeFiles/U_system.elf.dir/Application/src/lcd_font.c.obj
                0x2400000c                ASCII_Font16
 .data.ASCII_Font20
                0x24000018        0xc CMakeFiles/U_system.elf.dir/Application/src/lcd_font.c.obj
                0x24000018                ASCII_Font20
 .data.ASCII_Font24
                0x24000024        0xc CMakeFiles/U_system.elf.dir/Application/src/lcd_font.c.obj
                0x24000024                ASCII_Font24
 .data.ASCII_Font32
                0x24000030        0xc CMakeFiles/U_system.elf.dir/Application/src/lcd_font.c.obj
                0x24000030                ASCII_Font32
 .data.mem_block
                0x2400003c        0x4 CMakeFiles/U_system.elf.dir/Application/src/tlsf.c.obj
                0x2400003c                mem_block
 .data.SystemCoreClock
                0x24000040        0x4 CMakeFiles/U_system.elf.dir/Core/Src/system_stm32h7xx.c.obj
                0x24000040                SystemCoreClock
 .data.SystemD2Clock
                0x24000044        0x4 CMakeFiles/U_system.elf.dir/Core/Src/system_stm32h7xx.c.obj
                0x24000044                SystemD2Clock
 .data.uwTickFreq
                0x24000048        0x1 CMakeFiles/U_system.elf.dir/Drivers/STM32H7xx_HAL_Driver/Src/stm32h7xx_hal.c.obj
                0x24000048                uwTickFreq
 *fill*         0x24000049        0x3 
 .data.uwTickPrio
                0x2400004c        0x4 CMakeFiles/U_system.elf.dir/Drivers/STM32H7xx_HAL_Driver/Src/stm32h7xx_hal.c.obj
                0x2400004c                uwTickPrio
 .data.Stat     0x24000050        0x1 CMakeFiles/U_system.elf.dir/FATFS/Target/sd_diskio.c.obj
 *fill*         0x24000051        0x3 
 .data.uxCriticalNesting
                0x24000054        0x4 CMakeFiles/U_system.elf.dir/Middlewares/Third_Party/FreeRTOS/Source/portable/GCC/ARM_CM4F/port.c.obj
 .data._impure_ptr
                0x24000058        0x4 e:/program files (x86)/gnu arm embedded toolchain/10 2021.10/bin/../lib/gcc/arm-none-eabi/10.3.1/../../../../arm-none-eabi/lib/thumb/v7e-m+fp/hard\libg.a(lib_a-impure.o)
                0x24000058                _impure_ptr
 *fill*         0x2400005c        0x4 
 .data.impure_data
                0x24000060      0x428 e:/program files (x86)/gnu arm embedded toolchain/10 2021.10/bin/../lib/gcc/arm-none-eabi/10.3.1/../../../../arm-none-eabi/lib/thumb/v7e-m+fp/hard\libg.a(lib_a-impure.o)
 .data.__atexit_recursive_mutex
                0x24000488        0x4 e:/program files (x86)/gnu arm embedded toolchain/10 2021.10/bin/../lib/gcc/arm-none-eabi/10.3.1/../../../../arm-none-eabi/lib/thumb/v7e-m+fp/hard\libg.a(lib_a-__call_atexit.o)
                0x24000488                __atexit_recursive_mutex
 .data.__malloc_av_
                0x2400048c      0x408 e:/program files (x86)/gnu arm embedded toolchain/10 2021.10/bin/../lib/gcc/arm-none-eabi/10.3.1/../../../../arm-none-eabi/lib/thumb/v7e-m+fp/hard\libg.a(lib_a-mallocr.o)
                0x2400048c                __malloc_av_
 .data.__malloc_sbrk_base
                0x24000894        0x4 e:/program files (x86)/gnu arm embedded toolchain/10 2021.10/bin/../lib/gcc/arm-none-eabi/10.3.1/../../../../arm-none-eabi/lib/thumb/v7e-m+fp/hard\libg.a(lib_a-mallocr.o)
                0x24000894                __malloc_sbrk_base
 .data.__malloc_trim_threshold
                0x24000898        0x4 e:/program files (x86)/gnu arm embedded toolchain/10 2021.10/bin/../lib/gcc/arm-none-eabi/10.3.1/../../../../arm-none-eabi/lib/thumb/v7e-m+fp/hard\libg.a(lib_a-mallocr.o)
                0x24000898                __malloc_trim_threshold
 *(.RamFunc)
 *(.RamFunc*)
                0x2400089c                . = ALIGN (0x4)
                0x2400089c                _edata = .

.igot.plt       0x2400089c        0x0 load address 0x9000f0d0
 .igot.plt      0x2400089c        0x0 e:/program files (x86)/gnu arm embedded toolchain/10 2021.10/bin/../lib/gcc/arm-none-eabi/10.3.1/thumb/v7e-m+fp/hard/crtbegin.o
                0x2400089c                . = ALIGN (0x4)

.bss            0x240008a0     0x637c load address 0x9000f0d0
                0x240008a0                _sbss = .
                0x240008a0                __bss_start__ = _sbss
 *(.bss)
 .bss           0x240008a0       0x1c e:/program files (x86)/gnu arm embedded toolchain/10 2021.10/bin/../lib/gcc/arm-none-eabi/10.3.1/thumb/v7e-m+fp/hard/crtbegin.o
 *(.bss*)
 .bss.LCD       0x240008bc       0x10 CMakeFiles/U_system.elf.dir/Application/src/lcd_spi.c.obj
                0x240008bc                LCD
 .bss.LCD_AsciiFonts
                0x240008cc        0x4 CMakeFiles/U_system.elf.dir/Application/src/lcd_spi.c.obj
 .bss.LCD_Buff  0x240008d0      0x800 CMakeFiles/U_system.elf.dir/Application/src/lcd_spi.c.obj
                0x240008d0                LCD_Buff
 .bss.nowLine   0x240010d0        0x1 CMakeFiles/U_system.elf.dir/Application/src/lcd_spi.c.obj
                0x240010d0                nowLine
 *fill*         0x240010d1        0x3 
 .bss.sdram_tlsf
                0x240010d4        0x4 CMakeFiles/U_system.elf.dir/Application/src/tlsf.c.obj
                0x240010d4                sdram_tlsf
 .bss.hdma2d    0x240010d8       0x68 CMakeFiles/U_system.elf.dir/Core/Src/dma2d.c.obj
                0x240010d8                hdma2d
 .bss.FMC_Initialized
                0x24001140        0x4 CMakeFiles/U_system.elf.dir/Core/Src/fmc.c.obj
 .bss.hsdram1   0x24001144       0x34 CMakeFiles/U_system.elf.dir/Core/Src/fmc.c.obj
                0x24001144                hsdram1
 .bss.FIleSystemHandle
                0x24001178        0x4 CMakeFiles/U_system.elf.dir/Core/Src/freertos.c.obj
                0x24001178                FIleSystemHandle
 .bss.LCDHandle
                0x2400117c        0x4 CMakeFiles/U_system.elf.dir/Core/Src/freertos.c.obj
                0x2400117c                LCDHandle
 .bss.VirtualBashHandle
                0x24001180        0x4 CMakeFiles/U_system.elf.dir/Core/Src/freertos.c.obj
                0x24001180                VirtualBashHandle
 .bss.VirtualFileSystHandle
                0x24001184        0x4 CMakeFiles/U_system.elf.dir/Core/Src/freertos.c.obj
                0x24001184                VirtualFileSystHandle
 .bss.xIdleStack
                0x24001188      0x200 CMakeFiles/U_system.elf.dir/Core/Src/freertos.c.obj
 .bss.xIdleTaskTCBBuffer