Archive member included to satisfy reference by file (symbol)

e:/program files (x86)/gnu arm embedded toolchain/10 2021.10/bin/../lib/gcc/arm-none-eabi/10.3.1/thumb/v7e-m+fp/hard\libgcc.a(_arm_fixdfsi.o)
                              CMakeFiles/U_system.elf.dir/Drivers/Kernel/src/u_stdio.c.obj (__aeabi_d2iz)
e:/program files (x86)/gnu arm embedded toolchain/10 2021.10/bin/../lib/gcc/arm-none-eabi/10.3.1/thumb/v7e-m+fp/hard\libgcc.a(_aeabi_uldivmod.o)
                              CMakeFiles/U_system.elf.dir/Drivers/STM32H7xx_HAL_Driver/Src/stm32h7xx_hal_uart.c.obj (__aeabi_uldivmod)
e:/program files (x86)/gnu arm embedded toolchain/10 2021.10/bin/../lib/gcc/arm-none-eabi/10.3.1/thumb/v7e-m+fp/hard\libgcc.a(_udivmoddi4.o)
                              e:/program files (x86)/gnu arm embedded toolchain/10 2021.10/bin/../lib/gcc/arm-none-eabi/10.3.1/thumb/v7e-m+fp/hard\libgcc.a(_aeabi_uldivmod.o) (__udivmoddi4)
e:/program files (x86)/gnu arm embedded toolchain/10 2021.10/bin/../lib/gcc/arm-none-eabi/10.3.1/thumb/v7e-m+fp/hard\libgcc.a(_dvmd_tls.o)
                              e:/program files (x86)/gnu arm embedded toolchain/10 2021.10/bin/../lib/gcc/arm-none-eabi/10.3.1/thumb/v7e-m+fp/hard\libgcc.a(_aeabi_uldivmod.o) (__aeabi_ldiv0)
e:/program files (x86)/gnu arm embedded toolchain/10 2021.10/bin/../lib/gcc/arm-none-eabi/10.3.1/../../../../arm-none-eabi/lib/thumb/v7e-m+fp/hard\libg.a(lib_a-assert.o)
                              CMakeFiles/U_system.elf.dir/Application/src/tlsf.c.obj (__assert_func)
e:/program files (x86)/gnu arm embedded toolchain/10 2021.10/bin/../lib/gcc/arm-none-eabi/10.3.1/../../../../arm-none-eabi/lib/thumb/v7e-m+fp/hard\libg.a(lib_a-errno.o)
                              CMakeFiles/U_system.elf.dir/Core/Src/syscalls.c.obj (__errno)
e:/program files (x86)/gnu arm embedded toolchain/10 2021.10/bin/../lib/gcc/arm-none-eabi/10.3.1/../../../../arm-none-eabi/lib/thumb/v7e-m+fp/hard\libg.a(lib_a-exit.o)
                              e:/program files (x86)/gnu arm embedded toolchain/10 2021.10/bin/../lib/gcc/arm-none-eabi/10.3.1/../../../../arm-none-eabi/lib/thumb/v7e-m+fp/hard/crt0.o (exit)
e:/program files (x86)/gnu arm embedded toolchain/10 2021.10/bin/../lib/gcc/arm-none-eabi/10.3.1/../../../../arm-none-eabi/lib/thumb/v7e-m+fp/hard\libg.a(lib_a-fiprintf.o)
                              e:/program files (x86)/gnu arm embedded toolchain/10 2021.10/bin/../lib/gcc/arm-none-eabi/10.3.1/../../../../arm-none-eabi/lib/thumb/v7e-m+fp/hard\libg.a(lib_a-assert.o) (fiprintf)
e:/program files (x86)/gnu arm embedded toolchain/10 2021.10/bin/../lib/gcc/arm-none-eabi/10.3.1/../../../../arm-none-eabi/lib/thumb/v7e-m+fp/hard\libg.a(lib_a-impure.o)
                              e:/program files (x86)/gnu arm embedded toolchain/10 2021.10/bin/../lib/gcc/arm-none-eabi/10.3.1/../../../../arm-none-eabi/lib/thumb/v7e-m+fp/hard\libg.a(lib_a-exit.o) (_global_impure_ptr)
e:/program files (x86)/gnu arm embedded toolchain/10 2021.10/bin/../lib/gcc/arm-none-eabi/10.3.1/../../../../arm-none-eabi/lib/thumb/v7e-m+fp/hard\libg.a(lib_a-init.o)
                              e:/program files (x86)/gnu arm embedded toolchain/10 2021.10/bin/../lib/gcc/arm-none-eabi/10.3.1/../../../../arm-none-eabi/lib/thumb/v7e-m+fp/hard/crt0.o (__libc_init_array)
e:/program files (x86)/gnu arm embedded toolchain/10 2021.10/bin/../lib/gcc/arm-none-eabi/10.3.1/../../../../arm-none-eabi/lib/thumb/v7e-m+fp/hard\libg.a(lib_a-memcpy.o)
                              CMakeFiles/U_system.elf.dir/Middlewares/Third_Party/FreeRTOS/Source/queue.c.obj (memcpy)
e:/program files (x86)/gnu arm embedded toolchain/10 2021.10/bin/../lib/gcc/arm-none-eabi/10.3.1/../../../../arm-none-eabi/lib/thumb/v7e-m+fp/hard\libg.a(lib_a-memset.o)
                              e:/program files (x86)/gnu arm embedded toolchain/10 2021.10/bin/../lib/gcc/arm-none-eabi/10.3.1/../../../../arm-none-eabi/lib/thumb/v7e-m+fp/hard/crt0.o (memset)
e:/program files (x86)/gnu arm embedded toolchain/10 2021.10/bin/../lib/gcc/arm-none-eabi/10.3.1/../../../../arm-none-eabi/lib/thumb/v7e-m+fp/hard\libg.a(lib_a-reent.o)
                              CMakeFiles/U_system.elf.dir/Middlewares/Third_Party/FreeRTOS/Source/tasks.c.obj (_reclaim_reent)
e:/program files (x86)/gnu arm embedded toolchain/10 2021.10/bin/../lib/gcc/arm-none-eabi/10.3.1/../../../../arm-none-eabi/lib/thumb/v7e-m+fp/hard\libg.a(lib_a-vfiprintf.o)
                              e:/program files (x86)/gnu arm embedded toolchain/10 2021.10/bin/../lib/gcc/arm-none-eabi/10.3.1/../../../../arm-none-eabi/lib/thumb/v7e-m+fp/hard\libg.a(lib_a-fiprintf.o) (_vfiprintf_r)
e:/program files (x86)/gnu arm embedded toolchain/10 2021.10/bin/../lib/gcc/arm-none-eabi/10.3.1/../../../../arm-none-eabi/lib/thumb/v7e-m+fp/hard\libg.a(lib_a-wsetup.o)
[...]
Memory Configuration

Name             Origin             Length             Attributes
FLASH            0x90000000         0x00800000         xr
DTCMRAM          0x20000000         0x00020000         xrw
RAM_D1           0x24000000         0x00080000         xrw
RAM_D2           0x30000000         0x00048000         xrw
RAM_D3           0x38000000         0x00010000         xrw
ITCMRAM          0x00000000         0x00010000         xrw
*default*        0x00000000         0xffffffff

Linker script and memory map

LOAD e:/program files (x86)/gnu arm embedded toolchain/10 2021.10/bin/../lib/gcc/arm-none-eabi/10.3.1/thumb/v7e-m+fp/hard/crti.o
LOAD e:/program files (x86)/gnu arm embedded toolchain/10 2021.10/bin/../lib/gcc/arm-none-eabi/10.3.1/thumb/v7e-m+fp/hard/crtbegin.o
LOAD e:/program files (x86)/gnu arm embedded toolchain/10 2021.10/bin/../lib/gcc/arm-none-eabi/10.3.1/../../../../arm-none-eabi/lib/thumb/v7e-m+fp/hard/crt0.o
LOAD CMakeFiles/U_system.elf.dir/Application/src/MessageQueue.c.obj
LOAD CMakeFiles/U_system.elf.dir/Application/src/deviceTree.c.obj
LOAD CMakeFiles/U_system.elf.dir/Application/src/lcd_font.c.obj
LOAD CMakeFiles/U_system.elf.dir/Application/src/lcd_spi.c.obj
LOAD CMakeFiles/U_system.elf.dir/Application/src/tlsf.c.obj
LOAD CMakeFiles/U_system.elf.dir/Core/Src/dma2d.c.obj
LOAD CMakeFiles/U_system.elf.dir/Core/Src/fmc.c.obj
LOAD CMakeFiles/U_system.elf.dir/Core/Src/freertos.c.obj
LOAD CMakeFiles/U_system.elf.dir/Core/Src/gpio.c.obj
LOAD CMakeFiles/U_system.elf.dir/Core/Src/hash.c.obj
LOAD CMakeFiles/U_system.elf.dir/Core/Src/jpeg.c.obj
LOAD CMakeFiles/U_system.elf.dir/Core/Src/main.c.obj
LOAD CMakeFiles/U_system.elf.dir/Core/Src/rng.c.obj
LOAD CMakeFiles/U_system.elf.dir/Core/Src/rtc.c.obj
LOAD CMakeFiles/U_system.elf.dir/Core/Src/sdmmc.c.obj
LOAD CMakeFiles/U_system.elf.dir/Core/Src/spi.c.obj
LOAD CMakeFiles/U_system.elf.dir/Core/Src/stm32h7xx_hal_msp.c.obj
LOAD CMakeFiles/U_system.elf.dir/Core/Src/stm32h7xx_hal_timebase_tim.c.obj
LOAD CMakeFiles/U_system.elf.dir/Core/Src/stm32h7xx_it.c.obj
LOAD CMakeFiles/U_system.elf.dir/Core/Src/syscalls.c.obj
LOAD CMakeFiles/U_system.elf.dir/Core/Src/sysmem.c.obj
LOAD CMakeFiles/U_system.elf.dir/Core/Src/system_stm32h7xx.c.obj
LOAD CMakeFiles/U_system.elf.dir/Core/Src/usart.c.obj
LOAD CMakeFiles/U_system.elf.dir/Core/Startup/startup_stm32h750xbhx.s.obj
LOAD CMakeFiles/U_system.elf.dir/Drivers/Kernel/src/u_stdio.c.obj
LOAD CMakeFiles/U_system.elf.dir/Drivers/Kernel/src/u_thread.c.obj
LOAD CMakeFiles/U_system.elf.dir/Drivers/STM32H7xx_HAL_Driver/Src/stm32h7xx_hal.c.obj
LOAD CMakeFiles/U_system.elf.dir/Drivers/STM32H7xx_HAL_Driver/Src/stm32h7xx_hal_cortex.c.obj
LOAD CMakeFiles/U_system.elf.dir/Drivers/STM32H7xx_HAL_Driver/Src/stm32h7xx_hal_dma.c.obj
LOAD CMakeFiles/U_system.elf.dir/Drivers/STM32H7xx_HAL_Driver/Src/stm32h7xx_hal_dma2d.c.obj
LOAD CMakeFiles/U_system.elf.dir/Drivers/STM32H7xx_HAL_Driver/Src/stm32h7xx_hal_dma_ex.c.obj
LOAD CMakeFiles/U_system.elf.dir/Drivers/STM32H7xx_HAL_Driver/Src/stm32h7xx_hal_exti.c.obj
LOAD CMakeFiles/U_system.elf.dir/Drivers/STM32H7xx_HAL_Driver/Src/stm32h7xx_hal_flash.c.obj
LOAD CMakeFiles/U_system.elf.dir/Drivers/STM32H7xx_HAL_Driver/Src/stm32h7xx_hal_flash_ex.c.obj
LOAD CMakeFiles/U_system.elf.dir/Drivers/STM32H7xx_HAL_Driver/Src/stm32h7xx_hal_gpio.c.obj
LOAD CMakeFiles/U_system.elf.dir/Drivers/STM32H7xx_HAL_Driver/Src/stm32h7xx_hal_hash.c.obj
LOAD CMakeFiles/U_system.elf.dir/Drivers/STM32H7xx_HAL_Driver/Src/stm32h7xx_hal_hash_ex.c.obj
LOAD CMakeFiles/U_system.elf.dir/Drivers/STM32H7xx_HAL_Driver/Src/stm32h7xx_hal_hsem.c.obj
LOAD CMakeFiles/U_system.elf.dir/Drivers/STM32H7xx_HAL_Driver/Src/stm32h7xx_hal_i2c.c.obj
LOAD CMakeFiles/U_system.elf.dir/Drivers/STM32H7xx_HAL_Driver/Src/stm32h7xx_hal_i2c_ex.c.obj
LOAD CMakeFiles/U_system.elf.dir/Drivers/STM32H7xx_HAL_Driver/Src/stm32h7xx_hal_jpeg.c.obj
LOAD CMakeFiles/U_system.elf.dir/Drivers/STM32H7xx_HAL_Driver/Src/stm32h7xx_hal_mdma.c.obj
LOAD CMakeFiles/U_system.elf.dir/Drivers/STM32H7xx_HAL_Driver/Src/stm32h7xx_hal_pwr.c.obj
LOAD CMakeFiles/U_system.elf.dir/Drivers/STM32H7xx_HAL_Driver/Src/stm32h7xx_hal_pwr_ex.c.obj
LOAD CMakeFiles/U_system.elf.dir/Drivers/STM32H7xx_HAL_Driver/Src/stm32h7xx_hal_rcc.c.obj
LOAD CMakeFiles/U_system.elf.dir/Drivers/STM32H7xx_HAL_Driver/Src/stm32h7xx_hal_rcc_ex.c.obj
LOAD CMakeFiles/U_system.elf.dir/Drivers/STM32H7xx_HAL_Driver/Src/stm32h7xx_hal_rng.c.obj
LOAD CMakeFiles/U_system.elf.dir/Drivers/STM32H7xx_HAL_Driver/Src/stm32h7xx_hal_rng_ex.c.obj
LOAD CMakeFiles/U_system.elf.dir/Drivers/STM32H7xx_HAL_Driver/Src/stm32h7xx_hal_rtc.c.obj
LOAD CMakeFiles/U_system.elf.dir/Drivers/STM32H7xx_HAL_Driver/Src/stm32h7xx_hal_rtc_ex.c.obj
LOAD CMakeFiles/U_system.elf.dir/Drivers/STM32H7xx_HAL_Driver/Src/stm32h7xx_hal_sd.c.obj
LOAD CMakeFiles/U_system.elf.dir/Drivers/STM32H7xx_HAL_Driver/Src/stm32h7xx_hal_sd_ex.c.obj
LOAD CMakeFiles/U_system.elf.dir/Drivers/STM32H7xx_HAL_Driver/Src/stm32h7xx_hal_sdram.c.obj
LOAD CMakeFiles/U_system.elf.dir/Drivers/STM32H7xx_HAL_Driver/Src/stm32h7xx_hal_spi.c.obj
LOAD CMakeFiles/U_system.elf.dir/Drivers/STM32H7xx_HAL_Driver/Src/stm32h7xx_hal_spi_ex.c.obj
LOAD CMakeFiles/U_system.elf.dir/Drivers/STM32H7xx_HAL_Driver/Src/stm32h7xx_hal_tim.c.obj
LOAD CMakeFiles/U_system.elf.dir/Drivers/STM32H7xx_HAL_Driver/Src/stm32h7xx_hal_tim_ex.c.obj
LOAD CMakeFiles/U_system.elf.dir/Drivers/STM32H7xx_HAL_Driver/Src/stm32h7xx_hal_uart.c.obj
LOAD CMakeFiles/U_system.elf.dir/Drivers/STM32H7xx_HAL_Driver/Src/stm32h7xx_hal_uart_ex.c.obj
LOAD CMakeFiles/U_system.elf.dir/Drivers/STM32H7xx_HAL_Driver/Src/stm32h7xx_ll_delayblock.c.obj
LOAD CMakeFiles/U_system.elf.dir/Drivers/STM32H7xx_HAL_Driver/Src/stm32h7xx_ll_fmc.c.obj
LOAD CMakeFiles/U_system.elf.dir/Drivers/STM32H7xx_HAL_Driver/Src/stm32h7xx_ll_sdmmc.c.obj
LOAD CMakeFiles/U_system.elf.dir/FATFS/App/fatfs.c.obj
LOAD CMakeFiles/U_system.elf.dir/FATFS/Target/bsp_driver_sd.c.obj
LOAD CMakeFiles/U_system.elf.dir/FATFS/Target/sd_diskio.c.obj
LOAD CMakeFiles/U_system.elf.dir/Middlewares/Third_Party/FatFs/src/diskio.c.obj
LOAD CMakeFiles/U_system.elf.dir/Middlewares/Third_Party/FatFs/src/ff.c.obj
LOAD CMakeFiles/U_system.elf.dir/Middlewares/Third_Party/FatFs/src/ff_gen_drv.c.obj
LOAD CMakeFiles/U_system.elf.dir/Middlewares/Third_Party/FatFs/src/option/ccsbcs.c.obj
LOAD CMakeFiles/U_system.elf.dir/Middlewares/Third_Party/FatFs/src/option/syscall.c.obj
LOAD CMakeFiles/U_system.elf.dir/Middlewares/Third_Party/FreeRTOS/Source/CMSIS_RTOS/cmsis_os.c.obj
LOAD CMakeFiles/U_system.elf.dir/Middlewares/Third_Party/FreeRTOS/Source/croutine.c.obj
LOAD CMakeFiles/U_system.elf.dir/Middlewares/Third_Party/FreeRTOS/Source/event_groups.c.obj
LOAD CMakeFiles/U_system.elf.dir/Middlewares/Third_Party/FreeRTOS/Source/list.c.obj
LOAD CMakeFiles/U_system.elf.dir/Middlewares/Third_Party/FreeRTOS/Source/portable/GCC/ARM_CM4F/port.c.obj
LOAD CMakeFiles/U_system.elf.dir/Middlewares/Third_Party/FreeRTOS/Source/portable/MemMang/heap_4.c.obj
LOAD CMakeFiles/U_system.elf.dir/Middlewares/Third_Party/FreeRTOS/Source/queue.c.obj
LOAD CMakeFiles/U_system.elf.dir/Middlewares/Third_Party/FreeRTOS/Source/stream_buffer.c.obj
LOAD CMakeFiles/U_system.elf.dir/Middlewares/Third_Party/FreeRTOS/Source/tasks.c.obj
LOAD CMakeFiles/U_system.elf.dir/Middlewares/Third_Party/FreeRTOS/Source/timers.c.obj
LOAD CMakeFiles/U_system.elf.dir/Task/src/LCDTask.c.obj
LOAD CMakeFiles/U_system.elf.dir/Task/src/RamTask.c.obj
LOAD CMakeFiles/U_system.elf.dir/Task/src/SDTask.c.obj
LOAD CMakeFiles/U_system.elf.dir/Utilities/JPEG/jpeg_utils.c.obj
START GROUP
LOAD e:/program files (x86)/gnu arm embedded toolchain/10 2021.10/bin/../lib/gcc/arm-none-eabi/10.3.1/thumb/v7e-m+fp/hard\libgcc.a
LOAD e:/program files (x86)/gnu arm embedded toolchain/10 2021.10/bin/../lib/gcc/arm-none-eabi/10.3.1/../../../../arm-none-eabi/lib/thumb/v7e-m+fp/hard\libg.a
LOAD e:/program files (x86)/gnu arm embedded toolchain/10 2021.10/bin/../lib/gcc/arm-none-eabi/10.3.1/../../../../arm-none-eabi/lib/thumb/v7e-m+fp/hard\libc.a
END GROUP
LOAD e:/program files (x86)/gnu arm embedded toolchain/10 2021.10/bin/../lib/gcc/arm-none-eabi/10.3.1/thumb/v7e-m+fp/hard/crtend.o
LOAD e:/program files (x86)/gnu arm embedded toolchain/10 2021.10/bin/../lib/gcc/arm-none-eabi/10.3.1/thumb/v7e-m+fp/hard/crtn.o
                0x24080000                _estack = (ORIGIN (RAM_D1) + LENGTH (RAM_D1))
                0x00001000                _Min_Heap_Size = 0x1000
                0x00002000                _Min_Stack_Size = 0x2000

.isr_vector     0x90000000      0x298
                0x90000000                . = ALIGN (0x4)
 *(.isr_vector)
 .isr_vector    0x90000000      0x298 CMakeFiles/U_system.elf.dir/Core/Startup/startup_stm32h750xbhx.s.obj
                0x90000000                g_pfnVectors
                0x90000298                . = ALIGN (0x4)

.text           0x900002a0     0xceb0
                0x900002a0                . = ALIGN (0x4)
 *(.text)
 .text          0x900002a0       0x40 e:/program files (x86)/gnu arm embedded toolchain/10 2021.10/bin/../lib/gcc/arm-none-eabi/10.3.1/thumb/v7e-m+fp/hard/crtbegin.o
 .text          0x900002e0       0x50 e:/program files (x86)/gnu arm embedded toolchain/10 2021.10/bin/../lib/gcc/arm-none-eabi/10.3.1/thumb/v7e-m+fp/hard\libgcc.a(_arm_fixdfsi.o)
                0x900002e0                __aeabi_d2iz
                0x900002e0                __fixdfsi
 .text          0x90000330       0x30 e:/program files (x86)/gnu arm embedded toolchain/10 2021.10/bin/../lib/gcc/arm-none-eabi/10.3.1/thumb/v7e-m+fp/hard\libgcc.a(_aeabi_uldivmod.o)
                0x90000330                __aeabi_uldivmod
 .text          0x90000360      0x2d0 e:/program files (x86)/gnu arm embedded toolchain/10 2021.10/bin/../lib/gcc/arm-none-eabi/10.3.1/thumb/v7e-m+fp/hard\libgcc.a(_udivmoddi4.o)
                0x90000360                __udivmoddi4
 .text          0x90000630        0x4 e:/program files (x86)/gnu arm embedded toolchain/10 2021.10/bin/../lib/gcc/arm-none-eabi/10.3.1/thumb/v7e-m+fp/hard\libgcc.a(_dvmd_tls.o)
                0x90000630                __aeabi_idiv0
                0x90000630                __aeabi_ldiv0
 .text          0x90000634      0x134 e:/program files (x86)/gnu arm embedded toolchain/10 2021.10/bin/../lib/gcc/arm-none-eabi/10.3.1/../../../../arm-none-eabi/lib/thumb/v7e-m+fp/hard\libg.a(lib_a-memcpy.o)
                0x90000634                memcpy
 *fill*         0x90000768        0x8 
 .text          0x90000770       0xa0 e:/program files (x86)/gnu arm embedded toolchain/10 2021.10/bin/../lib/gcc/arm-none-eabi/10.3.1/../../../../arm-none-eabi/lib/thumb/v7e-m+fp/hard\libg.a(lib_a-memchr.o)
                0x90000770                memchr
 *(.text*)
 .text.initMessageQueue
                0x90000810       0x58 CMakeFiles/U_system.elf.dir/Application/src/MessageQueue.c.obj
                0x90000810                initMessageQueue
 .text.publishMessage
                0x90000868       0xac CMakeFiles/U_system.elf.dir/Application/src/MessageQueue.c.obj
                0x90000868                publishMessage
 .text.LCD_WriteCommand
                0x90000914       0x30 CMakeFiles/U_system.elf.dir/Application/src/lcd_spi.c.obj
                0x90000914                LCD_WriteCommand
 .text.LCD_WriteData_8bit
                0x90000944       0x30 CMakeFiles/U_system.elf.dir/Application/src/lcd_spi.c.obj
                0x90000944                LCD_WriteData_8bit
 .text.LCD_WriteData_16bit
                0x90000974       0x34 CMakeFiles/U_system.elf.dir/Application/src/lcd_spi.c.obj
                0x90000974                LCD_WriteData_16bit
 .text.LCD_SetAddress
                0x900009a8       0x54 CMakeFiles/U_system.elf.dir/Application/src/lcd_spi.c.obj
                0x900009a8                LCD_SetAddress
 .text.LCD_SetColor
                0x900009fc       0x24 CMakeFiles/U_system.elf.dir/Application/src/lcd_spi.c.obj
                0x900009fc                LCD_SetColor
 .text.LCD_SetBackColor
                0x90000a20       0x24 CMakeFiles/U_system.elf.dir/Application/src/lcd_spi.c.obj
                0x90000a20                LCD_SetBackColor
 .text.LCD_SetDirection
                0x90000a44       0x9c CMakeFiles/U_system.elf.dir/Application/src/lcd_spi.c.obj
                0x90000a44                LCD_SetDirection
 .text.LCD_SetAsciiFont
                0x90000ae0        0xc CMakeFiles/U_system.elf.dir/Application/src/lcd_spi.c.obj
                0x90000ae0                LCD_SetAsciiFont
 .text.LCD_SetTextFont
                0x90000aec       0x64 CMakeFiles/U_system.elf.dir/Application/src/lcd_spi.c.obj
                0x90000aec                LCD_SetTextFont
 .text.LCD_ShowNumMode
                0x90000b50        0xc CMakeFiles/U_system.elf.dir/Application/src/lcd_spi.c.obj
                0x90000b50                LCD_ShowNumMode
 .text.LCD_SPI_WaitOnFlagUntilTimeout
                0x90000b5c       0x48 CMakeFiles/U_system.elf.dir/Application/src/lcd_spi.c.obj
                0x90000b5c                LCD_SPI_WaitOnFlagUntilTimeout
 .text.LCD_SPI_CloseTransfer
                0x90000ba4       0xd0 CMakeFiles/U_system.elf.dir/Application/src/lcd_spi.c.obj
                0x90000ba4                LCD_SPI_CloseTransfer
 .text.LCD_SPI_Transmit
                0x90000c74      0x174 CMakeFiles/U_system.elf.dir/Application/src/lcd_spi.c.obj
                0x90000c74                LCD_SPI_Transmit
 .text.LCD_Clear
                0x90000de8       0x58 CMakeFiles/U_system.elf.dir/Application/src/lcd_spi.c.obj
                0x90000de8                LCD_Clear
 .text.SPI_LCD_Init
                0x90000e40      0x1b0 CMakeFiles/U_system.elf.dir/Application/src/lcd_spi.c.obj
                0x90000e40                SPI_LCD_Init
 .text.block_size
                0x90000ff0        0x8 CMakeFiles/U_system.elf.dir/Application/src/tlsf.c.obj
 .text.block_set_size
                0x90000ff8        0xc CMakeFiles/U_system.elf.dir/Application/src/tlsf.c.obj
 .text.block_is_last
                0x90001004        0xe CMakeFiles/U_system.elf.dir/Application/src/tlsf.c.obj
 .text.block_is_free
                0x90001012        0x8 CMakeFiles/U_system.elf.dir/Application/src/tlsf.c.obj
 .text.block_set_free
                0x9000101a        0xa CMakeFiles/U_system.elf.dir/Application/src/tlsf.c.obj
 .text.block_set_used
                0x90001024        0xa CMakeFiles/U_system.elf.dir/Application/src/tlsf.c.obj
 .text.block_set_prev_free
                0x9000102e        0xa CMakeFiles/U_system.elf.dir/Application/src/tlsf.c.obj
 .text.block_set_prev_used
                0x90001038        0xa CMakeFiles/U_system.elf.dir/Application/src/tlsf.c.obj
 .text.block_to_ptr
                0x90001042        0x4 CMakeFiles/U_system.elf.dir/Application/src/tlsf.c.obj
 .text.offset_to_block
                0x90001046        0x4 CMakeFiles/U_system.elf.dir/Application/src/tlsf.c.obj
 .text.block_can_split
                0x9000104a       0x14 CMakeFiles/U_system.elf.dir/Application/src/tlsf.c.obj
 .text.control_construct
                0x9000105e       0x32 CMakeFiles/U_system.elf.dir/Application/src/tlsf.c.obj
 .text.block_next
                0x90001090       0x40 CMakeFiles/U_system.elf.dir/Application/src/tlsf.c.obj
 .text.block_link_next
                0x900010d0        0xc CMakeFiles/U_system.elf.dir/Application/src/tlsf.c.obj
 .text.block_mark_as_free
                0x900010dc       0x14 CMakeFiles/U_system.elf.dir/Application/src/tlsf.c.obj
 .text.block_mark_as_used
                0x900010f0       0x14 CMakeFiles/U_system.elf.dir/Application/src/tlsf.c.obj
 .text.align_up
                0x90001104       0x2c CMakeFiles/U_system.elf.dir/Application/src/tlsf.c.obj
 .text.adjust_request_size
                0x90001130       0x1c CMakeFiles/U_system.elf.dir/Application/src/tlsf.c.obj
 .text.remove_free_block
                0x9000114c       0x7c CMakeFiles/U_system.elf.dir/Application/src/tlsf.c.obj
 .text.align_ptr
                0x900011c8       0x2c CMakeFiles/U_system.elf.dir/Application/src/tlsf.c.obj
 .text.block_split
                0x900011f4       0xa4 CMakeFiles/U_system.elf.dir/Application/src/tlsf.c.obj
 .text.insert_free_block
                0x90001298       0x9c CMakeFiles/U_system.elf.dir/Application/src/tlsf.c.obj
 .text.tlsf_fls
                0x90001334       0x12 CMakeFiles/U_system.elf.dir/Application/src/tlsf.c.obj
 .text.mapping_insert
                0x90001346       0x2e CMakeFiles/U_system.elf.dir/Application/src/tlsf.c.obj
 .text.block_insert
                0x90001374       0x26 CMakeFiles/U_system.elf.dir/Application/src/tlsf.c.obj
 *fill*         0x9000139a        0x2 
 .text.block_trim_free
                0x9000139c       0x58 CMakeFiles/U_system.elf.dir/Application/src/tlsf.c.obj
 .text.block_prepare_used
                0x900013f4       0x38 CMakeFiles/U_system.elf.dir/Application/src/tlsf.c.obj
 .text.mapping_search
                0x9000142c       0x26 CMakeFiles/U_system.elf.dir/Application/src/tlsf.c.obj
 .text.tlsf_ffs
                0x90001452       0x12 CMakeFiles/U_system.elf.dir/Application/src/tlsf.c.obj
 .text.search_suitable_block
                0x90001464       0x70 CMakeFiles/U_system.elf.dir/Application/src/tlsf.c.obj
 .text.block_locate_free
                0x900014d4       0x6c CMakeFiles/U_system.elf.dir/Application/src/tlsf.c.obj
 .text.tlsf_create
                0x90001540       0x24 CMakeFiles/U_system.elf.dir/Application/src/tlsf.c.obj
                0x90001540                tlsf_create
 .text.tlsf_malloc
                0x90001564       0x28 CMakeFiles/U_system.elf.dir/Application/src/tlsf.c.obj
                0x90001564                tlsf_malloc
 .text.MX_DMA2D_Init
                0x9000158c       0x48 CMakeFiles/U_system.elf.dir/Core/Src/dma2d.c.obj
                0x9000158c                MX_DMA2D_Init
 .text.HAL_DMA2D_MspInit
                0x900015d4       0x34 CMakeFiles/U_system.elf.dir/Core/Src/dma2d.c.obj
                0x900015d4                HAL_DMA2D_MspInit
 .text.HAL_FMC_MspInit
                0x90001608      0x108 CMakeFiles/U_system.elf.dir/Core/Src/fmc.c.obj
 .text.SDRAM_Initialization_Sequence
                0x90001710       0x8a CMakeFiles/U_system.elf.dir/Core/Src/fmc.c.obj
                0x90001710                SDRAM_Initialization_Sequence
 *fill*         0x9000179a        0x2 
 .text.MX_FMC_Init
                0x9000179c       0x78 CMakeFiles/U_system.elf.dir/Core/Src/fmc.c.obj
                0x9000179c                MX_FMC_Init
 .text.HAL_SDRAM_MspInit
                0x90001814        0x8 CMakeFiles/U_system.elf.dir/Core/Src/fmc.c.obj
                0x90001814                HAL_SDRAM_MspInit
 .text.FatFsTask
                0x9000181c        0x2 CMakeFiles/U_system.elf.dir/Core/Src/freertos.c.obj
                0x9000181c                FatFsTask
 .text.Shell    0x9000181e        0xa CMakeFiles/U_system.elf.dir/Core/Src/freertos.c.obj
                0x9000181e                Shell
 .text.LCD_Display
                0x90001828        0xc CMakeFiles/U_system.elf.dir/Core/Src/freertos.c.obj
                0x90001828                LCD_Display
 .text.VFS      0x90001834        0xc CMakeFiles/U_system.elf.dir/Core/Src/freertos.c.obj
                0x90001834                VFS
 .text.vApplicationGetIdleTaskMemory
                0x90001840       0x18 CMakeFiles/U_system.elf.dir/Core/Src/freertos.c.obj
                0x90001840                vApplicationGetIdleTaskMemory
 .text.MX_FREERTOS_Init
                0x90001858       0xb8 CMakeFiles/U_system.elf.dir/Core/Src/freertos.c.obj
                0x90001858                MX_FREERTOS_Init
 .text.MX_GPIO_Init
                0x90001910      0x194 CMakeFiles/U_system.elf.dir/Core/Src/gpio.c.obj
                0x90001910                MX_GPIO_Init
 .text.MX_HASH_Init
                0x90001aa4       0x1c CMakeFiles/U_system.elf.dir/Core/Src/hash.c.obj
                0x90001aa4                MX_HASH_Init
 .text.HAL_HASH_MspInit
                0x90001ac0       0x24 CMakeFiles/U_system.elf.dir/Core/Src/hash.c.obj
                0x90001ac0                HAL_HASH_MspInit
 .text.MX_JPEG_Init
                0x90001ae4       0x20 CMakeFiles/U_system.elf.dir/Core/Src/jpeg.c.obj
                0x90001ae4                MX_JPEG_Init
 .text.HAL_JPEG_MspInit
                0x90001b04       0x34 CMakeFiles/U_system.elf.dir/Core/Src/jpeg.c.obj
                0x90001b04                HAL_JPEG_MspInit
 .text.MPU_Config
                0x90001b38       0x56 CMakeFiles/U_system.elf.dir/Core/Src/main.c.obj
 *fill*         0x90001b8e        0x2 
 .text.HAL_TIM_PeriodElapsedCallback
                0x90001b90       0x18 CMakeFiles/U_system.elf.dir/Core/Src/main.c.obj
                0x90001b90                HAL_TIM_PeriodElapsedCallback
 .text.Error_Handler
                0x90001ba8        0x4 CMakeFiles/U_system.elf.dir/Core/Src/main.c.obj
                0x90001ba8                Error_Handler
 .text.SystemClock_Config
                0x90001bac       0x98 CMakeFiles/U_system.elf.dir/Core/Src/main.c.obj
                0x90001bac                SystemClock_Config
 .text.main     0x90001c44       0x7c CMakeFiles/U_system.elf.dir/Core/Src/main.c.obj
                0x90001c44                main
 .text.MX_RNG_Init
                0x90001cc0       0x24 CMakeFiles/U_system.elf.dir/Core/Src/rng.c.obj
                0x90001cc0                MX_RNG_Init
 .text.HAL_RNG_MspInit
                0x90001ce4       0x58 CMakeFiles/U_system.elf.dir/Core/Src/rng.c.obj
                0x90001ce4                HAL_RNG_MspInit
 .text.MX_RTC_Init
                0x90001d3c       0x34 CMakeFiles/U_system.elf.dir/Core/Src/rtc.c.obj
                0x90001d3c                MX_RTC_Init
 .text.HAL_RTC_MspInit
                0x90001d70       0x50 CMakeFiles/U_system.elf.dir/Core/Src/rtc.c.obj
                0x90001d70                HAL_RTC_MspInit
 .text.MX_SDMMC1_SD_Init
                0x90001dc0       0x24 CMakeFiles/U_system.elf.dir/Core/Src/sdmmc.c.obj
                0x90001dc0                MX_SDMMC1_SD_Init
 .text.HAL_SD_MspInit
                0x90001de4       0xe0 CMakeFiles/U_system.elf.dir/Core/Src/sdmmc.c.obj
                0x90001de4                HAL_SD_MspInit
 .text.MX_SPI5_Init
                0x90001ec4       0x60 CMakeFiles/U_system.elf.dir/Core/Src/spi.c.obj
                0x90001ec4                MX_SPI5_Init
 .text.HAL_SPI_MspInit
                0x90001f24      0x130 CMakeFiles/U_system.elf.dir/Core/Src/spi.c.obj
                0x90001f24                HAL_SPI_MspInit
 .text.HAL_MspInit
                0x90002054       0x34 CMakeFiles/U_system.elf.dir/Core/Src/stm32h7xx_hal_msp.c.obj
                0x90002054                HAL_MspInit
 .text.HAL_InitTick
                0x90002088       0x90 CMakeFiles/U_system.elf.dir/Core/Src/stm32h7xx_hal_timebase_tim.c.obj
                0x90002088                HAL_InitTick
 .text.NMI_Handler
                0x90002118        0x2 CMakeFiles/U_system.elf.dir/Core/Src/stm32h7xx_it.c.obj
                0x90002118                NMI_Handler
 .text.HardFault_Handler
                0x9000211a        0x2 CMakeFiles/U_system.elf.dir/Core/Src/stm32h7xx_it.c.obj
                0x9000211a                HardFault_Handler
 .text.MemManage_Handler
                0x9000211c        0x2 CMakeFiles/U_system.elf.dir/Core/Src/stm32h7xx_it.c.obj
                0x9000211c                MemManage_Handler
 .text.BusFault_Handler
                0x9000211e        0x2 CMakeFiles/U_system.elf.dir/Core/Src/stm32h7xx_it.c.obj
                0x9000211e                BusFault_Handler
 .text.UsageFault_Handler
                0x90002120        0x2 CMakeFiles/U_system.elf.dir/Core/Src/stm32h7xx_it.c.obj
                0x90002120                UsageFault_Handler
 .text.DebugMon_Handler
                0x90002122        0x2 CMakeFiles/U_system.elf.dir/Core/Src/stm32h7xx_it.c.obj
                0x90002122                DebugMon_Handler
 .text.TIM1_UP_IRQHandler
                0x90002124       0x10 CMakeFiles/U_system.elf.dir/Core/Src/stm32h7xx_it.c.obj
                0x90002124                TIM1_UP_IRQHandler
 .text.SDMMC1_IRQHandler
                0x90002134       0x10 CMakeFiles/U_system.elf.dir/Core/Src/stm32h7xx_it.c.obj
                0x90002134                SDMMC1_IRQHandler
 .text._getpid  0x90002144        0x4 CMakeFiles/U_system.elf.dir/Core/Src/syscalls.c.obj
                0x90002144                _getpid
 .text._kill    0x90002148       0x10 CMakeFiles/U_system.elf.dir/Core/Src/syscalls.c.obj
                0x90002148                _kill
 .text._exit    0x90002158        0xc CMakeFiles/U_system.elf.dir/Core/Src/syscalls.c.obj
                0x90002158                _exit
 .text._read    0x90002164       0x20 CMakeFiles/U_system.elf.dir/Core/Src/syscalls.c.obj
                0x90002164                _read
 .text._write   0x90002184       0x1c CMakeFiles/U_system.elf.dir/Core/Src/syscalls.c.obj
                0x90002184                _write
 .text._close   0x900021a0        0x6 CMakeFiles/U_system.elf.dir/Core/Src/syscalls.c.obj
                0x900021a0                _close
 .text._fstat   0x900021a6        0xa CMakeFiles/U_system.elf.dir/Core/Src/syscalls.c.obj
                0x900021a6                _fstat
 .text._isatty  0x900021b0        0x4 CMakeFiles/U_system.elf.dir/Core/Src/syscalls.c.obj
                0x900021b0                _isatty
 .text._lseek   0x900021b4        0x4 CMakeFiles/U_system.elf.dir/Core/Src/syscalls.c.obj
                0x900021b4                _lseek
 .text._sbrk    0x900021b8       0x48 CMakeFiles/U_system.elf.dir/Core/Src/sysmem.c.obj
                0x900021b8                _sbrk
 .text.SystemInit
                0x90002200       0xd4 CMakeFiles/U_system.elf.dir/Core/Src/system_stm32h7xx.c.obj
                0x90002200                SystemInit
 .text.MX_USART1_UART_Init
                0x900022d4       0x68 CMakeFiles/U_system.elf.dir/Core/Src/usart.c.obj
                0x900022d4                MX_USART1_UART_Init
 .text.HAL_UART_MspInit
                0x9000233c       0x98 CMakeFiles/U_system.elf.dir/Core/Src/usart.c.obj
                0x9000233c                HAL_UART_MspInit
 .text.Reset_Handler
                0x900023d4       0x50 CMakeFiles/U_system.elf.dir/Core/Startup/startup_stm32h750xbhx.s.obj
                0x900023d4                Reset_Handler
 .text.Default_Handler
                0x90002424        0x2 CMakeFiles/U_system.elf.dir/Core/Startup/startup_stm32h750xbhx.s.obj
                0x90002424                RTC_Alarm_IRQHandler
                0x90002424                HASH_RNG_IRQHandler
                0x90002424                EXTI2_IRQHandler
                0x90002424                TIM8_CC_IRQHandler
                0x90002424                HRTIM1_Master_IRQHandler
                0x90002424                UART8_IRQHandler
                0x90002424                SPI4_IRQHandler
                0x90002424                TIM1_CC_IRQHandler
                0x90002424                BDMA_Channel6_IRQHandler
                0x90002424                DMA2_Stream5_IRQHandler
                0x90002424                HRTIM1_FLT_IRQHandler
                0x90002424                JPEG_IRQHandler
                0x90002424                DMA1_Stream5_IRQHandler
                0x90002424                BDMA_Channel1_IRQHandler
                0x90002424                HRTIM1_TIMD_IRQHandler
                0x90002424                TAMP_STAMP_IRQHandler
                0x90002424                EXTI3_IRQHandler
                0x90002424                LPTIM4_IRQHandler
                0x90002424                TIM8_TRG_COM_TIM14_IRQHandler
                0x90002424                LPTIM2_IRQHandler
                0x90002424                DFSDM1_FLT1_IRQHandler
                0x90002424                DMAMUX2_OVR_IRQHandler
                0x90002424                TIM8_UP_TIM13_IRQHandler
                0x90002424                I2C3_ER_IRQHandler
                0x90002424                DFSDM1_FLT2_IRQHandler
                0x90002424                MDMA_IRQHandler
                0x90002424                LPTIM3_IRQHandler
                0x90002424                HSEM1_IRQHandler
                0x90002424                EXTI0_IRQHandler
                0x90002424                I2C2_EV_IRQHandler
                0x90002424                DMA1_Stream2_IRQHandler
                0x90002424                FPU_IRQHandler
                0x90002424                OTG_HS_WKUP_IRQHandler
                0x90002424                FDCAN1_IT1_IRQHandler
                0x90002424                LTDC_ER_IRQHandler
                0x90002424                DMA2_Stream2_IRQHandler
                0x90002424                HRTIM1_TIME_IRQHandler
                0x90002424                SPI1_IRQHandler
                0x90002424                TIM6_DAC_IRQHandler
                0x90002424                DCMI_IRQHandler
                0x90002424                HRTIM1_TIMC_IRQHandler
                0x90002424                DMA2_Stream3_IRQHandler
                0x90002424                SAI2_IRQHandler
                0x90002424                DFSDM1_FLT3_IRQHandler
                0x90002424                USART6_IRQHandler
                0x90002424                TIM17_IRQHandler
                0x90002424                USART3_IRQHandler
                0x90002424                BDMA_Channel7_IRQHandler
                0x90002424                CRYP_IRQHandler
                0x90002424                LPTIM5_IRQHandler
                0x90002424                UART5_IRQHandler
                0x90002424                ADC3_IRQHandler
                0x90002424                DMA2_Stream0_IRQHandler
                0x90002424                TIM4_IRQHandler
                0x90002424                BDMA_Channel2_IRQHandler
                0x90002424                QUADSPI_IRQHandler
                0x90002424                I2C1_EV_IRQHandler
                0x90002424                DMA1_Stream6_IRQHandler
                0x90002424                DMAMUX1_OVR_IRQHandler
                0x90002424                DMA1_Stream1_IRQHandler
                0x90002424                TIM16_IRQHandler
                0x90002424                UART4_IRQHandler
                0x90002424                BDMA_Channel5_IRQHandler
                0x90002424                TIM3_IRQHandler
                0x90002424                RCC_IRQHandler
                0x90002424                TIM8_BRK_TIM12_IRQHandler
                0x90002424                TIM1_TRG_COM_IRQHandler
                0x90002424                Default_Handler
                0x90002424                ECC_IRQHandler
                0x90002424                CEC_IRQHandler
                0x90002424                EXTI15_10_IRQHandler
                0x90002424                BDMA_Channel0_IRQHandler
                0x90002424                ADC_IRQHandler
                0x90002424                DMA1_Stream7_IRQHandler
                0x90002424                HRTIM1_TIMA_IRQHandler
                0x90002424                SPI5_IRQHandler
                0x90002424                TIM7_IRQHandler
                0x90002424                TIM5_IRQHandler
                0x90002424                DMA2_Stream7_IRQHandler
                0x90002424                TIM15_IRQHandler
                0x90002424                PVD_AVD_IRQHandler
                0x90002424                I2C3_EV_IRQHandler
                0x90002424                EXTI9_5_IRQHandler
                0x90002424                RTC_WKUP_IRQHandler
                0x90002424                LTDC_IRQHandler
                0x90002424                SAI3_IRQHandler
                0x90002424                ETH_WKUP_IRQHandler
                0x90002424                SPDIF_RX_IRQHandler
                0x90002424                SPI2_IRQHandler
                0x90002424                OTG_HS_EP1_IN_IRQHandler
                0x90002424                DMA1_Stream0_IRQHandler
                0x90002424                CRS_IRQHandler
                0x90002424                EXTI4_IRQHandler
                0x90002424                HRTIM1_TIMB_IRQHandler
                0x90002424                FDCAN2_IT1_IRQHandler
                0x90002424                ETH_IRQHandler
                0x90002424                BDMA_Channel4_IRQHandler
                0x90002424                OTG_HS_EP1_OUT_IRQHandler
                0x90002424                WWDG_IRQHandler
                0x90002424                SPI6_IRQHandler
                0x90002424                MDIOS_IRQHandler
                0x90002424                I2C4_EV_IRQHandler
                0x90002424                FDCAN2_IT0_IRQHandler
                0x90002424                LPUART1_IRQHandler
                0x90002424                FDCAN1_IT0_IRQHandler
                0x90002424                TIM2_IRQHandler
                0x90002424                OTG_FS_WKUP_IRQHandler
                0x90002424                OTG_HS_IRQHandler
                0x90002424                DMA2D_IRQHandler
                0x90002424                TIM1_BRK_IRQHandler
                0x90002424                EXTI1_IRQHandler
                0x90002424                SDMMC2_IRQHandler
                0x90002424                OTG_FS_EP1_OUT_IRQHandler
                0x90002424                BDMA_Channel3_IRQHandler
                0x90002424                UART7_IRQHandler
                0x90002424                MDIOS_WKUP_IRQHandler
                0x90002424                USART2_IRQHandler
                0x90002424                DFSDM1_FLT0_IRQHandler
                0x90002424                SAI4_IRQHandler
                0x90002424                I2C2_ER_IRQHandler
                0x90002424                DMA2_Stream1_IRQHandler
                0x90002424                FLASH_IRQHandler
                0x90002424                DMA2_Stream4_IRQHandler
                0x90002424                USART1_IRQHandler
                0x90002424                OTG_FS_IRQHandler
                0x90002424                SPI3_IRQHandler
                0x90002424                WAKEUP_PIN_IRQHandler
                0x90002424                DMA1_Stream4_IRQHandler
                0x90002424                OTG_FS_EP1_IN_IRQHandler
                0x90002424                I2C1_ER_IRQHandler
                0x90002424                FMC_IRQHandler
                0x90002424                FDCAN_CAL_IRQHandler
                0x90002424                SWPMI1_IRQHandler
                0x90002424                COMP1_IRQHandler
                0x90002424                LPTIM1_IRQHandler
                0x90002424                I2C4_ER_IRQHandler
                0x90002424                DMA2_Stream6_IRQHandler
                0x90002424                SAI1_IRQHandler
                0x90002424                DMA1_Stream3_IRQHandler
 *fill*         0x90002426        0x2 
 .text.put_char
                0x90002428       0x24 CMakeFiles/U_system.elf.dir/Drivers/Kernel/src/u_stdio.c.obj
                0x90002428                put_char
 .text.put_s    0x9000244c       0x14 CMakeFiles/U_system.elf.dir/Drivers/Kernel/src/u_stdio.c.obj
                0x9000244c                put_s
 .text.put_num  0x90002460       0x64 CMakeFiles/U_system.elf.dir/Drivers/Kernel/src/u_stdio.c.obj
                0x90002460                put_num
 .text.v_printf
                0x900024c4       0xb6 CMakeFiles/U_system.elf.dir/Drivers/Kernel/src/u_stdio.c.obj
 .text.u_print  0x9000257a       0x18 CMakeFiles/U_system.elf.dir/Drivers/Kernel/src/u_stdio.c.obj
                0x9000257a                u_print
 .text.strlen   0x90002592       0x12 CMakeFiles/U_system.elf.dir/Drivers/Kernel/src/u_stdio.c.obj
                0x90002592                strlen
 .text.strcopy  0x900025a4       0x12 CMakeFiles/U_system.elf.dir/Drivers/Kernel/src/u_stdio.c.obj
                0x900025a4                strcopy
 .text.strcmp   0x900025b6       0x28 CMakeFiles/U_system.elf.dir/Drivers/Kernel/src/u_stdio.c.obj
                0x900025b6                strcmp
 .text.mutex_status
                0x900025de       0x24 CMakeFiles/U_system.elf.dir/Drivers/Kernel/src/u_thread.c.obj
                0x900025de                mutex_status
 .text.mutex_lock
                0x90002602       0x78 CMakeFiles/U_system.elf.dir/Drivers/Kernel/src/u_thread.c.obj
                0x90002602                mutex_lock
 .text.mutex_unlock
                0x9000267a       0x56 CMakeFiles/U_system.elf.dir/Drivers/Kernel/src/u_thread.c.obj
                0x9000267a                mutex_unlock
 .text.mutex_init
                0x900026d0       0x3c CMakeFiles/U_system.elf.dir/Drivers/Kernel/src/u_thread.c.obj
                0x900026d0                mutex_init
 .text.HAL_Init
                0x9000270c       0x5c CMakeFiles/U_system.elf.dir/Drivers/STM32H7xx_HAL_Driver/Src/stm32h7xx_hal.c.obj
                0x9000270c                HAL_Init
 .text.HAL_IncTick
                0x90002768       0x18 CMakeFiles/U_system.elf.dir/Drivers/STM32H7xx_HAL_Driver/Src/stm32h7xx_hal.c.obj
                0x90002768                HAL_IncTick
 .text.HAL_GetTick
                0x90002780        0xc CMakeFiles/U_system.elf.dir/Drivers/STM32H7xx_HAL_Driver/Src/stm32h7xx_hal.c.obj
                0x90002780                HAL_GetTick
 .text.HAL_Delay
                0x9000278c       0x28 CMakeFiles/U_system.elf.dir/Drivers/STM32H7xx_HAL_Driver/Src/stm32h7xx_hal.c.obj
                0x9000278c                HAL_Delay
 .text.HAL_GetREVID
                0x900027b4        0xc CMakeFiles/U_system.elf.dir/Drivers/STM32H7xx_HAL_Driver/Src/stm32h7xx_hal.c.obj
                0x900027b4                HAL_GetREVID
 .text.HAL_NVIC_SetPriorityGrouping
                0x900027c0       0x24 CMakeFiles/U_system.elf.dir/Drivers/STM32H7xx_HAL_Driver/Src/stm32h7xx_hal_cortex.c.obj
                0x900027c0                HAL_NVIC_SetPriorityGrouping
 .text.HAL_NVIC_SetPriority
                0x900027e4       0x6c CMakeFiles/U_system.elf.dir/Drivers/STM32H7xx_HAL_Driver/Src/stm32h7xx_hal_cortex.c.obj
                0x900027e4                HAL_NVIC_SetPriority
 .text.HAL_NVIC_EnableIRQ
                0x90002850       0x1c CMakeFiles/U_system.elf.dir/Drivers/STM32H7xx_HAL_Driver/Src/stm32h7xx_hal_cortex.c.obj
                0x90002850                HAL_NVIC_EnableIRQ
 .text.HAL_MPU_Disable
                0x9000286c       0x1c CMakeFiles/U_system.elf.dir/Drivers/STM32H7xx_HAL_Driver/Src/stm32h7xx_hal_cortex.c.obj
                0x9000286c                HAL_MPU_Disable
 .text.HAL_MPU_Enable
                0x90002888       0x20 CMakeFiles/U_system.elf.dir/Drivers/STM32H7xx_HAL_Driver/Src/stm32h7xx_hal_cortex.c.obj
                0x90002888                HAL_MPU_Enable
 .text.HAL_MPU_ConfigRegion
                0x900028a8       0x58 CMakeFiles/U_system.elf.dir/Drivers/STM32H7xx_HAL_Driver/Src/stm32h7xx_hal_cortex.c.obj
                0x900028a8                HAL_MPU_ConfigRegion
 .text.HAL_DMA2D_Init
                0x90002900       0x84 CMakeFiles/U_system.elf.dir/Drivers/STM32H7xx_HAL_Driver/Src/stm32h7xx_hal_dma2d.c.obj
                0x90002900                HAL_DMA2D_Init
 .text.HAL_DMA2D_ConfigLayer
                0x90002984      0x104 CMakeFiles/U_system.elf.dir/Drivers/STM32H7xx_HAL_Driver/Src/stm32h7xx_hal_dma2d.c.obj
                0x90002984                HAL_DMA2D_ConfigLayer
 .text.HAL_GPIO_Init
                0x90002a88      0x220 CMakeFiles/U_system.elf.dir/Drivers/STM32H7xx_HAL_Driver/Src/stm32h7xx_hal_gpio.c.obj
                0x90002a88                HAL_GPIO_Init
 .text.HAL_GPIO_WritePin
                0x90002ca8        0xc CMakeFiles/U_system.elf.dir/Drivers/STM32H7xx_HAL_Driver/Src/stm32h7xx_hal_gpio.c.obj
                0x90002ca8                HAL_GPIO_WritePin
 .text.HAL_HASH_Init
                0x90002cb4       0x60 CMakeFiles/U_system.elf.dir/Drivers/STM32H7xx_HAL_Driver/Src/stm32h7xx_hal_hash.c.obj
                0x90002cb4                HAL_HASH_Init
 .text.JPEG_Bits_To_SizeCodes
                0x90002d14       0x80 CMakeFiles/U_system.elf.dir/Drivers/STM32H7xx_HAL_Driver/Src/stm32h7xx_hal_jpeg.c.obj
 .text.JPEG_ACHuff_BitsVals_To_SizeCodes
                0x90002d94       0x6c CMakeFiles/U_system.elf.dir/Drivers/STM32H7xx_HAL_Driver/Src/stm32h7xx_hal_jpeg.c.obj
 .text.JPEG_DCHuff_BitsVals_To_SizeCodes
                0x90002e00       0x5a CMakeFiles/U_system.elf.dir/Drivers/STM32H7xx_HAL_Driver/Src/stm32h7xx_hal_jpeg.c.obj
 .text.JPEG_Set_HuffDC_Mem
                0x90002e5a       0x9a CMakeFiles/U_system.elf.dir/Drivers/STM32H7xx_HAL_Driver/Src/stm32h7xx_hal_jpeg.c.obj
 .text.JPEG_Set_HuffAC_Mem
                0x90002ef4       0xb8 CMakeFiles/U_system.elf.dir/Drivers/STM32H7xx_HAL_Driver/Src/stm32h7xx_hal_jpeg.c.obj
 .text.JPEG_Set_Huff_DHTMem
                0x90002fac      0x26c CMakeFiles/U_system.elf.dir/Drivers/STM32H7xx_HAL_Driver/Src/stm32h7xx_hal_jpeg.c.obj
 .text.JPEG_Set_HuffEnc_Mem
                0x90003218       0x68 CMakeFiles/U_system.elf.dir/Drivers/STM32H7xx_HAL_Driver/Src/stm32h7xx_hal_jpeg.c.obj
 .text.HAL_JPEG_Init
                0x90003280       0xa0 CMakeFiles/U_system.elf.dir/Drivers/STM32H7xx_HAL_Driver/Src/stm32h7xx_hal_jpeg.c.obj
                0x90003280                HAL_JPEG_Init
 .text.HAL_PWREx_ConfigSupply
                0x90003320       0x54 CMakeFiles/U_system.elf.dir/Drivers/STM32H7xx_HAL_Driver/Src/stm32h7xx_hal_pwr_ex.c.obj
                0x90003320                HAL_PWREx_ConfigSupply
 .text.HAL_RCC_OscConfig
                0x90003374      0x6b4 CMakeFiles/U_system.elf.dir/Drivers/STM32H7xx_HAL_Driver/Src/stm32h7xx_hal_rcc.c.obj
                0x90003374                HAL_RCC_OscConfig
 .text.HAL_RCC_GetSysClockFreq
                0x90003a28      0x1f4 CMakeFiles/U_system.elf.dir/Drivers/STM32H7xx_HAL_Driver/Src/stm32h7xx_hal_rcc.c.obj
                0x90003a28                HAL_RCC_GetSysClockFreq
 .text.HAL_RCC_ClockConfig
                0x90003c1c      0x294 CMakeFiles/U_system.elf.dir/Drivers/STM32H7xx_HAL_Driver/Src/stm32h7xx_hal_rcc.c.obj
                0x90003c1c                HAL_RCC_ClockConfig
 .text.HAL_RCC_GetHCLKFreq
                0x90003eb0       0x44 CMakeFiles/U_system.elf.dir/Drivers/STM32H7xx_HAL_Driver/Src/stm32h7xx_hal_rcc.c.obj
                0x90003eb0                HAL_RCC_GetHCLKFreq
 .text.HAL_RCC_GetPCLK1Freq
                0x90003ef4       0x24 CMakeFiles/U_system.elf.dir/Drivers/STM32H7xx_HAL_Driver/Src/stm32h7xx_hal_rcc.c.obj
                0x90003ef4                HAL_RCC_GetPCLK1Freq
 .text.HAL_RCC_GetPCLK2Freq
                0x90003f18       0x24 CMakeFiles/U_system.elf.dir/Drivers/STM32H7xx_HAL_Driver/Src/stm32h7xx_hal_rcc.c.obj
                0x90003f18                HAL_RCC_GetPCLK2Freq
 .text.HAL_RCC_GetClockConfig
                0x90003f3c       0x54 CMakeFiles/U_system.elf.dir/Drivers/STM32H7xx_HAL_Driver/Src/stm32h7xx_hal_rcc.c.obj
                0x90003f3c                HAL_RCC_GetClockConfig
 .text.RCCEx_PLL2_Config
                0x90003f90      0x10c CMakeFiles/U_system.elf.dir/Drivers/STM32H7xx_HAL_Driver/Src/stm32h7xx_hal_rcc_ex.c.obj
 .text.RCCEx_PLL3_Config
                0x9000409c      0x10c CMakeFiles/U_system.elf.dir/Drivers/STM32H7xx_HAL_Driver/Src/stm32h7xx_hal_rcc_ex.c.obj
 .text.HAL_RCCEx_PeriphCLKConfig
                0x900041a8      0xa8c CMakeFiles/U_system.elf.dir/Drivers/STM32H7xx_HAL_Driver/Src/stm32h7xx_hal_rcc_ex.c.obj
                0x900041a8                HAL_RCCEx_PeriphCLKConfig
 .text.HAL_RCCEx_GetD3PCLK1Freq
                0x90004c34       0x24 CMakeFiles/U_system.elf.dir/Drivers/STM32H7xx_HAL_Driver/Src/stm32h7xx_hal_rcc_ex.c.obj
                0x90004c34                HAL_RCCEx_GetD3PCLK1Freq
 .text.HAL_RCCEx_GetPLL2ClockFreq
                0x90004c58      0x1f8 CMakeFiles/U_system.elf.dir/Drivers/STM32H7xx_HAL_Driver/Src/stm32h7xx_hal_rcc_ex.c.obj
                0x90004c58                HAL_RCCEx_GetPLL2ClockFreq
 .text.HAL_RCCEx_GetPLL3ClockFreq
                0x90004e50      0x1f8 CMakeFiles/U_system.elf.dir/Drivers/STM32H7xx_HAL_Driver/Src/stm32h7xx_hal_rcc_ex.c.obj
                0x90004e50                HAL_RCCEx_GetPLL3ClockFreq
 .text.HAL_RCCEx_GetPLL1ClockFreq
                0x90005048      0x1f8 CMakeFiles/U_system.elf.dir/Drivers/STM32H7xx_HAL_Driver/Src/stm32h7xx_hal_rcc_ex.c.obj
                0x90005048                HAL_RCCEx_GetPLL1ClockFreq
 .text.HAL_RCCEx_GetPeriphCLKFreq
                0x90005240      0x6d0 CMakeFiles/U_system.elf.dir/Drivers/STM32H7xx_HAL_Driver/Src/stm32h7xx_hal_rcc_ex.c.obj
                0x90005240                HAL_RCCEx_GetPeriphCLKFreq
 .text.HAL_RNG_Init
                0x90005910       0x80 CMakeFiles/U_system.elf.dir/Drivers/STM32H7xx_HAL_Driver/Src/stm32h7xx_hal_rng.c.obj
                0x90005910                HAL_RNG_Init
 .text.HAL_RTC_WaitForSynchro
                0x90005990       0x34 CMakeFiles/U_system.elf.dir/Drivers/STM32H7xx_HAL_Driver/Src/stm32h7xx_hal_rtc.c.obj
                0x90005990                HAL_RTC_WaitForSynchro
 .text.RTC_EnterInitMode
                0x900059c4       0x44 CMakeFiles/U_system.elf.dir/Drivers/STM32H7xx_HAL_Driver/Src/stm32h7xx_hal_rtc.c.obj
                0x900059c4                RTC_EnterInitMode
 .text.RTC_ExitInitMode
                0x90005a08       0x50 CMakeFiles/U_system.elf.dir/Drivers/STM32H7xx_HAL_Driver/Src/stm32h7xx_hal_rtc.c.obj
                0x90005a08                RTC_ExitInitMode
 .text.HAL_RTC_Init
                0x90005a58       0xa4 CMakeFiles/U_system.elf.dir/Drivers/STM32H7xx_HAL_Driver/Src/stm32h7xx_hal_rtc.c.obj
                0x90005a58                HAL_RTC_Init
 .text.SD_PowerON
                0x90005afc       0xc4 CMakeFiles/U_system.elf.dir/Drivers/STM32H7xx_HAL_Driver/Src/stm32h7xx_hal_sd.c.obj
 .text.SD_Read_IT
                0x90005bc0       0x3c CMakeFiles/U_system.elf.dir/Drivers/STM32H7xx_HAL_Driver/Src/stm32h7xx_hal_sd.c.obj
 .text.SD_Write_IT
                0x90005bfc       0x4c CMakeFiles/U_system.elf.dir/Drivers/STM32H7xx_HAL_Driver/Src/stm32h7xx_hal_sd.c.obj
 .text.SD_SendSDStatus
                0x90005c48      0x108 CMakeFiles/U_system.elf.dir/Drivers/STM32H7xx_HAL_Driver/Src/stm32h7xx_hal_sd.c.obj
 .text.SD_FindSCR
                0x90005d50      0x108 CMakeFiles/U_system.elf.dir/Drivers/STM32H7xx_HAL_Driver/Src/stm32h7xx_hal_sd.c.obj
 .text.SD_WideBus_Enable
                0x90005e58       0x4e CMakeFiles/U_system.elf.dir/Drivers/STM32H7xx_HAL_Driver/Src/stm32h7xx_hal_sd.c.obj
 .text.SD_WideBus_Disable
                0x90005ea6       0x4e CMakeFiles/U_system.elf.dir/Drivers/STM32H7xx_HAL_Driver/Src/stm32h7xx_hal_sd.c.obj
 .text.SD_SendStatus
                0x90005ef4       0x2c CMakeFiles/U_system.elf.dir/Drivers/STM32H7xx_HAL_Driver/Src/stm32h7xx_hal_sd.c.obj
 .text.HAL_SD_ReadBlocks_DMA
                0x90005f20       0xe0 CMakeFiles/U_system.elf.dir/Drivers/STM32H7xx_HAL_Driver/Src/stm32h7xx_hal_sd.c.obj
                0x90005f20                HAL_SD_ReadBlocks_DMA
 .text.HAL_SD_WriteBlocks_DMA
                0x90006000       0xe0 CMakeFiles/U_system.elf.dir/Drivers/STM32H7xx_HAL_Driver/Src/stm32h7xx_hal_sd.c.obj
                0x90006000                HAL_SD_WriteBlocks_DMA
 .text.HAL_SD_ErrorCallback
                0x900060e0        0x2 CMakeFiles/U_system.elf.dir/Drivers/STM32H7xx_HAL_Driver/Src/stm32h7xx_hal_sd.c.obj
                0x900060e0                HAL_SD_ErrorCallback
 *fill*         0x900060e2        0x2 
 .text.HAL_SD_GetCardCSD
                0x900060e4      0x1b8 CMakeFiles/U_system.elf.dir/Drivers/STM32H7xx_HAL_Driver/Src/stm32h7xx_hal_sd.c.obj
                0x900060e4                HAL_SD_GetCardCSD
 .text.SD_InitCard
                0x9000629c       0xfc CMakeFiles/U_system.elf.dir/Drivers/STM32H7xx_HAL_Driver/Src/stm32h7xx_hal_sd.c.obj
 .text.HAL_SD_InitCard
                0x90006398       0xcc CMakeFiles/U_system.elf.dir/Drivers/STM32H7xx_HAL_Driver/Src/stm32h7xx_hal_sd.c.obj
                0x90006398                HAL_SD_InitCard
 .text.HAL_SD_GetCardStatus
                0x90006464       0xd0 CMakeFiles/U_system.elf.dir/Drivers/STM32H7xx_HAL_Driver/Src/stm32h7xx_hal_sd.c.obj
                0x90006464                HAL_SD_GetCardStatus
 .text.HAL_SD_GetCardInfo
                0x90006534       0x24 CMakeFiles/U_system.elf.dir/Drivers/STM32H7xx_HAL_Driver/Src/stm32h7xx_hal_sd.c.obj
                0x90006534                HAL_SD_GetCardInfo
 .text.HAL_SD_ConfigWideBusOperation
                0x90006558      0x158 CMakeFiles/U_system.elf.dir/Drivers/STM32H7xx_HAL_Driver/Src/stm32h7xx_hal_sd.c.obj
                0x90006558                HAL_SD_ConfigWideBusOperation
 .text.HAL_SD_GetCardState
                0x900066b0       0x22 CMakeFiles/U_system.elf.dir/Drivers/STM32H7xx_HAL_Driver/Src/stm32h7xx_hal_sd.c.obj
                0x900066b0                HAL_SD_GetCardState
 .text.HAL_SD_Init
                0x900066d2       0xba CMakeFiles/U_system.elf.dir/Drivers/STM32H7xx_HAL_Driver/Src/stm32h7xx_hal_sd.c.obj
                0x900066d2                HAL_SD_Init
 .text.HAL_SDEx_Read_DMADoubleBuf0CpltCallback
                0x9000678c        0x2 CMakeFiles/U_system.elf.dir/Drivers/STM32H7xx_HAL_Driver/Src/stm32h7xx_hal_sd.c.obj
                0x9000678c                HAL_SDEx_Read_DMADoubleBuf0CpltCallback
 .text.HAL_SDEx_Read_DMADoubleBuf1CpltCallback
                0x9000678e        0x2 CMakeFiles/U_system.elf.dir/Drivers/STM32H7xx_HAL_Driver/Src/stm32h7xx_hal_sd.c.obj
                0x9000678e                HAL_SDEx_Read_DMADoubleBuf1CpltCallback
 .text.HAL_SDEx_Write_DMADoubleBuf0CpltCallback
                0x90006790        0x2 CMakeFiles/U_system.elf.dir/Drivers/STM32H7xx_HAL_Driver/Src/stm32h7xx_hal_sd.c.obj
                0x90006790                HAL_SDEx_Write_DMADoubleBuf0CpltCallback
 .text.HAL_SDEx_Write_DMADoubleBuf1CpltCallback
                0x90006792        0x2 CMakeFiles/U_system.elf.dir/Drivers/STM32H7xx_HAL_Driver/Src/stm32h7xx_hal_sd.c.obj
                0x90006792                HAL_SDEx_Write_DMADoubleBuf1CpltCallback
 .text.HAL_SD_IRQHandler
                0x90006794      0x22c CMakeFiles/U_system.elf.dir/Drivers/STM32H7xx_HAL_Driver/Src/stm32h7xx_hal_sd.c.obj
                0x90006794                HAL_SD_IRQHandler
 .text.HAL_SDRAM_Init
                0x900069c0       0x50 CMakeFiles/U_system.elf.dir/Drivers/STM32H7xx_HAL_Driver/Src/stm32h7xx_hal_sdram.c.obj
                0x900069c0                HAL_SDRAM_Init
 .text.HAL_SDRAM_SendCommand
                0x90006a10       0x42 CMakeFiles/U_system.elf.dir/Drivers/STM32H7xx_HAL_Driver/Src/stm32h7xx_hal_sdram.c.obj
                0x90006a10                HAL_SDRAM_SendCommand
 .text.HAL_SDRAM_ProgramRefreshRate
                0x90006a52       0x32 CMakeFiles/U_system.elf.dir/Drivers/STM32H7xx_HAL_Driver/Src/stm32h7xx_hal_sdram.c.obj
                0x90006a52                HAL_SDRAM_ProgramRefreshRate
 .text.HAL_SDRAM_GetState
                0x90006a84        0x6 CMakeFiles/U_system.elf.dir/Drivers/STM32H7xx_HAL_Driver/Src/stm32h7xx_hal_sdram.c.obj
                0x90006a84                HAL_SDRAM_GetState
 *fill*         0x90006a8a        0x2 
 .text.SPI_CloseTransfer
                0x90006a8c       0xd0 CMakeFiles/U_system.elf.dir/Drivers/STM32H7xx_HAL_Driver/Src/stm32h7xx_hal_spi.c.obj
 .text.SPI_GetPacketSize
                0x90006b5c       0x10 CMakeFiles/U_system.elf.dir/Drivers/STM32H7xx_HAL_Driver/Src/stm32h7xx_hal_spi.c.obj
 .text.SPI_WaitOnFlagUntilTimeout
                0x90006b6c       0x46 CMakeFiles/U_system.elf.dir/Drivers/STM32H7xx_HAL_Driver/Src/stm32h7xx_hal_spi.c.obj
 *fill*         0x90006bb2        0x2 
 .text.HAL_SPI_Init
                0x90006bb4      0x190 CMakeFiles/U_system.elf.dir/Drivers/STM32H7xx_HAL_Driver/Src/stm32h7xx_hal_spi.c.obj
                0x90006bb4                HAL_SPI_Init
 .text.HAL_SPI_Transmit
                0x90006d44      0x2c4 CMakeFiles/U_system.elf.dir/Drivers/STM32H7xx_HAL_Driver/Src/stm32h7xx_hal_spi.c.obj
                0x90006d44                HAL_SPI_Transmit
 .text.HAL_TIM_Base_MspInit
                0x90007008        0x2 CMakeFiles/U_system.elf.dir/Drivers/STM32H7xx_HAL_Driver/Src/stm32h7xx_hal_tim.c.obj
                0x90007008                HAL_TIM_Base_MspInit
 *fill*         0x9000700a        0x2 
 .text.HAL_TIM_Base_Start_IT
                0x9000700c       0x90 CMakeFiles/U_system.elf.dir/Drivers/STM32H7xx_HAL_Driver/Src/stm32h7xx_hal_tim.c.obj
                0x9000700c                HAL_TIM_Base_Start_IT
 .text.HAL_TIM_OC_DelayElapsedCallback
                0x9000709c        0x2 CMakeFiles/U_system.elf.dir/Drivers/STM32H7xx_HAL_Driver/Src/stm32h7xx_hal_tim.c.obj
                0x9000709c                HAL_TIM_OC_DelayElapsedCallback
 .text.HAL_TIM_IC_CaptureCallback
                0x9000709e        0x2 CMakeFiles/U_system.elf.dir/Drivers/STM32H7xx_HAL_Driver/Src/stm32h7xx_hal_tim.c.obj
                0x9000709e                HAL_TIM_IC_CaptureCallback
 .text.HAL_TIM_PWM_PulseFinishedCallback
                0x900070a0        0x2 CMakeFiles/U_system.elf.dir/Drivers/STM32H7xx_HAL_Driver/Src/stm32h7xx_hal_tim.c.obj
                0x900070a0                HAL_TIM_PWM_PulseFinishedCallback
 .text.HAL_TIM_TriggerCallback
                0x900070a2        0x2 CMakeFiles/U_system.elf.dir/Drivers/STM32H7xx_HAL_Driver/Src/stm32h7xx_hal_tim.c.obj
                0x900070a2                HAL_TIM_TriggerCallback
 .text.HAL_TIM_IRQHandler
                0x900070a4      0x17a CMakeFiles/U_system.elf.dir/Drivers/STM32H7xx_HAL_Driver/Src/stm32h7xx_hal_tim.c.obj
                0x900070a4                HAL_TIM_IRQHandler
 *fill*         0x9000721e        0x2 
 .text.TIM_Base_SetConfig
                0x90007220      0x114 CMakeFiles/U_system.elf.dir/Drivers/STM32H7xx_HAL_Driver/Src/stm32h7xx_hal_tim.c.obj
                0x90007220                TIM_Base_SetConfig
 .text.HAL_TIM_Base_Init
                0x90007334       0x60 CMakeFiles/U_system.elf.dir/Drivers/STM32H7xx_HAL_Driver/Src/stm32h7xx_hal_tim.c.obj
                0x90007334                HAL_TIM_Base_Init
 .text.HAL_TIMEx_CommutCallback
                0x90007394        0x2 CMakeFiles/U_system.elf.dir/Drivers/STM32H7xx_HAL_Driver/Src/stm32h7xx_hal_tim_ex.c.obj
                0x90007394                HAL_TIMEx_CommutCallback
 .text.HAL_TIMEx_BreakCallback
                0x90007396        0x2 CMakeFiles/U_system.elf.dir/Drivers/STM32H7xx_HAL_Driver/Src/stm32h7xx_hal_tim_ex.c.obj
                0x90007396                HAL_TIMEx_BreakCallback
 .text.HAL_TIMEx_Break2Callback
                0x90007398        0x2 CMakeFiles/U_system.elf.dir/Drivers/STM32H7xx_HAL_Driver/Src/stm32h7xx_hal_tim_ex.c.obj
                0x90007398                HAL_TIMEx_Break2Callback
 *fill*         0x9000739a        0x2 
 .text.UART_EndRxTransfer
                0x9000739c       0x58 CMakeFiles/U_system.elf.dir/Drivers/STM32H7xx_HAL_Driver/Src/stm32h7xx_hal_uart.c.obj
 .text.UART_SetConfig
                0x900073f4      0x5f4 CMakeFiles/U_system.elf.dir/Drivers/STM32H7xx_HAL_Driver/Src/stm32h7xx_hal_uart.c.obj
                0x900073f4                UART_SetConfig
 .text.UART_AdvFeatureConfig
                0x900079e8       0xca CMakeFiles/U_system.elf.dir/Drivers/STM32H7xx_HAL_Driver/Src/stm32h7xx_hal_uart.c.obj
                0x900079e8                UART_AdvFeatureConfig
 .text.UART_WaitOnFlagUntilTimeout
                0x90007ab2       0xaa CMakeFiles/U_system.elf.dir/Drivers/STM32H7xx_HAL_Driver/Src/stm32h7xx_hal_uart.c.obj
                0x90007ab2                UART_WaitOnFlagUntilTimeout
 .text.HAL_UART_Transmit
                0x90007b5c       0xd0 CMakeFiles/U_system.elf.dir/Drivers/STM32H7xx_HAL_Driver/Src/stm32h7xx_hal_uart.c.obj
                0x90007b5c                HAL_UART_Transmit
 .text.UART_CheckIdleState
                0x90007c2c       0xca CMakeFiles/U_system.elf.dir/Drivers/STM32H7xx_HAL_Driver/Src/stm32h7xx_hal_uart.c.obj
                0x90007c2c                UART_CheckIdleState
 .text.HAL_UART_Init
                0x90007cf6       0x66 CMakeFiles/U_system.elf.dir/Drivers/STM32H7xx_HAL_Driver/Src/stm32h7xx_hal_uart.c.obj
                0x90007cf6                HAL_UART_Init
 .text.UARTEx_SetNbDataToProcess
                0x90007d5c       0x4c CMakeFiles/U_system.elf.dir/Drivers/STM32H7xx_HAL_Driver/Src/stm32h7xx_hal_uart_ex.c.obj
 .text.HAL_UARTEx_DisableFifoMode
                0x90007da8       0x3e CMakeFiles/U_system.elf.dir/Drivers/STM32H7xx_HAL_Driver/Src/stm32h7xx_hal_uart_ex.c.obj
                0x90007da8                HAL_UARTEx_DisableFifoMode
 .text.HAL_UARTEx_SetTxFifoThreshold
                0x90007de6       0x4a CMakeFiles/U_system.elf.dir/Drivers/STM32H7xx_HAL_Driver/Src/stm32h7xx_hal_uart_ex.c.obj
                0x90007de6                HAL_UARTEx_SetTxFifoThreshold
 .text.HAL_UARTEx_SetRxFifoThreshold
                0x90007e30       0x4a CMakeFiles/U_system.elf.dir/Drivers/STM32H7xx_HAL_Driver/Src/stm32h7xx_hal_uart_ex.c.obj
                0x90007e30                HAL_UARTEx_SetRxFifoThreshold
 *fill*         0x90007e7a        0x2 
 .text.FMC_SDRAM_Init
                0x90007e7c       0x74 CMakeFiles/U_system.elf.dir/Drivers/STM32H7xx_HAL_Driver/Src/stm32h7xx_ll_fmc.c.obj
                0x90007e7c                FMC_SDRAM_Init
 .text.FMC_SDRAM_Timing_Init
                0x90007ef0       0xa8 CMakeFiles/U_system.elf.dir/Drivers/STM32H7xx_HAL_Driver/Src/stm32h7xx_ll_fmc.c.obj
                0x90007ef0                FMC_SDRAM_Timing_Init
 .text.FMC_SDRAM_SendCommand
                0x90007f98       0x30 CMakeFiles/U_system.elf.dir/Drivers/STM32H7xx_HAL_Driver/Src/stm32h7xx_ll_fmc.c.obj
                0x90007f98                FMC_SDRAM_SendCommand
 .text.FMC_SDRAM_ProgramRefreshRate
                0x90007fc8       0x14 CMakeFiles/U_system.elf.dir/Drivers/STM32H7xx_HAL_Driver/Src/stm32h7xx_ll_fmc.c.obj
                0x90007fc8                FMC_SDRAM_ProgramRefreshRate
 .text.SDMMC_GetCmdError
                0x90007fdc       0x3c CMakeFiles/U_system.elf.dir/Drivers/STM32H7xx_HAL_Driver/Src/stm32h7xx_ll_sdmmc.c.obj
 .text.SDMMC_Init
                0x90008018       0x30 CMakeFiles/U_system.elf.dir/Drivers/STM32H7xx_HAL_Driver/Src/stm32h7xx_ll_sdmmc.c.obj
                0x90008018                SDMMC_Init
 .text.SDMMC_ReadFIFO
                0x90008048        0x6 CMakeFiles/U_system.elf.dir/Drivers/STM32H7xx_HAL_Driver/Src/stm32h7xx_ll_sdmmc.c.obj
                0x90008048                SDMMC_ReadFIFO
 .text.SDMMC_WriteFIFO
                0x9000804e        0xa CMakeFiles/U_system.elf.dir/Drivers/STM32H7xx_HAL_Driver/Src/stm32h7xx_ll_sdmmc.c.obj
                0x9000804e                SDMMC_WriteFIFO
 .text.SDMMC_PowerState_ON
                0x90008058        0xc CMakeFiles/U_system.elf.dir/Drivers/STM32H7xx_HAL_Driver/Src/stm32h7xx_ll_sdmmc.c.obj
                0x90008058                SDMMC_PowerState_ON
 .text.SDMMC_GetPowerState
                0x90008064        0x8 CMakeFiles/U_system.elf.dir/Drivers/STM32H7xx_HAL_Driver/Src/stm32h7xx_ll_sdmmc.c.obj
                0x90008064                SDMMC_GetPowerState
 .text.SDMMC_SendCommand
                0x9000806c       0x24 CMakeFiles/U_system.elf.dir/Drivers/STM32H7xx_HAL_Driver/Src/stm32h7xx_ll_sdmmc.c.obj
                0x9000806c                SDMMC_SendCommand
 .text.SDMMC_GetCommandResponse
                0x90008090        0x6 CMakeFiles/U_system.elf.dir/Drivers/STM32H7xx_HAL_Driver/Src/stm32h7xx_ll_sdmmc.c.obj
                0x90008090                SDMMC_GetCommandResponse
 .text.SDMMC_GetResponse
                0x90008096        0x6 CMakeFiles/U_system.elf.dir/Drivers/STM32H7xx_HAL_Driver/Src/stm32h7xx_ll_sdmmc.c.obj
                0x90008096                SDMMC_GetResponse
 .text.SDMMC_ConfigData
                0x9000809c       0x24 CMakeFiles/U_system.elf.dir/Drivers/STM32H7xx_HAL_Driver/Src/stm32h7xx_ll_sdmmc.c.obj
                0x9000809c                SDMMC_ConfigData
 .text.SDMMC_CmdGoIdleState
                0x900080c0       0x26 CMakeFiles/U_system.elf.dir/Drivers/STM32H7xx_HAL_Driver/Src/stm32h7xx_ll_sdmmc.c.obj
                0x900080c0                SDMMC_CmdGoIdleState
 *fill*         0x900080e6        0x2 
 .text.SDMMC_GetCmdResp1
                0x900080e8      0x160 CMakeFiles/U_system.elf.dir/Drivers/STM32H7xx_HAL_Driver/Src/stm32h7xx_ll_sdmmc.c.obj
                0x900080e8                SDMMC_GetCmdResp1
 .text.SDMMC_CmdBlockLength
                0x90008248       0x32 CMakeFiles/U_system.elf.dir/Drivers/STM32H7xx_HAL_Driver/Src/stm32h7xx_ll_sdmmc.c.obj
                0x90008248                SDMMC_CmdBlockLength
 .text.SDMMC_CmdReadSingleBlock
                0x9000827a       0x32 CMakeFiles/U_system.elf.dir/Drivers/STM32H7xx_HAL_Driver/Src/stm32h7xx_ll_sdmmc.c.obj
                0x9000827a                SDMMC_CmdReadSingleBlock
 .text.SDMMC_CmdReadMultiBlock
                0x900082ac       0x32 CMakeFiles/U_system.elf.dir/Drivers/STM32H7xx_HAL_Driver/Src/stm32h7xx_ll_sdmmc.c.obj
                0x900082ac                SDMMC_CmdReadMultiBlock
 .text.SDMMC_CmdWriteSingleBlock
                0x900082de       0x32 CMakeFiles/U_system.elf.dir/Drivers/STM32H7xx_HAL_Driver/Src/stm32h7xx_ll_sdmmc.c.obj
                0x900082de                SDMMC_CmdWriteSingleBlock
 .text.SDMMC_CmdWriteMultiBlock
                0x90008310       0x32 CMakeFiles/U_system.elf.dir/Drivers/STM32H7xx_HAL_Driver/Src/stm32h7xx_ll_sdmmc.c.obj
                0x90008310                SDMMC_CmdWriteMultiBlock
 *fill*         0x90008342        0x2 
 .text.SDMMC_CmdStopTransfer
                0x90008344       0x58 CMakeFiles/U_system.elf.dir/Drivers/STM32H7xx_HAL_Driver/Src/stm32h7xx_ll_sdmmc.c.obj
                0x90008344                SDMMC_CmdStopTransfer
 .text.SDMMC_CmdSelDesel
                0x9000839c       0x32 CMakeFiles/U_system.elf.dir/Drivers/STM32H7xx_HAL_Driver/Src/stm32h7xx_ll_sdmmc.c.obj
                0x9000839c                SDMMC_CmdSelDesel
 .text.SDMMC_CmdAppCommand
                0x900083ce       0x32 CMakeFiles/U_system.elf.dir/Drivers/STM32H7xx_HAL_Driver/Src/stm32h7xx_ll_sdmmc.c.obj
                0x900083ce                SDMMC_CmdAppCommand
 .text.SDMMC_CmdBusWidth
                0x90008400       0x32 CMakeFiles/U_system.elf.dir/Drivers/STM32H7xx_HAL_Driver/Src/stm32h7xx_ll_sdmmc.c.obj
                0x90008400                SDMMC_CmdBusWidth
 .text.SDMMC_CmdSendSCR
                0x90008432       0x32 CMakeFiles/U_system.elf.dir/Drivers/STM32H7xx_HAL_Driver/Src/stm32h7xx_ll_sdmmc.c.obj
                0x90008432                SDMMC_CmdSendSCR
 .text.SDMMC_CmdSendStatus
                0x90008464       0x32 CMakeFiles/U_system.elf.dir/Drivers/STM32H7xx_HAL_Driver/Src/stm32h7xx_ll_sdmmc.c.obj
                0x90008464                SDMMC_CmdSendStatus
 .text.SDMMC_CmdStatusRegister
                0x90008496       0x32 CMakeFiles/U_system.elf.dir/Drivers/STM32H7xx_HAL_Driver/Src/stm32h7xx_ll_sdmmc.c.obj
                0x90008496                SDMMC_CmdStatusRegister
 .text.SDMMC_GetCmdResp2
                0x900084c8       0x60 CMakeFiles/U_system.elf.dir/Drivers/STM32H7xx_HAL_Driver/Src/stm32h7xx_ll_sdmmc.c.obj
                0x900084c8                SDMMC_GetCmdResp2
 .text.SDMMC_CmdSendCID
                0x90008528       0x2c CMakeFiles/U_system.elf.dir/Drivers/STM32H7xx_HAL_Driver/Src/stm32h7xx_ll_sdmmc.c.obj
                0x90008528                SDMMC_CmdSendCID
 .text.SDMMC_CmdSendCSD
                0x90008554       0x2c CMakeFiles/U_system.elf.dir/Drivers/STM32H7xx_HAL_Driver/Src/stm32h7xx_ll_sdmmc.c.obj
                0x90008554                SDMMC_CmdSendCSD
 .text.SDMMC_GetCmdResp3
                0x90008580       0x50 CMakeFiles/U_system.elf.dir/Drivers/STM32H7xx_HAL_Driver/Src/stm32h7xx_ll_sdmmc.c.obj
                0x90008580                SDMMC_GetCmdResp3
 .text.SDMMC_CmdAppOperCommand
                0x900085d0       0x2c CMakeFiles/U_system.elf.dir/Drivers/STM32H7xx_HAL_Driver/Src/stm32h7xx_ll_sdmmc.c.obj
                0x900085d0                SDMMC_CmdAppOperCommand
 .text.SDMMC_GetCmdResp6
                0x900085fc       0xa4 CMakeFiles/U_system.elf.dir/Drivers/STM32H7xx_HAL_Driver/Src/stm32h7xx_ll_sdmmc.c.obj
                0x900085fc                SDMMC_GetCmdResp6
 .text.SDMMC_CmdSetRelAdd
                0x900086a0       0x32 CMakeFiles/U_system.elf.dir/Drivers/STM32H7xx_HAL_Driver/Src/stm32h7xx_ll_sdmmc.c.obj
                0x900086a0                SDMMC_CmdSetRelAdd
 *fill*         0x900086d2        0x2 
 .text.SDMMC_GetCmdResp7
                0x900086d4       0x64 CMakeFiles/U_system.elf.dir/Drivers/STM32H7xx_HAL_Driver/Src/stm32h7xx_ll_sdmmc.c.obj
                0x900086d4                SDMMC_GetCmdResp7
 .text.SDMMC_CmdOperCond
                0x90008738       0x30 CMakeFiles/U_system.elf.dir/Drivers/STM32H7xx_HAL_Driver/Src/stm32h7xx_ll_sdmmc.c.obj
                0x90008738                SDMMC_CmdOperCond
 .text.MX_FATFS_Init
                0x90008768       0x1c CMakeFiles/U_system.elf.dir/FATFS/App/fatfs.c.obj
                0x90008768                MX_FATFS_Init
 .text.BSP_SD_ReadBlocks_DMA
                0x90008784       0x18 CMakeFiles/U_system.elf.dir/FATFS/Target/bsp_driver_sd.c.obj
                0x90008784                BSP_SD_ReadBlocks_DMA
 .text.BSP_SD_WriteBlocks_DMA
                0x9000879c       0x18 CMakeFiles/U_system.elf.dir/FATFS/Target/bsp_driver_sd.c.obj
                0x9000879c                BSP_SD_WriteBlocks_DMA
 .text.BSP_SD_GetCardState
                0x900087b4       0x14 CMakeFiles/U_system.elf.dir/FATFS/Target/bsp_driver_sd.c.obj
                0x900087b4                BSP_SD_GetCardState
 .text.BSP_SD_GetCardInfo
                0x900087c8       0x10 CMakeFiles/U_system.elf.dir/FATFS/Target/bsp_driver_sd.c.obj
                0x900087c8                BSP_SD_GetCardInfo
 .text.HAL_SD_TxCpltCallback
                0x900087d8        0x8 CMakeFiles/U_system.elf.dir/FATFS/Target/bsp_driver_sd.c.obj
                0x900087d8                HAL_SD_TxCpltCallback
 .text.HAL_SD_RxCpltCallback
                0x900087e0        0x8 CMakeFiles/U_system.elf.dir/FATFS/Target/bsp_driver_sd.c.obj
                0x900087e0                HAL_SD_RxCpltCallback
 .text.BSP_SD_IsDetected
                0x900087e8       0x10 CMakeFiles/U_system.elf.dir/FATFS/Target/bsp_driver_sd.c.obj
                0x900087e8                BSP_SD_IsDetected
 .text.BSP_SD_Init
                0x900087f8       0x34 CMakeFiles/U_system.elf.dir/FATFS/Target/bsp_driver_sd.c.obj
                0x900087f8                BSP_SD_Init
 .text.SD_CheckStatus
                0x9000882c       0x24 CMakeFiles/U_system.elf.dir/FATFS/Target/sd_diskio.c.obj
 .text.SD_initialize
                0x90008850       0x74 CMakeFiles/U_system.elf.dir/FATFS/Target/sd_diskio.c.obj
                0x90008850                SD_initialize
 .text.SD_status
                0x900088c4        0x8 CMakeFiles/U_system.elf.dir/FATFS/Target/sd_diskio.c.obj
                0x900088c4                SD_status
 .text.SD_CheckStatusWithTimeout
                0x900088cc       0x26 CMakeFiles/U_system.elf.dir/FATFS/Target/sd_diskio.c.obj
 *fill*         0x900088f2        0x2 
 .text.SD_read  0x900088f4       0x74 CMakeFiles/U_system.elf.dir/FATFS/Target/sd_diskio.c.obj
                0x900088f4                SD_read
 .text.SD_write
                0x90008968       0x74 CMakeFiles/U_system.elf.dir/FATFS/Target/sd_diskio.c.obj
                0x90008968                SD_write
 .text.SD_ioctl
                0x900089dc       0x58 CMakeFiles/U_system.elf.dir/FATFS/Target/sd_diskio.c.obj
                0x900089dc                SD_ioctl
 .text.BSP_SD_WriteCpltCallback
                0x90008a34       0x14 CMakeFiles/U_system.elf.dir/FATFS/Target/sd_diskio.c.obj
                0x90008a34                BSP_SD_WriteCpltCallback
 .text.BSP_SD_ReadCpltCallback
                0x90008a48       0x14 CMakeFiles/U_system.elf.dir/FATFS/Target/sd_diskio.c.obj
                0x90008a48                BSP_SD_ReadCpltCallback
 .text.FATFS_LinkDriverEx
                0x90008a5c       0x54 CMakeFiles/U_system.elf.dir/Middlewares/Third_Party/FatFs/src/ff_gen_drv.c.obj
                0x90008a5c                FATFS_LinkDriverEx
 .text.FATFS_LinkDriver
                0x90008ab0        0xa CMakeFiles/U_system.elf.dir/Middlewares/Third_Party/FatFs/src/ff_gen_drv.c.obj
                0x90008ab0                FATFS_LinkDriver
 .text.makeFreeRtosPriority
                0x90008aba        0xc CMakeFiles/U_system.elf.dir/Middlewares/Third_Party/FreeRTOS/Source/CMSIS_RTOS/cmsis_os.c.obj
 .text.inHandlerMode
                0x90008ac6        0xc CMakeFiles/U_system.elf.dir/Middlewares/Third_Party/FreeRTOS/Source/CMSIS_RTOS/cmsis_os.c.obj
 .text.osKernelStart
                0x90008ad2        0xa CMakeFiles/U_system.elf.dir/Middlewares/Third_Party/FreeRTOS/Source/CMSIS_RTOS/cmsis_os.c.obj
                0x90008ad2                osKernelStart
 .text.osKernelRunning
                0x90008adc       0x12 CMakeFiles/U_system.elf.dir/Middlewares/Third_Party/FreeRTOS/Source/CMSIS_RTOS/cmsis_os.c.obj
                0x90008adc                osKernelRunning
 .text.osKernelSysTick
                0x90008aee       0x14 CMakeFiles/U_system.elf.dir/Middlewares/Third_Party/FreeRTOS/Source/CMSIS_RTOS/cmsis_os.c.obj
                0x90008aee                osKernelSysTick
 .text.osThreadCreate
                0x90008b02       0x6a CMakeFiles/U_system.elf.dir/Middlewares/Third_Party/FreeRTOS/Source/CMSIS_RTOS/cmsis_os.c.obj
                0x90008b02                osThreadCreate
 .text.osDelay  0x90008b6c        0xe CMakeFiles/U_system.elf.dir/Middlewares/Third_Party/FreeRTOS/Source/CMSIS_RTOS/cmsis_os.c.obj
                0x90008b6c                osDelay
 .text.osMessageCreate
                0x90008b7a       0x2a CMakeFiles/U_system.elf.dir/Middlewares/Third_Party/FreeRTOS/Source/CMSIS_RTOS/cmsis_os.c.obj
                0x90008b7a                osMessageCreate
 .text.osMessagePut
                0x90008ba4       0x66 CMakeFiles/U_system.elf.dir/Middlewares/Third_Party/FreeRTOS/Source/CMSIS_RTOS/cmsis_os.c.obj
                0x90008ba4                osMessagePut
 .text.osMessageGet
                0x90008c0a       0x88 CMakeFiles/U_system.elf.dir/Middlewares/Third_Party/FreeRTOS/Source/CMSIS_RTOS/cmsis_os.c.obj
                0x90008c0a                osMessageGet
 .text.vListInitialise
                0x90008c92       0x16 CMakeFiles/U_system.elf.dir/Middlewares/Third_Party/FreeRTOS/Source/list.c.obj
                0x90008c92                vListInitialise
 .text.vListInitialiseItem
                0x90008ca8        0x6 CMakeFiles/U_system.elf.dir/Middlewares/Third_Party/FreeRTOS/Source/list.c.obj
                0x90008ca8                vListInitialiseItem
 .text.vListInsertEnd
                0x90008cae       0x16 CMakeFiles/U_system.elf.dir/Middlewares/Third_Party/FreeRTOS/Source/list.c.obj
                0x90008cae                vListInsertEnd
 .text.vListInsert
                0x90008cc4       0x32 CMakeFiles/U_system.elf.dir/Middlewares/Third_Party/FreeRTOS/Source/list.c.obj
                0x90008cc4                vListInsert
 .text.uxListRemove
                0x90008cf6       0x26 CMakeFiles/U_system.elf.dir/Middlewares/Third_Party/FreeRTOS/Source/list.c.obj
                0x90008cf6                uxListRemove
 .text.prvTaskExitError
                0x90008d1c       0x40 CMakeFiles/U_system.elf.dir/Middlewares/Third_Party/FreeRTOS/Source/portable/GCC/ARM_CM4F/port.c.obj
 .text.prvPortStartFirstTask
                0x90008d5c       0x28 CMakeFiles/U_system.elf.dir/Middlewares/Third_Party/FreeRTOS/Source/portable/GCC/ARM_CM4F/port.c.obj
 .text.vPortEnableVFP
                0x90008d84       0x14 CMakeFiles/U_system.elf.dir/Middlewares/Third_Party/FreeRTOS/Source/portable/GCC/ARM_CM4F/port.c.obj
 .text.pxPortInitialiseStack
                0x90008d98       0x2c CMakeFiles/U_system.elf.dir/Middlewares/Third_Party/FreeRTOS/Source/portable/GCC/ARM_CM4F/port.c.obj
                0x90008d98                pxPortInitialiseStack
 *fill*         0x90008dc4        0xc 
 .text.SVC_Handler
                0x90008dd0       0x24 CMakeFiles/U_system.elf.dir/Middlewares/Third_Party/FreeRTOS/Source/portable/GCC/ARM_CM4F/port.c.obj
                0x90008dd0                SVC_Handler
 .text.vPortEnterCritical
                0x90008df4       0x44 CMakeFiles/U_system.elf.dir/Middlewares/Third_Party/FreeRTOS/Source/portable/GCC/ARM_CM4F/port.c.obj
                0x90008df4                vPortEnterCritical
 .text.vPortExitCritical
                0x90008e38       0x2c CMakeFiles/U_system.elf.dir/Middlewares/Third_Party/FreeRTOS/Source/portable/GCC/ARM_CM4F/port.c.obj
                0x90008e38                vPortExitCritical
 *fill*         0x90008e64        0xc 
 .text.PendSV_Handler
                0x90008e70       0x64 CMakeFiles/U_system.elf.dir/Middlewares/Third_Party/FreeRTOS/Source/portable/GCC/ARM_CM4F/port.c.obj
                0x90008e70                PendSV_Handler
 .text.SysTick_Handler
                0x90008ed4       0x2c CMakeFiles/U_system.elf.dir/Middlewares/Third_Party/FreeRTOS/Source/portable/GCC/ARM_CM4F/port.c.obj
                0x90008ed4                SysTick_Handler
 .text.vPortSetupTimerInterrupt
                0x90008f00       0x28 CMakeFiles/U_system.elf.dir/Middlewares/Third_Party/FreeRTOS/Source/portable/GCC/ARM_CM4F/port.c.obj
                0x90008f00                vPortSetupTimerInterrupt
 .text.xPortStartScheduler
                0x90008f28      0x118 CMakeFiles/U_system.elf.dir/Middlewares/Third_Party/FreeRTOS/Source/portable/GCC/ARM_CM4F/port.c.obj
                0x90008f28                xPortStartScheduler
 .text.vPortValidateInterruptPriority
                0x90009040       0x5c CMakeFiles/U_system.elf.dir/Middlewares/Third_Party/FreeRTOS/Source/portable/GCC/ARM_CM4F/port.c.obj
                0x90009040                vPortValidateInterruptPriority
 .text.prvHeapInit
                0x9000909c       0x64 CMakeFiles/U_system.elf.dir/Middlewares/Third_Party/FreeRTOS/Source/portable/MemMang/heap_4.c.obj
 .text.prvInsertBlockIntoFreeList
                0x90009100       0x64 CMakeFiles/U_system.elf.dir/Middlewares/Third_Party/FreeRTOS/Source/portable/MemMang/heap_4.c.obj
 .text.pvPortMalloc
                0x90009164       0xfc CMakeFiles/U_system.elf.dir/Middlewares/Third_Party/FreeRTOS/Source/portable/MemMang/heap_4.c.obj
                0x90009164                pvPortMalloc
 .text.vPortFree
                0x90009260       0x7c CMakeFiles/U_system.elf.dir/Middlewares/Third_Party/FreeRTOS/Source/portable/MemMang/heap_4.c.obj
                0x90009260                vPortFree
 .text.prvIsQueueFull
                0x900092dc       0x1e CMakeFiles/U_system.elf.dir/Middlewares/Third_Party/FreeRTOS/Source/queue.c.obj
 .text.prvIsQueueEmpty
                0x900092fa       0x1a CMakeFiles/U_system.elf.dir/Middlewares/Third_Party/FreeRTOS/Source/queue.c.obj
 .text.prvCopyDataToQueue
                0x90009314       0x76 CMakeFiles/U_system.elf.dir/Middlewares/Third_Party/FreeRTOS/Source/queue.c.obj
 .text.prvCopyDataFromQueue
                0x9000938a       0x24 CMakeFiles/U_system.elf.dir/Middlewares/Third_Party/FreeRTOS/Source/queue.c.obj
 .text.prvUnlockQueue
                0x900093ae       0x6e CMakeFiles/U_system.elf.dir/Middlewares/Third_Party/FreeRTOS/Source/queue.c.obj
 .text.xQueueGenericReset
                0x9000941c       0x84 CMakeFiles/U_system.elf.dir/Middlewares/Third_Party/FreeRTOS/Source/queue.c.obj
                0x9000941c                xQueueGenericReset
 .text.prvInitialiseNewQueue
                0x900094a0       0x1c CMakeFiles/U_system.elf.dir/Middlewares/Third_Party/FreeRTOS/Source/queue.c.obj
 .text.xQueueGenericCreateStatic
                0x900094bc       0xa6 CMakeFiles/U_system.elf.dir/Middlewares/Third_Party/FreeRTOS/Source/queue.c.obj
                0x900094bc                xQueueGenericCreateStatic
 .text.xQueueGenericCreate
                0x90009562       0x48 CMakeFiles/U_system.elf.dir/Middlewares/Third_Party/FreeRTOS/Source/queue.c.obj
                0x90009562                xQueueGenericCreate
 .text.xQueueGenericSend
                0x900095aa      0x188 CMakeFiles/U_system.elf.dir/Middlewares/Third_Party/FreeRTOS/Source/queue.c.obj
                0x900095aa                xQueueGenericSend
 .text.xQueueGenericSendFromISR
                0x90009732       0xce CMakeFiles/U_system.elf.dir/Middlewares/Third_Party/FreeRTOS/Source/queue.c.obj
                0x90009732                xQueueGenericSendFromISR
 .text.xQueueReceive
                0x90009800      0x15e CMakeFiles/U_system.elf.dir/Middlewares/Third_Party/FreeRTOS/Source/queue.c.obj
                0x90009800                xQueueReceive
 .text.xQueueReceiveFromISR
                0x9000995e       0xa8 CMakeFiles/U_system.elf.dir/Middlewares/Third_Party/FreeRTOS/Source/queue.c.obj
                0x9000995e                xQueueReceiveFromISR
 *fill*         0x90009a06        0x2 
 .text.prvResetNextTaskUnblockTime
                0x90009a08       0x2c CMakeFiles/U_system.elf.dir/Middlewares/Third_Party/FreeRTOS/Source/tasks.c.obj
 .text.prvInitialiseNewTask
                0x90009a34       0xfe CMakeFiles/U_system.elf.dir/Middlewares/Third_Party/FreeRTOS/Source/tasks.c.obj
 *fill*         0x90009b32        0x2 
 .text.prvInitialiseTaskLists
                0x90009b34       0x68 CMakeFiles/U_system.elf.dir/Middlewares/Third_Party/FreeRTOS/Source/tasks.c.obj
 .text.prvAddNewTaskToReadyList
                0x90009b9c       0xa8 CMakeFiles/U_system.elf.dir/Middlewares/Third_Party/FreeRTOS/Source/tasks.c.obj
 .text.prvDeleteTCB
                0x90009c44       0x40 CMakeFiles/U_system.elf.dir/Middlewares/Third_Party/FreeRTOS/Source/tasks.c.obj
 .text.prvCheckTasksWaitingTermination
                0x90009c84       0x4c CMakeFiles/U_system.elf.dir/Middlewares/Third_Party/FreeRTOS/Source/tasks.c.obj
 .text.prvIdleTask
                0x90009cd0       0x28 CMakeFiles/U_system.elf.dir/Middlewares/Third_Party/FreeRTOS/Source/tasks.c.obj
 .text.prvAddCurrentTaskToDelayedList
                0x90009cf8       0xa0 CMakeFiles/U_system.elf.dir/Middlewares/Third_Party/FreeRTOS/Source/tasks.c.obj
 .text.xTaskCreateStatic
                0x90009d98       0x7a CMakeFiles/U_system.elf.dir/Middlewares/Third_Party/FreeRTOS/Source/tasks.c.obj
                0x90009d98                xTaskCreateStatic
 .text.xTaskCreate
                0x90009e12       0x6a CMakeFiles/U_system.elf.dir/Middlewares/Third_Party/FreeRTOS/Source/tasks.c.obj
                0x90009e12                xTaskCreate
 .text.vTaskStartScheduler
                0x90009e7c       0x84 CMakeFiles/U_system.elf.dir/Middlewares/Third_Party/FreeRTOS/Source/tasks.c.obj
                0x90009e7c                vTaskStartScheduler
 .text.vTaskSuspendAll
                0x90009f00       0x10 CMakeFiles/U_system.elf.dir/Middlewares/Third_Party/FreeRTOS/Source/tasks.c.obj
                0x90009f00                vTaskSuspendAll
 .text.xTaskGetTickCount
                0x90009f10        0xc CMakeFiles/U_system.elf.dir/Middlewares/Third_Party/FreeRTOS/Source/tasks.c.obj
                0x90009f10                xTaskGetTickCount
 .text.xTaskGetTickCountFromISR
                0x90009f1c       0x10 CMakeFiles/U_system.elf.dir/Middlewares/Third_Party/FreeRTOS/Source/tasks.c.obj
                0x90009f1c                xTaskGetTickCountFromISR
 .text.xTaskIncrementTick
                0x90009f2c      0x118 CMakeFiles/U_system.elf.dir/Middlewares/Third_Party/FreeRTOS/Source/tasks.c.obj
                0x90009f2c                xTaskIncrementTick
 .text.xTaskResumeAll
                0x9000a044       0xf8 CMakeFiles/U_system.elf.dir/Middlewares/Third_Party/FreeRTOS/Source/tasks.c.obj
                0x9000a044                xTaskResumeAll
 .text.vTaskDelay
                0x9000a13c       0x4c CMakeFiles/U_system.elf.dir/Middlewares/Third_Party/FreeRTOS/Source/tasks.c.obj
                0x9000a13c                vTaskDelay
 .text.vTaskSwitchContext
                0x9000a188       0xa4 CMakeFiles/U_system.elf.dir/Middlewares/Third_Party/FreeRTOS/Source/tasks.c.obj
                0x9000a188                vTaskSwitchContext
 .text.vTaskPlaceOnEventList
                0x9000a22c       0x30 CMakeFiles/U_system.elf.dir/Middlewares/Third_Party/FreeRTOS/Source/tasks.c.obj
                0x9000a22c                vTaskPlaceOnEventList
 .text.xTaskRemoveFromEventList
                0x9000a25c       0x8c CMakeFiles/U_system.elf.dir/Middlewares/Third_Party/FreeRTOS/Source/tasks.c.obj
                0x9000a25c                xTaskRemoveFromEventList
 .text.vTaskInternalSetTimeOutState
                0x9000a2e8       0x18 CMakeFiles/U_system.elf.dir/Middlewares/Third_Party/FreeRTOS/Source/tasks.c.obj
                0x9000a2e8                vTaskInternalSetTimeOutState
 .text.xTaskCheckForTimeOut
                0x9000a300       0x84 CMakeFiles/U_system.elf.dir/Middlewares/Third_Party/FreeRTOS/Source/tasks.c.obj
                0x9000a300                xTaskCheckForTimeOut
 .text.vTaskMissedYield
                0x9000a384        0xc CMakeFiles/U_system.elf.dir/Middlewares/Third_Party/FreeRTOS/Source/tasks.c.obj
                0x9000a384                vTaskMissedYield
 .text.xTaskGetSchedulerState
                0x9000a390       0x20 CMakeFiles/U_system.elf.dir/Middlewares/Third_Party/FreeRTOS/Source/tasks.c.obj
                0x9000a390                xTaskGetSchedulerState
 .text.xTaskPriorityDisinherit
                0x9000a3b0       0xb4 CMakeFiles/U_system.elf.dir/Middlewares/Third_Party/FreeRTOS/Source/tasks.c.obj
                0x9000a3b0                xTaskPriorityDisinherit
 .text.LCD_Task_Init
                0x9000a464       0x20 CMakeFiles/U_system.elf.dir/Task/src/LCDTask.c.obj
                0x9000a464                LCD_Task_Init
 .text.LCD_main
                0x9000a484        0x6 CMakeFiles/U_system.elf.dir/Task/src/LCDTask.c.obj
                0x9000a484                LCD_main
 .text.ram_init
                0x9000a48a        0xc CMakeFiles/U_system.elf.dir/Task/src/RamTask.c.obj
                0x9000a48a                ram_init
 *fill*         0x9000a496        0x2 
 .text.ram_main
                0x9000a498       0x24 CMakeFiles/U_system.elf.dir/Task/src/RamTask.c.obj
                0x9000a498                ram_main
 .text.__assert_func
                0x9000a4bc       0x40 e:/program files (x86)/gnu arm embedded toolchain/10 2021.10/bin/../lib/gcc/arm-none-eabi/10.3.1/../../../../arm-none-eabi/lib/thumb/v7e-m+fp/hard\libg.a(lib_a-assert.o)
                0x9000a4bc                __assert_func
 .text.__errno  0x9000a4fc        0xc e:/program files (x86)/gnu arm embedded toolchain/10 2021.10/bin/../lib/gcc/arm-none-eabi/10.3.1/../../../../arm-none-eabi/lib/thumb/v7e-m+fp/hard\libg.a(lib_a-errno.o)
                0x9000a4fc                __errno
 .text.fiprintf
                0x9000a508       0x28 e:/program files (x86)/gnu arm embedded toolchain/10 2021.10/bin/../lib/gcc/arm-none-eabi/10.3.1/../../../../arm-none-eabi/lib/thumb/v7e-m+fp/hard\libg.a(lib_a-fiprintf.o)
                0x9000a508                fiprintf
 .text.__libc_init_array
                0x9000a530       0x48 e:/program files (x86)/gnu arm embedded toolchain/10 2021.10/bin/../lib/gcc/arm-none-eabi/10.3.1/../../../../arm-none-eabi/lib/thumb/v7e-m+fp/hard\libg.a(lib_a-init.o)
                0x9000a530                __libc_init_array
 .text.memset   0x9000a578       0xa4 e:/program files (x86)/gnu arm embedded toolchain/10 2021.10/bin/../lib/gcc/arm-none-eabi/10.3.1/../../../../arm-none-eabi/lib/thumb/v7e-m+fp/hard\libg.a(lib_a-memset.o)
                0x9000a578                memset
 .text.cleanup_glue
                0x9000a61c       0x48 e:/program files (x86)/gnu arm embedded toolchain/10 2021.10/bin/../lib/gcc/arm-none-eabi/10.3.1/../../../../arm-none-eabi/lib/thumb/v7e-m+fp/hard\libg.a(lib_a-reent.o)
                0x9000a61c                cleanup_glue
 .text._reclaim_reent
                0x9000a664       0x90 e:/program files (x86)/gnu arm embedded toolchain/10 2021.10/bin/../lib/gcc/arm-none-eabi/10.3.1/../../../../arm-none-eabi/lib/thumb/v7e-m+fp/hard\libg.a(lib_a-reent.o)
                0x9000a664                _reclaim_reent
 .text.__sprint_r.part.0
                0x9000a6f4       0x78 e:/program files (x86)/gnu arm embedded toolchain/10 2021.10/bin/../lib/gcc/arm-none-eabi/10.3.1/../../../../arm-none-eabi/lib/thumb/v7e-m+fp/hard\libg.a(lib_a-vfiprintf.o)
 .text._vfiprintf_r
                0x9000a76c      0xdfc e:/program files (x86)/gnu arm embedded toolchain/10 2021.10/bin/../lib/gcc/arm-none-eabi/10.3.1/../../../../arm-none-eabi/lib/thumb/v7e-m+fp/hard\libg.a(lib_a-vfiprintf.o)
                0x9000a76c                _vfiprintf_r
 .text.__sbprintf
                0x9000b568       0x80 e:/program files (x86)/gnu arm embedded toolchain/10 2021.10/bin/../lib/gcc/arm-none-eabi/10.3.1/../../../../arm-none-eabi/lib/thumb/v7e-m+fp/hard\libg.a(lib_a-vfiprintf.o)
 .text.__swsetup_r
                0x9000b5e8       0xd4 e:/program files (x86)/gnu arm embedded toolchain/10 2021.10/bin/../lib/gcc/arm-none-eabi/10.3.1/../../../../arm-none-eabi/lib/thumb/v7e-m+fp/hard\libg.a(lib_a-wsetup.o)
                0x9000b5e8                __swsetup_r
 .text.startup.register_fini
                0x9000b6bc       0x14 e:/program files (x86)/gnu arm embedded toolchain/10 2021.10/bin/../lib/gcc/arm-none-eabi/10.3.1/../../../../arm-none-eabi/lib/thumb/v7e-m+fp/hard\libg.a(lib_a-__call_atexit.o)
 .text.abort    0x9000b6d0       0x10 e:/program files (x86)/gnu arm embedded toolchain/10 2021.10/bin/../lib/gcc/arm-none-eabi/10.3.1/../../../../arm-none-eabi/lib/thumb/v7e-m+fp/hard\libg.a(lib_a-abort.o)
                0x9000b6d0                abort
 .text.atexit   0x9000b6e0        0xc e:/program files (x86)/gnu arm embedded toolchain/10 2021.10/bin/../lib/gcc/arm-none-eabi/10.3.1/../../../../arm-none-eabi/lib/thumb/v7e-m+fp/hard\libg.a(lib_a-atexit.o)
                0x9000b6e0                atexit
 .text.__sflush_r
                0x9000b6ec      0x130 e:/program files (x86)/gnu arm embedded toolchain/10 2021.10/bin/../lib/gcc/arm-none-eabi/10.3.1/../../../../arm-none-eabi/lib/thumb/v7e-m+fp/hard\libg.a(lib_a-fflush.o)
                0x9000b6ec                __sflush_r
 .text._fflush_r
                0x9000b81c       0x5c e:/program files (x86)/gnu arm embedded toolchain/10 2021.10/bin/../lib/gcc/arm-none-eabi/10.3.1/../../../../arm-none-eabi/lib/thumb/v7e-m+fp/hard\libg.a(lib_a-fflush.o)
                0x9000b81c                _fflush_r
 .text._cleanup_r
                0x9000b878        0xc e:/program files (x86)/gnu arm embedded toolchain/10 2021.10/bin/../lib/gcc/arm-none-eabi/10.3.1/../../../../arm-none-eabi/lib/thumb/v7e-m+fp/hard\libg.a(lib_a-findfp.o)
                0x9000b878                _cleanup_r
 .text.__sinit  0x9000b884      0x10c e:/program files (x86)/gnu arm embedded toolchain/10 2021.10/bin/../lib/gcc/arm-none-eabi/10.3.1/../../../../arm-none-eabi/lib/thumb/v7e-m+fp/hard\libg.a(lib_a-findfp.o)
                0x9000b884                __sinit
 .text.__sfp_lock_acquire
                0x9000b990        0xc e:/program files (x86)/gnu arm embedded toolchain/10 2021.10/bin/../lib/gcc/arm-none-eabi/10.3.1/../../../../arm-none-eabi/lib/thumb/v7e-m+fp/hard\libg.a(lib_a-findfp.o)
                0x9000b990                __sfp_lock_acquire
 .text.__sfp_lock_release
                0x9000b99c        0xc e:/program files (x86)/gnu arm embedded toolchain/10 2021.10/bin/../lib/gcc/arm-none-eabi/10.3.1/../../../../arm-none-eabi/lib/thumb/v7e-m+fp/hard\libg.a(lib_a-findfp.o)
                0x9000b99c                __sfp_lock_release
 .text.__libc_fini_array
                0x9000b9a8       0x2c e:/program files (x86)/gnu arm embedded toolchain/10 2021.10/bin/../lib/gcc/arm-none-eabi/10.3.1/../../../../arm-none-eabi/lib/thumb/v7e-m+fp/hard\libg.a(lib_a-fini.o)
                0x9000b9a8                __libc_fini_array
 .text.__fputwc
                0x9000b9d4       0xa8 e:/program files (x86)/gnu arm embedded toolchain/10 2021.10/bin/../lib/gcc/arm-none-eabi/10.3.1/../../../../arm-none-eabi/lib/thumb/v7e-m+fp/hard\libg.a(lib_a-fputwc.o)
                0x9000b9d4                __fputwc
 .text._fputwc_r
                0x9000ba7c       0x68 e:/program files (x86)/gnu arm embedded toolchain/10 2021.10/bin/../lib/gcc/arm-none-eabi/10.3.1/../../../../arm-none-eabi/lib/thumb/v7e-m+fp/hard\libg.a(lib_a-fputwc.o)
                0x9000ba7c                _fputwc_r
 .text._malloc_trim_r
                0x9000bae4       0xa0 e:/program files (x86)/gnu arm embedded toolchain/10 2021.10/bin/../lib/gcc/arm-none-eabi/10.3.1/../../../../arm-none-eabi/lib/thumb/v7e-m+fp/hard\libg.a(lib_a-freer.o)
                0x9000bae4                _malloc_trim_r
 .text._free_r  0x9000bb84      0x20c e:/program files (x86)/gnu arm embedded toolchain/10 2021.10/bin/../lib/gcc/arm-none-eabi/10.3.1/../../../../arm-none-eabi/lib/thumb/v7e-m+fp/hard\libg.a(lib_a-freer.o)
                0x9000bb84                _free_r
 .text.__sfvwrite_r
                0x9000bd90      0x2f0 e:/program files (x86)/gnu arm embedded toolchain/10 2021.10/bin/../lib/gcc/arm-none-eabi/10.3.1/../../../../arm-none-eabi/lib/thumb/v7e-m+fp/hard\libg.a(lib_a-fvwrite.o)
                0x9000bd90                __sfvwrite_r
 .text._fwalk_reent
                0x9000c080       0x48 e:/program files (x86)/gnu arm embedded toolchain/10 2021.10/bin/../lib/gcc/arm-none-eabi/10.3.1/../../../../arm-none-eabi/lib/thumb/v7e-m+fp/hard\libg.a(lib_a-fwalk.o)
                0x9000c080                _fwalk_reent
 .text.__locale_mb_cur_max
                0x9000c0c8        0xc e:/program files (x86)/gnu arm embedded toolchain/10 2021.10/bin/../lib/gcc/arm-none-eabi/10.3.1/../../../../arm-none-eabi/lib/thumb/v7e-m+fp/hard\libg.a(lib_a-locale.o)
                0x9000c0c8                __locale_mb_cur_max
 .text._localeconv_r
                0x9000c0d4        0x8 e:/program files (x86)/gnu arm embedded toolchain/10 2021.10/bin/../lib/gcc/arm-none-eabi/10.3.1/../../../../arm-none-eabi/lib/thumb/v7e-m+fp/hard\libg.a(lib_a-localeconv.o)
                0x9000c0d4                _localeconv_r
 .text.__retarget_lock_init_recursive
                0x9000c0dc        0x4 e:/program files (x86)/gnu arm embedded toolchain/10 2021.10/bin/../lib/gcc/arm-none-eabi/10.3.1/../../../../arm-none-eabi/lib/thumb/v7e-m+fp/hard\libg.a(lib_a-lock.o)
                0x9000c0dc                __retarget_lock_init_recursive
 .text.__retarget_lock_close_recursive
                0x9000c0e0        0x4 e:/program files (x86)/gnu arm embedded toolchain/10 2021.10/bin/../lib/gcc/arm-none-eabi/10.3.1/../../../../arm-none-eabi/lib/thumb/v7e-m+fp/hard\libg.a(lib_a-lock.o)
                0x9000c0e0                __retarget_lock_close_recursive
 .text.__retarget_lock_acquire_recursive
                0x9000c0e4        0x4 e:/program files (x86)/gnu arm embedded toolchain/10 2021.10/bin/../lib/gcc/arm-none-eabi/10.3.1/../../../../arm-none-eabi/lib/thumb/v7e-m+fp/hard\libg.a(lib_a-lock.o)
                0x9000c0e4                __retarget_lock_acquire_recursive
 .text.__retarget_lock_release_recursive
                0x9000c0e8        0x4 e:/program files (x86)/gnu arm embedded toolchain/10 2021.10/bin/../lib/gcc/arm-none-eabi/10.3.1/../../../../arm-none-eabi/lib/thumb/v7e-m+fp/hard\libg.a(lib_a-lock.o)
                0x9000c0e8                __retarget_lock_release_recursive
 .text.__smakebuf_r
                0x9000c0ec       0xe0 e:/program files (x86)/gnu arm embedded toolchain/10 2021.10/bin/../lib/gcc/arm-none-eabi/10.3.1/../../../../arm-none-eabi/lib/thumb/v7e-m+fp/hard\libg.a(lib_a-makebuf.o)
                0x9000c0ec                __smakebuf_r
 .text._malloc_r
                0x9000c1cc      0x560 e:/program files (x86)/gnu arm embedded toolchain/10 2021.10/bin/../lib/gcc/arm-none-eabi/10.3.1/../../../../arm-none-eabi/lib/thumb/v7e-m+fp/hard\libg.a(lib_a-mallocr.o)
                0x9000c1cc                _malloc_r
 .text.__ascii_mbtowc
                0x9000c72c       0x2c e:/program files (x86)/gnu arm embedded toolchain/10 2021.10/bin/../lib/gcc/arm-none-eabi/10.3.1/../../../../arm-none-eabi/lib/thumb/v7e-m+fp/hard\libg.a(lib_a-mbtowc_r.o)
                0x9000c72c                __ascii_mbtowc
 .text.memmove  0x9000c758       0xf8 e:/program files (x86)/gnu arm embedded toolchain/10 2021.10/bin/../lib/gcc/arm-none-eabi/10.3.1/../../../../arm-none-eabi/lib/thumb/v7e-m+fp/hard\libg.a(lib_a-memmove.o)
                0x9000c758                memmove
 .text.__malloc_lock
                0x9000c850        0xc e:/program files (x86)/gnu arm embedded toolchain/10 2021.10/bin/../lib/gcc/arm-none-eabi/10.3.1/../../../../arm-none-eabi/lib/thumb/v7e-m+fp/hard\libg.a(lib_a-mlock.o)
                0x9000c850                __malloc_lock
 .text.__malloc_unlock
                0x9000c85c        0xc e:/program files (x86)/gnu arm embedded toolchain/10 2021.10/bin/../lib/gcc/arm-none-eabi/10.3.1/../../../../arm-none-eabi/lib/thumb/v7e-m+fp/hard\libg.a(lib_a-mlock.o)
                0x9000c85c                __malloc_unlock
 .text._realloc_r
                0x9000c868      0x3d8 e:/program files (x86)/gnu arm embedded toolchain/10 2021.10/bin/../lib/gcc/arm-none-eabi/10.3.1/../../../../arm-none-eabi/lib/thumb/v7e-m+fp/hard\libg.a(lib_a-reallocr.o)
                0x9000c868                _realloc_r
 .text._sbrk_r  0x9000cc40       0x24 e:/program files (x86)/gnu arm embedded toolchain/10 2021.10/bin/../lib/gcc/arm-none-eabi/10.3.1/../../../../arm-none-eabi/lib/thumb/v7e-m+fp/hard\libg.a(lib_a-sbrkr.o)
                0x9000cc40                _sbrk_r
 .text.raise    0x9000cc64       0x5c e:/program files (x86)/gnu arm embedded toolchain/10 2021.10/bin/../lib/gcc/arm-none-eabi/10.3.1/../../../../arm-none-eabi/lib/thumb/v7e-m+fp/hard\libg.a(lib_a-signal.o)
                0x9000cc64                raise